T3AE8 7298:156.205   SEGGER J-Link V7.52a Log File
T3AE8 7298:156.375   DLL Compiled: Jul 28 2021 11:08:12
T3AE8 7298:156.390   Logging started @ 2026-03-10 07:24
T3AE8 7298:156.403 - 3684.365ms
T3AE8 7298:156.874 JLINK_EMU_SelectByUSBSN(SerialNo = 801051071)
T3AE8 7298:157.630 - 0.790ms returns 0xFFFFFFFF
T3AE8 7298:157.676 JLINK_OpenEx(...)
T3AE8 7298:158.513   Looking for J-Link GUI Server exe at: C:\Program Files (x86)\Atmel\Studio\7.0\atbackend\JLinkGUIServer.exe
T3AE8 7298:158.580   Looking for J-Link GUI Server exe at: C:\Program Files\SEGGER\JLink_V912\JLinkGUIServer.exe
T3AE8 7298:158.614   Forking J-Link GUI Server: C:\Program Files\SEGGER\JLink_V912\JLinkGUIServer.exe
T3AE8 7298:161.160   J-Link GUI Server info: "J-Link GUI server V9.12 "
T3AE8 7300:097.807 - 1940.148ms returns "Failed to open DLL"
T33C0 7300:097.858 JLINK_EMU_GetList(InterfaceMask = 0x00000001, MaxInfos = 0x00000032) 
T33C0 7300:098.494 - 0.646ms returns 0
T3AE8 7300:098.520 JLINK_ExecCommand("ProjectFile = C:\Users\chend\Documents\Atmel Studio\7.0\EE326_Firmware\EE326\jlink.config", ...). 
T3AE8 7300:098.857 - 0.343ms returns 0x00
T33C0 7300:098.913 JLINK_EMU_GetList(InterfaceMask = 0x00000002, MaxInfos = 0x00000032) 
T33C0 7300:123.297 - 24.424ms returns 0
T3AE8 7300:123.487 JLINK_SetLogFile(...)
T3AE8 7300:123.508 - 0.022ms
T33C0 7301:144.580 JLINK_EMU_GetList(InterfaceMask = 0x00000001, MaxInfos = 0x00000032) 
T33C0 7301:145.027 - 0.456ms returns 0
T33C0 7301:145.043 JLINK_EMU_GetList(InterfaceMask = 0x00000002, MaxInfos = 0x00000032) 
T33C0 7301:167.837 - 22.821ms returns 0
T33C0 7302:187.513 JLINK_EMU_GetList(InterfaceMask = 0x00000001, MaxInfos = 0x00000032) 
T33C0 7302:187.868 - 0.361ms returns 0
T33C0 7302:187.878 JLINK_EMU_GetList(InterfaceMask = 0x00000002, MaxInfos = 0x00000032) 
T33C0 7302:210.301 - 22.443ms returns 0
T33C0 7303:232.511 JLINK_EMU_GetList(InterfaceMask = 0x00000001, MaxInfos = 0x00000032) 
T33C0 7303:232.900 - 0.394ms returns 0
T33C0 7303:232.911 JLINK_EMU_GetList(InterfaceMask = 0x00000002, MaxInfos = 0x00000032) 
T33C0 7303:254.826 - 21.937ms returns 0
T33C0 7304:277.448 JLINK_EMU_GetList(InterfaceMask = 0x00000001, MaxInfos = 0x00000032) 
T33C0 7304:277.893 - 0.459ms returns 0
T33C0 7304:277.912 JLINK_EMU_GetList(InterfaceMask = 0x00000002, MaxInfos = 0x00000032) 
T33C0 7304:300.354 - 22.464ms returns 0
T33C0 7305:319.045 JLINK_EMU_GetList(InterfaceMask = 0x00000001, MaxInfos = 0x00000032) 
T33C0 7305:319.391 - 0.350ms returns 0
T33C0 7305:319.400 JLINK_EMU_GetList(InterfaceMask = 0x00000002, MaxInfos = 0x00000032) 
T33C0 7305:341.706 - 22.330ms returns 0
T33C0 7306:361.761 JLINK_EMU_GetList(InterfaceMask = 0x00000001, MaxInfos = 0x00000032) 
T33C0 7306:362.211 - 0.464ms returns 0
T33C0 7306:362.231 JLINK_EMU_GetList(InterfaceMask = 0x00000002, MaxInfos = 0x00000032) 
T33C0 7306:384.625 - 22.412ms returns 0
T33C0 7307:405.871 JLINK_EMU_GetList(InterfaceMask = 0x00000001, MaxInfos = 0x00000032) 
T33C0 7307:406.193 - 0.326ms returns 0
T33C0 7307:406.201 JLINK_EMU_GetList(InterfaceMask = 0x00000002, MaxInfos = 0x00000032) 
T33C0 7307:429.177 - 22.999ms returns 0
T33C0 7308:451.378 JLINK_EMU_GetList(InterfaceMask = 0x00000001, MaxInfos = 0x00000032) 
T33C0 7308:451.699 - 0.327ms returns 0
T33C0 7308:451.709 JLINK_EMU_GetList(InterfaceMask = 0x00000002, MaxInfos = 0x00000032) 
T33C0 7308:474.013 - 22.320ms returns 0
T33C0 7309:493.334 JLINK_EMU_GetList(InterfaceMask = 0x00000001, MaxInfos = 0x00000032) 
T33C0 7309:493.660 - 0.330ms returns 0
T33C0 7309:493.668 JLINK_EMU_GetList(InterfaceMask = 0x00000002, MaxInfos = 0x00000032) 
T33C0 7309:516.294 - 22.661ms returns 0
T33C0 7310:535.439 JLINK_EMU_GetList(InterfaceMask = 0x00000001, MaxInfos = 0x00000032) 
T33C0 7310:535.808 - 0.373ms returns 0
T33C0 7310:535.817 JLINK_EMU_GetList(InterfaceMask = 0x00000002, MaxInfos = 0x00000032) 
T33C0 7310:558.638 - 22.863ms returns 0
T33C0 7311:578.097 JLINK_EMU_GetList(InterfaceMask = 0x00000001, MaxInfos = 0x00000032) 
T33C0 7311:578.509 - 0.422ms returns 0
T33C0 7311:578.526 JLINK_EMU_GetList(InterfaceMask = 0x00000002, MaxInfos = 0x00000032) 
T33C0 7311:601.613 - 23.112ms returns 0
T33C0 7312:618.888 JLINK_EMU_GetList(InterfaceMask = 0x00000001, MaxInfos = 0x00000032) 
T33C0 7312:619.261 - 0.377ms returns 0
T33C0 7312:619.270 JLINK_EMU_GetList(InterfaceMask = 0x00000002, MaxInfos = 0x00000032) 
T33C0 7312:641.719 - 22.481ms returns 0
T33C0 7313:663.009 JLINK_EMU_GetList(InterfaceMask = 0x00000001, MaxInfos = 0x00000032) 
T33C0 7313:663.353 - 0.349ms returns 0
T33C0 7313:663.363 JLINK_EMU_GetList(InterfaceMask = 0x00000002, MaxInfos = 0x00000032) 
T33C0 7313:687.087 - 23.749ms returns 0
T33C0 7314:706.470 JLINK_EMU_GetList(InterfaceMask = 0x00000001, MaxInfos = 0x00000032) 
T33C0 7314:706.787 - 0.322ms returns 0
T33C0 7314:706.796 JLINK_EMU_GetList(InterfaceMask = 0x00000002, MaxInfos = 0x00000032) 
T33C0 7314:728.409 - 21.654ms returns 0
T33C0 7315:748.188 JLINK_EMU_GetList(InterfaceMask = 0x00000001, MaxInfos = 0x00000032) 
T33C0 7315:748.627 - 0.444ms returns 0
T33C0 7315:748.637 JLINK_EMU_GetList(InterfaceMask = 0x00000002, MaxInfos = 0x00000032) 
T33C0 7315:771.735 - 23.112ms returns 0
T33C0 7316:792.249 JLINK_EMU_GetList(InterfaceMask = 0x00000001, MaxInfos = 0x00000032) 
T33C0 7316:792.621 - 0.378ms returns 0
T33C0 7316:792.632 JLINK_EMU_GetList(InterfaceMask = 0x00000002, MaxInfos = 0x00000032) 
T33C0 7316:815.056 - 22.460ms returns 0
T33C0 7317:839.053 JLINK_EMU_GetList(InterfaceMask = 0x00000001, MaxInfos = 0x00000032) 
T33C0 7317:839.514 - 0.466ms returns 0
T33C0 7317:839.524 JLINK_EMU_GetList(InterfaceMask = 0x00000002, MaxInfos = 0x00000032) 
T33C0 7317:861.363 - 21.856ms returns 0
T33C0 7318:888.791 JLINK_EMU_GetList(InterfaceMask = 0x00000001, MaxInfos = 0x00000032) 
T33C0 7318:889.243 - 0.457ms returns 0
T33C0 7318:889.254 JLINK_EMU_GetList(InterfaceMask = 0x00000002, MaxInfos = 0x00000032) 
T33C0 7318:912.070 - 22.868ms returns 0
T33C0 7319:940.105 JLINK_EMU_GetList(InterfaceMask = 0x00000001, MaxInfos = 0x00000032) 
T33C0 7319:940.619 - 0.519ms returns 0
T33C0 7319:940.631 JLINK_EMU_GetList(InterfaceMask = 0x00000002, MaxInfos = 0x00000032) 
T33C0 7319:963.883 - 23.281ms returns 0
T33C0 7321:000.920 JLINK_EMU_GetList(InterfaceMask = 0x00000001, MaxInfos = 0x00000032) 
T33C0 7321:001.258 - 0.343ms returns 0
T33C0 7321:001.268 JLINK_EMU_GetList(InterfaceMask = 0x00000002, MaxInfos = 0x00000032) 
T33C0 7321:023.892 - 22.645ms returns 0
T33C0 7322:042.739 JLINK_EMU_GetList(InterfaceMask = 0x00000001, MaxInfos = 0x00000032) 
T33C0 7322:043.071 - 0.337ms returns 0
T33C0 7322:043.081 JLINK_EMU_GetList(InterfaceMask = 0x00000002, MaxInfos = 0x00000032) 
T33C0 7322:066.168 - 23.105ms returns 0
T33C0 7323:092.898 JLINK_EMU_GetList(InterfaceMask = 0x00000001, MaxInfos = 0x00000032) 
T33C0 7323:093.229 - 0.336ms returns 0
T33C0 7323:093.239 JLINK_EMU_GetList(InterfaceMask = 0x00000002, MaxInfos = 0x00000032) 
T33C0 7323:115.693 - 22.496ms returns 0
T33C0 7324:141.814 JLINK_EMU_GetList(InterfaceMask = 0x00000001, MaxInfos = 0x00000032) 
T33C0 7324:142.141 - 0.332ms returns 0
T33C0 7324:142.152 JLINK_EMU_GetList(InterfaceMask = 0x00000002, MaxInfos = 0x00000032) 
T33C0 7324:164.447 - 22.328ms returns 0
T33C0 7325:187.851 JLINK_EMU_GetList(InterfaceMask = 0x00000001, MaxInfos = 0x00000032) 
T33C0 7325:188.209 - 0.363ms returns 0
T33C0 7325:188.219 JLINK_EMU_GetList(InterfaceMask = 0x00000002, MaxInfos = 0x00000032) 
T33C0 7325:211.306 - 23.128ms returns 0
T33C0 7326:228.399 JLINK_EMU_GetList(InterfaceMask = 0x00000001, MaxInfos = 0x00000032) 
T33C0 7326:228.736 - 0.341ms returns 0
T33C0 7326:228.745 JLINK_EMU_GetList(InterfaceMask = 0x00000002, MaxInfos = 0x00000032) 
T33C0 7326:251.231 - 22.655ms returns 0
T33C0 7327:268.467 JLINK_EMU_GetList(InterfaceMask = 0x00000001, MaxInfos = 0x00000032) 
T33C0 7327:268.855 - 0.392ms returns 0
T33C0 7327:268.865 JLINK_EMU_GetList(InterfaceMask = 0x00000002, MaxInfos = 0x00000032) 
T33C0 7327:291.567 - 22.719ms returns 0
T33C0 7328:307.919 JLINK_EMU_GetList(InterfaceMask = 0x00000001, MaxInfos = 0x00000032) 
T33C0 7328:308.366 - 0.455ms returns 0
T33C0 7328:308.380 JLINK_EMU_GetList(InterfaceMask = 0x00000002, MaxInfos = 0x00000032) 
T33C0 7328:331.041 - 22.700ms returns 0
T33C0 7329:347.058 JLINK_EMU_GetList(InterfaceMask = 0x00000001, MaxInfos = 0x00000032) 
T33C0 7329:347.401 - 0.347ms returns 0
T33C0 7329:347.410 JLINK_EMU_GetList(InterfaceMask = 0x00000002, MaxInfos = 0x00000032) 
T33C0 7329:370.300 - 22.911ms returns 0
T33C0 7330:391.039 JLINK_EMU_GetList(InterfaceMask = 0x00000001, MaxInfos = 0x00000032) 
T33C0 7330:391.489 - 0.464ms returns 0
T33C0 7330:391.509 JLINK_EMU_GetList(InterfaceMask = 0x00000002, MaxInfos = 0x00000032) 
T33C0 7330:414.157 - 22.681ms returns 0
T33C0 7331:433.420 JLINK_EMU_GetList(InterfaceMask = 0x00000001, MaxInfos = 0x00000032) 
T33C0 7331:433.778 - 0.364ms returns 0
T33C0 7331:433.789 JLINK_EMU_GetList(InterfaceMask = 0x00000002, MaxInfos = 0x00000032) 
T33C0 7331:457.025 - 23.253ms returns 0
T33C0 7332:478.076 JLINK_EMU_GetList(InterfaceMask = 0x00000001, MaxInfos = 0x00000032) 
T33C0 7332:478.421 - 0.349ms returns 0
T33C0 7332:478.430 JLINK_EMU_GetList(InterfaceMask = 0x00000002, MaxInfos = 0x00000032) 
T33C0 7332:501.745 - 23.338ms returns 0
T33C0 7333:521.438 JLINK_EMU_GetList(InterfaceMask = 0x00000001, MaxInfos = 0x00000032) 
T33C0 7333:521.790 - 0.358ms returns 0
T33C0 7333:521.800 JLINK_EMU_GetList(InterfaceMask = 0x00000002, MaxInfos = 0x00000032) 
T33C0 7333:544.961 - 23.184ms returns 0
T33C0 7334:561.779 JLINK_EMU_GetList(InterfaceMask = 0x00000001, MaxInfos = 0x00000032) 
T33C0 7334:562.105 - 0.330ms returns 0
T33C0 7334:562.113 JLINK_EMU_GetList(InterfaceMask = 0x00000002, MaxInfos = 0x00000032) 
T33C0 7334:584.714 - 22.623ms returns 0
T33C0 7335:605.942 JLINK_EMU_GetList(InterfaceMask = 0x00000001, MaxInfos = 0x00000032) 
T33C0 7335:606.381 - 0.451ms returns 0
T33C0 7335:606.400 JLINK_EMU_GetList(InterfaceMask = 0x00000002, MaxInfos = 0x00000032) 
T33C0 7335:628.977 - 22.595ms returns 0
T33C0 7336:649.326 JLINK_EMU_GetList(InterfaceMask = 0x00000001, MaxInfos = 0x00000032) 
T33C0 7336:649.702 - 0.382ms returns 0
T33C0 7336:649.714 JLINK_EMU_GetList(InterfaceMask = 0x00000002, MaxInfos = 0x00000032) 
T33C0 7336:672.525 - 22.828ms returns 0
T33C0 7337:691.456 JLINK_EMU_GetList(InterfaceMask = 0x00000001, MaxInfos = 0x00000032) 
T33C0 7337:691.813 - 0.362ms returns 0
T33C0 7337:691.822 JLINK_EMU_GetList(InterfaceMask = 0x00000002, MaxInfos = 0x00000032) 
T33C0 7337:715.098 - 23.295ms returns 0
T33C0 7338:731.008 JLINK_EMU_GetList(InterfaceMask = 0x00000001, MaxInfos = 0x00000032) 
T33C0 7338:731.369 - 0.365ms returns 0
T33C0 7338:731.378 JLINK_EMU_GetList(InterfaceMask = 0x00000002, MaxInfos = 0x00000032) 
T33C0 7338:754.029 - 22.672ms returns 0
T33C0 7339:771.482 JLINK_EMU_GetList(InterfaceMask = 0x00000001, MaxInfos = 0x00000032) 
T33C0 7339:771.827 - 0.349ms returns 0
T33C0 7339:771.836 JLINK_EMU_GetList(InterfaceMask = 0x00000002, MaxInfos = 0x00000032) 
T33C0 7339:794.528 - 22.711ms returns 0
T33C0 7340:811.364 JLINK_EMU_GetList(InterfaceMask = 0x00000001, MaxInfos = 0x00000032) 
T33C0 7340:811.760 - 0.402ms returns 0
T33C0 7340:811.771 JLINK_EMU_GetList(InterfaceMask = 0x00000002, MaxInfos = 0x00000032) 
T33C0 7340:834.527 - 22.780ms returns 0
T33C0 7341:851.650 JLINK_EMU_GetList(InterfaceMask = 0x00000001, MaxInfos = 0x00000032) 
T33C0 7341:851.994 - 0.349ms returns 0
T33C0 7341:852.004 JLINK_EMU_GetList(InterfaceMask = 0x00000002, MaxInfos = 0x00000032) 
T33C0 7341:874.637 - 22.657ms returns 0
T33C0 7342:896.705 JLINK_EMU_GetList(InterfaceMask = 0x00000001, MaxInfos = 0x00000032) 
T33C0 7342:897.130 - 0.432ms returns 0
T33C0 7342:897.143 JLINK_EMU_GetList(InterfaceMask = 0x00000002, MaxInfos = 0x00000032) 
T33C0 7342:920.127 - 23.005ms returns 0
T33C0 7343:941.491 JLINK_EMU_GetList(InterfaceMask = 0x00000001, MaxInfos = 0x00000032) 
T33C0 7343:941.844 - 0.359ms returns 0
T33C0 7343:941.854 JLINK_EMU_GetList(InterfaceMask = 0x00000002, MaxInfos = 0x00000032) 
T33C0 7343:964.726 - 22.888ms returns 0
T33C0 7344:991.043 JLINK_EMU_GetList(InterfaceMask = 0x00000001, MaxInfos = 0x00000032) 
T33C0 7344:991.391 - 0.352ms returns 0
T33C0 7344:991.400 JLINK_EMU_GetList(InterfaceMask = 0x00000002, MaxInfos = 0x00000032) 
T33C0 7345:014.504 - 23.125ms returns 0
T33C0 7346:040.822 JLINK_EMU_GetList(InterfaceMask = 0x00000001, MaxInfos = 0x00000032) 
T33C0 7346:041.372 - 0.558ms returns 0
T33C0 7346:041.387 JLINK_EMU_GetList(InterfaceMask = 0x00000002, MaxInfos = 0x00000032) 
T33C0 7346:065.018 - 23.654ms returns 0
T33C0 7347:115.232 JLINK_EMU_GetList(InterfaceMask = 0x00000001, MaxInfos = 0x00000032) 
T33C0 7347:115.689 - 0.463ms returns 0
T33C0 7347:115.701 JLINK_EMU_GetList(InterfaceMask = 0x00000002, MaxInfos = 0x00000032) 
T33C0 7347:138.485 - 22.811ms returns 0
T33C0 7348:184.191 JLINK_EMU_GetList(InterfaceMask = 0x00000001, MaxInfos = 0x00000032) 
T33C0 7348:184.565 - 0.379ms returns 0
T33C0 7348:184.575 JLINK_EMU_GetList(InterfaceMask = 0x00000002, MaxInfos = 0x00000032) 
T33C0 7348:207.611 - 23.058ms returns 0
T33C0 7349:259.029 JLINK_EMU_GetList(InterfaceMask = 0x00000001, MaxInfos = 0x00000032) 
T33C0 7349:259.394 - 0.369ms returns 0
T33C0 7349:259.403 JLINK_EMU_GetList(InterfaceMask = 0x00000002, MaxInfos = 0x00000032) 
T33C0 7349:281.706 - 22.341ms returns 0
T33C0 7350:335.172 JLINK_EMU_GetList(InterfaceMask = 0x00000001, MaxInfos = 0x00000032) 
T33C0 7350:335.661 - 0.494ms returns 0
T33C0 7350:335.673 JLINK_EMU_GetList(InterfaceMask = 0x00000002, MaxInfos = 0x00000032) 
T33C0 7350:358.706 - 23.063ms returns 0
T33C0 7351:488.113 JLINK_EMU_GetList(InterfaceMask = 0x00000001, MaxInfos = 0x00000032) 
T33C0 7351:488.961 - 0.863ms returns 0
T33C0 7351:488.987 JLINK_EMU_GetList(InterfaceMask = 0x00000002, MaxInfos = 0x00000032) 
T33C0 7351:513.397 - 24.441ms returns 0
T33C0 7352:566.611 JLINK_EMU_GetList(InterfaceMask = 0x00000001, MaxInfos = 0x00000032) 
T33C0 7352:567.047 - 0.440ms returns 0
T33C0 7352:567.058 JLINK_EMU_GetList(InterfaceMask = 0x00000002, MaxInfos = 0x00000032) 
T33C0 7352:590.105 - 23.064ms returns 0
T33C0 7353:646.514 JLINK_EMU_GetList(InterfaceMask = 0x00000001, MaxInfos = 0x00000032) 
T33C0 7353:647.213 - 0.711ms returns 0
T33C0 7353:647.233 JLINK_EMU_GetList(InterfaceMask = 0x00000002, MaxInfos = 0x00000032) 
T33C0 7353:670.753 - 23.569ms returns 0
