T3AE8 6884:019.080   SEGGER J-Link V7.52a Log File
T3AE8 6884:019.133   DLL Compiled: Jul 28 2021 11:08:12
T3AE8 6884:019.148   Logging started @ 2026-03-10 07:17
T3AE8 6884:019.160 - 3125.354ms
T3AE8 6884:021.522 JLINK_ExecCommand("Device = AT91SAM4S8B", ...). 
T3AE8 6884:021.817   Device "ATSAM4S8B" selected.
T3AE8 6884:022.080 - 0.540ms returns 0x00
T3AE8 6884:204.259 JLINK_TIF_Select(JLINKARM_TIF_SWD)
T3AE8 6884:204.754 - 0.510ms returns 0x00
T3AE8 6884:204.779 JLINK_SetSpeed(4000)
T3AE8 6884:204.835 - 0.062ms
T3AE8 6884:204.850 JLINK_ResetPullsRESET(OFF)
T3AE8 6884:204.864 - 0.019ms
T3AE8 6884:204.877 JLINK_Connect()
T3AE8 6884:205.787   Found SW-DP with ID 0x2BA01477
T3AE8 6884:208.287   DPIDR: 0x2BA01477
T3AE8 6884:208.497   Scanning AP map to find all available APs
T3AE8 6884:208.997   AP[1]: Stopped AP scan as end of AP map has been reached
T3AE8 6884:209.022   AP[0]: AHB-AP (IDR: 0x24770011)
T3AE8 6884:209.033   Iterating through AP map to find AHB-AP to use
T3AE8 6884:210.501   AP[0]: Core found
T3AE8 6884:210.534   AP[0]: AHB-AP ROM base: 0xE00FF000
T3AE8 6884:211.091   CPUID register: 0x410FC241. Implementer code: 0x41 (ARM)
T3AE8 6884:211.105   Found Cortex-M4 r0p1, Little endian.
T3AE8 6884:311.783   -- Max. mem block: 0x00002B50
T3AE8 6884:311.881   CPU_ReadMem(4 bytes @ 0xE000EDF0)
T3AE8 6884:312.245   CPU_WriteMem(4 bytes @ 0xE000EDF0)
T3AE8 6884:312.548   CPU_ReadMem(4 bytes @ 0xE0002000)
T3AE8 6884:312.869   FPUnit: 6 code (BP) slots and 2 literal slots
T3AE8 6884:312.877   CPU_ReadMem(4 bytes @ 0xE000EDFC)
T3AE8 6884:314.676   CPU_WriteMem(4 bytes @ 0xE000EDFC)
T3AE8 6884:314.984   CPU_ReadMem(4 bytes @ 0xE0001000)
T3AE8 6884:315.299   CPU_WriteMem(4 bytes @ 0xE0001000)
T3AE8 6884:315.673   CPU_ReadMem(4 bytes @ 0xE000ED88)
T3AE8 6884:316.005   CPU_WriteMem(4 bytes @ 0xE000ED88)
T3AE8 6884:316.367   CPU_ReadMem(4 bytes @ 0xE000ED88)
T3AE8 6884:316.658   CPU_WriteMem(4 bytes @ 0xE000ED88)
T3AE8 6884:316.999   CoreSight components:
T3AE8 6884:317.013   ROMTbl[0] @ E00FF000
T3AE8 6884:317.021   CPU_ReadMem(64 bytes @ 0xE00FF000)
T3AE8 6884:317.925   CPU_ReadMem(32 bytes @ 0xE000EFE0)
T3AE8 6884:318.481   ROMTbl[0][0]: E000E000, CID: B105E00D, PID: 000BB000 SCS
T3AE8 6884:318.491   CPU_ReadMem(32 bytes @ 0xE0001FE0)
T3AE8 6884:319.005   ROMTbl[0][1]: E0001000, CID: B105E00D, PID: 003BB002 DWT
T3AE8 6884:319.052   CPU_ReadMem(32 bytes @ 0xE0002FE0)
T3AE8 6884:320.210   ROMTbl[0][2]: E0002000, CID: B105E00D, PID: 002BB003 FPB
T3AE8 6884:320.220   CPU_ReadMem(32 bytes @ 0xE0000FE0)
T3AE8 6884:321.186   ROMTbl[0][3]: E0000000, CID: B105E00D, PID: 003BB001 ITM
T3AE8 6884:321.628   CPU_ReadMem(32 bytes @ 0xE0040FE0)
T3AE8 6884:322.112   ROMTbl[0][4]: E0040000, CID: B105900D, PID: 000BB9A1 TPIU
T3AE8 6884:322.125 - 117.250ms returns 0x00
T3AE8 6884:322.492 JLINK_Halt()
T3AE8 6884:325.465 - 2.989ms returns 0x00
T3AE8 6884:325.657 JLINK_BeginDownload(Flags = 0x00000000)
T3AE8 6884:325.664 - 0.009ms
T3AE8 6884:325.700 JLINK_WriteMem(0x400E0A04, 0x4 Bytes, ...)
T3AE8 6884:325.706   Data:  0B 01 00 5A
T3AE8 6884:326.041   CPU_WriteMem(4 bytes @ 0x400E0A04)
T3AE8 6884:326.447 - 0.759ms returns 0x4
T3AE8 6884:326.495 JLINK_EndDownload()
T3AE8 6884:326.503 - 0.041ms returns 0 (0x0)
T3AE8 6884:326.541 JLINK_ReadMemHW(0x400E0A08, 0x0004 Bytes, ...)
T3AE8 6884:326.562   CPU_ReadMem(4 bytes @ 0x400E0A08)
T3AE8 6884:326.836   Data:  01 00 00 00
T3AE8 6884:326.846 - 0.307ms returns 0
T3AE8 6884:326.875 JLINK_SetResetType(JLINKARM_CM3_RESET_TYPE_NORMAL)
T3AE8 6884:326.881 - 0.007ms returns JLINKARM_CM3_RESET_TYPE_NORMAL
T3AE8 6884:326.889 JLINK_Reset()
T3AE8 6884:327.170   CPU_ReadMem(16 bytes @ 0x20000000)
T3AE8 6884:327.554   CPU_WriteMem(16 bytes @ 0x20000000)
T3AE8 6884:327.910   CPU_ReadMem(4 bytes @ 0xE000EDFC)
T3AE8 6884:328.177   CPU_WriteMem(4 bytes @ 0xE000EDFC)
T3AE8 6884:328.547   CPU_ReadMem(4 bytes @ 0xE0001000)
T3AE8 6884:343.652   CPU_WriteMem(4 bytes @ 0xE000EDFC)
T3AE8 6884:344.051   CPU_WriteMem(16 bytes @ 0x20000000)
T3AE8 6884:347.553   CPU_WriteMem(4 bytes @ 0xE0002000)
T3AE8 6884:347.915   CPU_ReadMem(4 bytes @ 0xE000EDFC)
T3AE8 6884:348.240   CPU_ReadMem(4 bytes @ 0xE0001000)
T3AE8 6884:348.573 - 21.689ms
T3AE8 6884:349.802 JLINK_JTAG_GetDeviceID(DeviceIndex = 0)
T3AE8 6884:349.813 - 0.013ms returns 0
T3AE8 6884:349.820 JLINK_ReadMemU32(0x400E0740, 0x1 Items)
T3AE8 6884:349.834   CPU_ReadMem(4 bytes @ 0x400E0740)
T3AE8 6884:350.140   Data:  E0 0A 9C 28
T3AE8 6884:350.151 - 0.334ms returns 1 (0x1)
T3AE8 6884:350.253 JLINK_ReadMemU32(0x400E0744, 0x1 Items)
T3AE8 6884:350.264   CPU_ReadMem(4 bytes @ 0x400E0744)
T3AE8 6884:350.572   Data:  00 00 00 00
T3AE8 6884:350.580 - 0.329ms returns 1 (0x1)
T3AE8 6884:350.732 JLINK_BeginDownload(Flags = 0x00000000)
T3AE8 6884:350.741 - 0.011ms
T3AE8 6884:350.774 JLINK_WriteMem(0x400E0A04, 0x4 Bytes, ...)
T3AE8 6884:350.780   Data:  05 00 00 5A
T3AE8 6884:350.792   CPU_WriteMem(4 bytes @ 0x400E0A04)
T3AE8 6884:351.140 - 0.377ms returns 0x4
T3AE8 6884:351.179 JLINK_EndDownload()
T3AE8 6884:351.185 - 0.008ms returns 0 (0x0)
T3AE8 6884:351.190 JLINK_ReadMemHW(0x400E0A08, 0x0004 Bytes, ...)
T3AE8 6884:351.210   CPU_ReadMem(4 bytes @ 0x400E0A08)
T3AE8 6884:351.515   Data:  00 00 00 00
T3AE8 6884:351.532 - 0.344ms returns 0
T3AE8 6884:353.515 JLINK_ReadMemHW(0x400E0A08, 0x0004 Bytes, ...)
T3AE8 6884:353.579   CPU_ReadMem(4 bytes @ 0x400E0A08)
T3AE8 6884:353.866   Data:  00 00 00 00
T3AE8 6884:353.877 - 0.364ms returns 0
T3AE8 6884:357.679 JLINK_ReadMemHW(0x400E0A08, 0x0004 Bytes, ...)
T3AE8 6884:357.704   CPU_ReadMem(4 bytes @ 0x400E0A08)
T3AE8 6884:358.160   Data:  00 00 00 00
T3AE8 6884:358.176 - 0.499ms returns 0
T404C 6884:360.627 JLINK_IsHalted()
T404C 6884:360.649 - 0.025ms returns TRUE
T404C 6884:360.657 JLINK_GetMOEs(...)
T404C 6884:360.669   CPU_ReadMem(4 bytes @ 0xE000ED30)
T404C 6884:361.043 - 0.397ms returns 0x01
T404C 6884:361.061 JLINK_ReadReg(R15 (PC))
T404C 6884:361.069 - 0.009ms returns 0x00402448
T3AE8 6884:377.099 JLINK_ReadMemHW(0x400E0A08, 0x0004 Bytes, ...)
T3AE8 6884:377.142   CPU_ReadMem(4 bytes @ 0x400E0A08)
T3AE8 6884:377.435   Data:  00 00 00 00
T3AE8 6884:377.445 - 0.348ms returns 0
T3AE8 6884:441.307 JLINK_ReadMemHW(0x400E0A08, 0x0004 Bytes, ...)
T3AE8 6884:441.349   CPU_ReadMem(4 bytes @ 0x400E0A08)
T3AE8 6884:441.766   Data:  00 00 00 00
T3AE8 6884:441.788 - 0.484ms returns 0
T404C 6884:568.205 JLINK_IsHalted()
T404C 6884:568.234 - 0.031ms returns TRUE
T3AE8 6884:701.140 JLINK_ReadMemHW(0x400E0A08, 0x0004 Bytes, ...)
T3AE8 6884:701.176   CPU_ReadMem(4 bytes @ 0x400E0A08)
T3AE8 6884:701.574   Data:  00 00 00 00
T3AE8 6884:701.589 - 0.450ms returns 0
T404C 6884:772.342 JLINK_IsHalted()
T404C 6884:772.369 - 0.029ms returns TRUE
T404C 6884:974.398 JLINK_IsHalted()
T404C 6884:974.759 - 0.375ms returns TRUE
T404C 6885:177.963 JLINK_IsHalted()
T404C 6885:177.996 - 0.036ms returns TRUE
T404C 6885:378.589 JLINK_IsHalted()
T404C 6885:378.617 - 0.029ms returns TRUE
T404C 6885:581.354 JLINK_IsHalted()
T404C 6885:581.878 - 0.533ms returns TRUE
T3AE8 6885:703.908 JLINK_ReadMemHW(0x400E0A08, 0x0004 Bytes, ...)
T3AE8 6885:703.941   CPU_ReadMem(4 bytes @ 0x400E0A08)
T3AE8 6885:704.373   Data:  00 00 00 00
T3AE8 6885:704.387 - 0.481ms returns 0
T3AE8 6885:705.319 JLINK_ReadMemHW(0x400E0A08, 0x0004 Bytes, ...)
T3AE8 6885:705.326   CPU_ReadMem(4 bytes @ 0x400E0A08)
T3AE8 6885:705.701   Data:  00 00 00 00
T3AE8 6885:705.714 - 0.397ms returns 0
T3AE8 6885:708.035 JLINK_ReadMemHW(0x400E0A08, 0x0004 Bytes, ...)
T3AE8 6885:708.059   CPU_ReadMem(4 bytes @ 0x400E0A08)
T3AE8 6885:708.374   Data:  00 00 00 00
T3AE8 6885:708.387 - 0.354ms returns 0
T3AE8 6885:714.011 JLINK_ReadMemHW(0x400E0A08, 0x0004 Bytes, ...)
T3AE8 6885:714.034   CPU_ReadMem(4 bytes @ 0x400E0A08)
T3AE8 6885:714.402   Data:  00 00 00 00
T3AE8 6885:714.416 - 0.407ms returns 0
T3AE8 6885:731.322 JLINK_ReadMemHW(0x400E0A08, 0x0004 Bytes, ...)
T3AE8 6885:731.347   CPU_ReadMem(4 bytes @ 0x400E0A08)
T3AE8 6885:731.821   Data:  00 00 00 00
T3AE8 6885:731.858 - 0.539ms returns 0
T404C 6885:783.100 JLINK_IsHalted()
T404C 6885:783.133 - 0.035ms returns TRUE
T3AE8 6885:796.529 JLINK_ReadMemHW(0x400E0A08, 0x0004 Bytes, ...)
T3AE8 6885:796.562   CPU_ReadMem(4 bytes @ 0x400E0A08)
T3AE8 6885:797.065   Data:  00 00 00 00
T3AE8 6885:797.080 - 0.552ms returns 0
T404C 6885:983.920 JLINK_IsHalted()
T404C 6885:983.937 - 0.019ms returns TRUE
T3AE8 6886:054.370 JLINK_ReadMemHW(0x400E0A08, 0x0004 Bytes, ...)
T3AE8 6886:054.403   CPU_ReadMem(4 bytes @ 0x400E0A08)
T3AE8 6886:054.716   Data:  00 00 00 00
T3AE8 6886:054.730 - 0.362ms returns 0
T404C 6886:190.986 JLINK_IsHalted()
T404C 6886:191.515 - 0.539ms returns TRUE
T404C 6886:392.481 JLINK_IsHalted()
T404C 6886:392.508 - 0.029ms returns TRUE
T404C 6886:596.420 JLINK_IsHalted()
T404C 6886:596.447 - 0.029ms returns TRUE
T404C 6886:797.520 JLINK_IsHalted()
T404C 6886:797.947 - 0.436ms returns TRUE
T404C 6886:999.053 JLINK_IsHalted()
T404C 6886:999.082 - 0.031ms returns TRUE
T3AE8 6887:054.888 JLINK_ReadMemHW(0x400E0A08, 0x0004 Bytes, ...)
T3AE8 6887:054.922   CPU_ReadMem(4 bytes @ 0x400E0A08)
T3AE8 6887:055.358   Data:  00 00 00 00
T3AE8 6887:055.373 - 0.486ms returns 0
T3AE8 6887:056.318 JLINK_ReadMemHW(0x400E0A08, 0x0004 Bytes, ...)
T3AE8 6887:056.326   CPU_ReadMem(4 bytes @ 0x400E0A08)
T3AE8 6887:056.712   Data:  00 00 00 00
T3AE8 6887:056.726 - 0.410ms returns 0
T3AE8 6887:060.595 JLINK_ReadMemHW(0x400E0A08, 0x0004 Bytes, ...)
T3AE8 6887:060.612   CPU_ReadMem(4 bytes @ 0x400E0A08)
T3AE8 6887:061.035   Data:  00 00 00 00
T3AE8 6887:061.081 - 0.487ms returns 0
T3AE8 6887:065.608 JLINK_ReadMemHW(0x400E0A08, 0x0004 Bytes, ...)
T3AE8 6887:065.624   CPU_ReadMem(4 bytes @ 0x400E0A08)
T3AE8 6887:065.996   Data:  00 00 00 00
T3AE8 6887:066.009 - 0.403ms returns 0
T3AE8 6887:085.992 JLINK_ReadMemHW(0x400E0A08, 0x0004 Bytes, ...)
T3AE8 6887:086.012   CPU_ReadMem(4 bytes @ 0x400E0A08)
T3AE8 6887:086.386   Data:  00 00 00 00
T3AE8 6887:086.400 - 0.409ms returns 0
T3AE8 6887:154.363 JLINK_ReadMemHW(0x400E0A08, 0x0004 Bytes, ...)
T3AE8 6887:154.395   CPU_ReadMem(4 bytes @ 0x400E0A08)
T3AE8 6887:154.805   Data:  00 00 00 00
T3AE8 6887:154.819 - 0.458ms returns 0
T404C 6887:199.349 JLINK_IsHalted()
T404C 6887:199.378 - 0.031ms returns TRUE
T404C 6887:402.874 JLINK_IsHalted()
T404C 6887:403.266 - 0.404ms returns TRUE
T3AE8 6887:413.757 JLINK_ReadMemHW(0x400E0A08, 0x0004 Bytes, ...)
T3AE8 6887:413.796   CPU_ReadMem(4 bytes @ 0x400E0A08)
T3AE8 6887:414.104   Data:  00 00 00 00
T3AE8 6887:414.117 - 0.362ms returns 0
T404C 6887:603.244 JLINK_IsHalted()
T404C 6887:603.279 - 0.037ms returns TRUE
T404C 6887:804.265 JLINK_IsHalted()
T404C 6887:804.293 - 0.030ms returns TRUE
T404C 6888:005.238 JLINK_IsHalted()
T404C 6888:005.685 - 0.457ms returns TRUE
T404C 6888:208.999 JLINK_IsHalted()
T404C 6888:209.027 - 0.030ms returns TRUE
T404C 6888:410.619 JLINK_IsHalted()
T404C 6888:410.653 - 0.035ms returns TRUE
T3AE8 6888:414.795 JLINK_ReadMemHW(0x400E0A08, 0x0004 Bytes, ...)
T3AE8 6888:414.816   CPU_ReadMem(4 bytes @ 0x400E0A08)
T3AE8 6888:415.284   Data:  00 00 00 00
T3AE8 6888:415.297 - 0.503ms returns 0
T3AE8 6888:415.524 JLINK_ReadMemHW(0x400E0A08, 0x0004 Bytes, ...)
T3AE8 6888:415.532   CPU_ReadMem(4 bytes @ 0x400E0A08)
T3AE8 6888:415.809   Data:  00 00 00 00
T3AE8 6888:415.825 - 0.303ms returns 0
T3AE8 6888:419.281 JLINK_ReadMemHW(0x400E0A08, 0x0004 Bytes, ...)
T3AE8 6888:419.296   CPU_ReadMem(4 bytes @ 0x400E0A08)
T3AE8 6888:419.677   Data:  00 00 00 00
T3AE8 6888:419.691 - 0.412ms returns 0
T3AE8 6888:424.971 JLINK_ReadMemHW(0x400E0A08, 0x0004 Bytes, ...)
T3AE8 6888:424.986   CPU_ReadMem(4 bytes @ 0x400E0A08)
T3AE8 6888:425.359   Data:  00 00 00 00
T3AE8 6888:425.372 - 0.402ms returns 0
T3AE8 6888:446.248 JLINK_ReadMemHW(0x400E0A08, 0x0004 Bytes, ...)
T3AE8 6888:446.280   CPU_ReadMem(4 bytes @ 0x400E0A08)
T3AE8 6888:446.743   Data:  00 00 00 00
T3AE8 6888:446.758 - 0.512ms returns 0
T3AE8 6888:511.725 JLINK_ReadMemHW(0x400E0A08, 0x0004 Bytes, ...)
T3AE8 6888:511.760   CPU_ReadMem(4 bytes @ 0x400E0A08)
T3AE8 6888:512.275   Data:  00 00 00 00
T3AE8 6888:512.289 - 0.565ms returns 0
T404C 6888:612.636 JLINK_IsHalted()
T404C 6888:613.291 - 0.665ms returns TRUE
T3AE8 6888:768.530 JLINK_ReadMemHW(0x400E0A08, 0x0004 Bytes, ...)
T3AE8 6888:768.566   CPU_ReadMem(4 bytes @ 0x400E0A08)
T3AE8 6888:768.892   Data:  00 00 00 00
T3AE8 6888:768.908 - 0.380ms returns 0
T404C 6888:815.710 JLINK_IsHalted()
T404C 6888:815.738 - 0.030ms returns TRUE
T404C 6889:019.316 JLINK_IsHalted()
T404C 6889:019.345 - 0.031ms returns TRUE
T404C 6889:219.945 JLINK_IsHalted()
T404C 6889:220.318 - 0.384ms returns TRUE
T404C 6889:420.149 JLINK_IsHalted()
T404C 6889:420.176 - 0.029ms returns TRUE
T404C 6889:622.258 JLINK_IsHalted()
T404C 6889:622.293 - 0.038ms returns TRUE
T3AE8 6889:768.701 JLINK_ReadMemHW(0x400E0A08, 0x0004 Bytes, ...)
T3AE8 6889:768.744   CPU_ReadMem(4 bytes @ 0x400E0A08)
T3AE8 6889:769.032   Data:  01 00 00 00
T3AE8 6889:769.053 - 0.354ms returns 0
T404C 6889:823.400 JLINK_IsHalted()
T404C 6889:823.800 - 0.418ms returns TRUE
T3AE8 6889:824.459 JLINK_ResetPullsRESET(ON)
T3AE8 6889:824.468 - 0.011ms
T3AE8 6889:824.474 JLINK_ResetNoHalt()
T3AE8 6889:825.317   Found SW-DP with ID 0x2BA01477
T3AE8 6889:827.384   DPIDR: 0x2BA01477
T3AE8 6889:827.406   AP map detection skipped. Manually configured AP map found.
T3AE8 6889:827.440   AP[0]: AHB-AP (IDR: Not set)
T3AE8 6889:828.365   AP[0]: Core found
T3AE8 6889:828.411   AP[0]: AHB-AP ROM base: 0xE00FF000
T3AE8 6889:828.889   CPUID register: 0x410FC241. Implementer code: 0x41 (ARM)
T3AE8 6889:828.929   Found Cortex-M4 r0p1, Little endian.
T3AE8 6889:929.219   -- Max. mem block: 0x00002A10
T3AE8 6889:929.258   CPU_ReadMem(4 bytes @ 0xE000EDF0)
T3AE8 6889:929.544   CPU_ReadMem(4 bytes @ 0xE0002000)
T3AE8 6889:929.968   FPUnit: 6 code (BP) slots and 2 literal slots
T3AE8 6889:929.989   CPU_ReadMem(4 bytes @ 0xE000EDFC)
T3AE8 6889:930.316   CPU_ReadMem(4 bytes @ 0xE0001000)
T3AE8 6889:930.617   CPU_ReadMem(4 bytes @ 0xE000ED88)
T3AE8 6889:930.881   CPU_WriteMem(4 bytes @ 0xE000ED88)
T3AE8 6889:931.171   CPU_ReadMem(4 bytes @ 0xE000ED88)
T3AE8 6889:931.537   CPU_WriteMem(4 bytes @ 0xE000ED88)
T3AE8 6889:931.862   CoreSight components:
T3AE8 6889:931.874   ROMTbl[0] @ E00FF000
T3AE8 6889:931.882   CPU_ReadMem(64 bytes @ 0xE00FF000)
T3AE8 6889:932.531   CPU_ReadMem(32 bytes @ 0xE000EFE0)
T3AE8 6889:933.054   ROMTbl[0][0]: E000E000, CID: B105E00D, PID: 000BB000 SCS
T3AE8 6889:933.077   CPU_WriteMem(4 bytes @ 0xE0001000)
T3AE8 6889:933.437   CPU_ReadMem(32 bytes @ 0xE0001FE0)
T3AE8 6889:933.965   ROMTbl[0][1]: E0001000, CID: B105E00D, PID: 003BB002 DWT
T3AE8 6889:933.973   CPU_ReadMem(32 bytes @ 0xE0002FE0)
T3AE8 6889:934.450   ROMTbl[0][2]: E0002000, CID: B105E00D, PID: 002BB003 FPB
T3AE8 6889:934.458   CPU_ReadMem(32 bytes @ 0xE0000FE0)
T3AE8 6889:934.927   ROMTbl[0][3]: E0000000, CID: B105E00D, PID: 003BB001 ITM
T3AE8 6889:934.935   CPU_ReadMem(32 bytes @ 0xE0040FE0)
T3AE8 6889:935.481   ROMTbl[0][4]: E0040000, CID: B105900D, PID: 000BB9A1 TPIU
T3AE8 6889:935.495   JLINK_Reset()
T3AE8 6889:935.518     CPU_ReadMem(16 bytes @ 0x20000000)
T3AE8 6889:935.912     CPU_WriteMem(16 bytes @ 0x20000000)
T3AE8 6889:936.367     CPU_ReadMem(4 bytes @ 0xE000EDFC)
T3AE8 6889:936.739     CPU_WriteMem(4 bytes @ 0xE000EDFC)
T3AE8 6889:937.101     CPU_ReadMem(4 bytes @ 0xE0001000)
T3AE8 6889:937.410     CPU_WriteMem(4 bytes @ 0xE0001004)
T3AE8 6889:952.112     CPU_WriteMem(4 bytes @ 0xE000EDFC)
T3AE8 6889:952.512     CPU_WriteMem(16 bytes @ 0x20000000)
T3AE8 6889:955.874     CPU_WriteMem(4 bytes @ 0xE0002000)
T3AE8 6889:956.201     CPU_ReadMem(4 bytes @ 0xE000EDFC)
T3AE8 6889:956.456     CPU_ReadMem(4 bytes @ 0xE0001000)
T3AE8 6889:956.735   - 21.243ms
T3AE8 6889:956.744   JLINK_Go()
T3AE8 6889:956.752     CPU_ReadMem(4 bytes @ 0xE0001000)
T3AE8 6889:957.007     CPU_WriteMem(4 bytes @ 0xE0001004)
T3AE8 6889:957.750   - 1.012ms
T3AE8 6889:957.759 - 133.287ms
T3AE8 6889:963.470 JLINK_Close()
T3AE8 6889:978.807 - 15.371ms
T3AE8 6889:978.847   
T3AE8 6889:978.926   Closed
