Archive member included to satisfy reference by file (symbol)

c:/program files (x86)/atmel/studio/7.0/toolchain/arm/arm-gnu-toolchain/bin/../lib/gcc/arm-none-eabi/6.3.1/thumb/v7e-m\libgcc.a(_aeabi_uldivmod.o)
                              src/ov2640.o (__aeabi_uldivmod)
c:/program files (x86)/atmel/studio/7.0/toolchain/arm/arm-gnu-toolchain/bin/../lib/gcc/arm-none-eabi/6.3.1/thumb/v7e-m\libgcc.a(_udivmoddi4.o)
                              c:/program files (x86)/atmel/studio/7.0/toolchain/arm/arm-gnu-toolchain/bin/../lib/gcc/arm-none-eabi/6.3.1/thumb/v7e-m\libgcc.a(_aeabi_uldivmod.o) (__udivmoddi4)
c:/program files (x86)/atmel/studio/7.0/toolchain/arm/arm-gnu-toolchain/bin/../lib/gcc/arm-none-eabi/6.3.1/thumb/v7e-m\libgcc.a(_dvmd_tls.o)
                              c:/program files (x86)/atmel/studio/7.0/toolchain/arm/arm-gnu-toolchain/bin/../lib/gcc/arm-none-eabi/6.3.1/thumb/v7e-m\libgcc.a(_aeabi_uldivmod.o) (__aeabi_ldiv0)
c:/program files (x86)/atmel/studio/7.0/toolchain/arm/arm-gnu-toolchain/bin/../lib/gcc/arm-none-eabi/6.3.1/../../../../arm-none-eabi/lib/thumb/v7e-m\libc.a(lib_a-exit.o)
                              c:/program files (x86)/atmel/studio/7.0/toolchain/arm/arm-gnu-toolchain/bin/../lib/gcc/arm-none-eabi/6.3.1/../../../../arm-none-eabi/lib/thumb/v7e-m/crt0.o (exit)
c:/program files (x86)/atmel/studio/7.0/toolchain/arm/arm-gnu-toolchain/bin/../lib/gcc/arm-none-eabi/6.3.1/../../../../arm-none-eabi/lib/thumb/v7e-m\libc.a(lib_a-impure.o)
                              c:/program files (x86)/atmel/studio/7.0/toolchain/arm/arm-gnu-toolchain/bin/../lib/gcc/arm-none-eabi/6.3.1/../../../../arm-none-eabi/lib/thumb/v7e-m\libc.a(lib_a-exit.o) (_global_impure_ptr)
c:/program files (x86)/atmel/studio/7.0/toolchain/arm/arm-gnu-toolchain/bin/../lib/gcc/arm-none-eabi/6.3.1/../../../../arm-none-eabi/lib/thumb/v7e-m\libc.a(lib_a-init.o)
                              c:/program files (x86)/atmel/studio/7.0/toolchain/arm/arm-gnu-toolchain/bin/../lib/gcc/arm-none-eabi/6.3.1/../../../../arm-none-eabi/lib/thumb/v7e-m/crt0.o (__libc_init_array)
c:/program files (x86)/atmel/studio/7.0/toolchain/arm/arm-gnu-toolchain/bin/../lib/gcc/arm-none-eabi/6.3.1/../../../../arm-none-eabi/lib/thumb/v7e-m\libc.a(lib_a-iprintf.o)
                              src/wifi.o (iprintf)
c:/program files (x86)/atmel/studio/7.0/toolchain/arm/arm-gnu-toolchain/bin/../lib/gcc/arm-none-eabi/6.3.1/../../../../arm-none-eabi/lib/thumb/v7e-m\libc.a(lib_a-memset.o)
                              c:/program files (x86)/atmel/studio/7.0/toolchain/arm/arm-gnu-toolchain/bin/../lib/gcc/arm-none-eabi/6.3.1/../../../../arm-none-eabi/lib/thumb/v7e-m/crt0.o (memset)
c:/program files (x86)/atmel/studio/7.0/toolchain/arm/arm-gnu-toolchain/bin/../lib/gcc/arm-none-eabi/6.3.1/../../../../arm-none-eabi/lib/thumb/v7e-m\libc.a(lib_a-sprintf.o)
                              src/wifi.o (sprintf)
c:/program files (x86)/atmel/studio/7.0/toolchain/arm/arm-gnu-toolchain/bin/../lib/gcc/arm-none-eabi/6.3.1/../../../../arm-none-eabi/lib/thumb/v7e-m\libc.a(lib_a-strstr.o)
                              src/wifi.o (strstr)
c:/program files (x86)/atmel/studio/7.0/toolchain/arm/arm-gnu-toolchain/bin/../lib/gcc/arm-none-eabi/6.3.1/../../../../arm-none-eabi/lib/thumb/v7e-m\libc.a(lib_a-svfprintf.o)
                              c:/program files (x86)/atmel/studio/7.0/toolchain/arm/arm-gnu-toolchain/bin/../lib/gcc/arm-none-eabi/6.3.1/../../../../arm-none-eabi/lib/thumb/v7e-m\libc.a(lib_a-sprintf.o) (_svfprintf_r)
c:/program files (x86)/atmel/studio/7.0/toolchain/arm/arm-gnu-toolchain/bin/../lib/gcc/arm-none-eabi/6.3.1/../../../../arm-none-eabi/lib/thumb/v7e-m\libc.a(lib_a-vfiprintf.o)
                              c:/program files (x86)/atmel/studio/7.0/toolchain/arm/arm-gnu-toolchain/bin/../lib/gcc/arm-none-eabi/6.3.1/../../../../arm-none-eabi/lib/thumb/v7e-m\libc.a(lib_a-iprintf.o) (_vfiprintf_r)
c:/program files (x86)/atmel/studio/7.0/toolchain/arm/arm-gnu-toolchain/bin/../lib/gcc/arm-none-eabi/6.3.1/../../../../arm-none-eabi/lib/thumb/v7e-m\libc.a(lib_a-wsetup.o)
                              c:/program files (x86)/atmel/studio/7.0/toolchain/arm/arm-gnu-toolchain/bin/../lib/gcc/arm-none-eabi/6.3.1/../../../../arm-none-eabi/lib/thumb/v7e-m\libc.a(lib_a-vfiprintf.o) (__swsetup_r)
c:/program files (x86)/atmel/studio/7.0/toolchain/arm/arm-gnu-toolchain/bin/../lib/gcc/arm-none-eabi/6.3.1/../../../../arm-none-eabi/lib/thumb/v7e-m\libc.a(lib_a-__call_atexit.o)
                              c:/program files (x86)/atmel/studio/7.0/toolchain/arm/arm-gnu-toolchain/bin/../lib/gcc/arm-none-eabi/6.3.1/../../../../arm-none-eabi/lib/thumb/v7e-m\libc.a(lib_a-exit.o) (__call_exitprocs)
c:/program files (x86)/atmel/studio/7.0/toolchain/arm/arm-gnu-toolchain/bin/../lib/gcc/arm-none-eabi/6.3.1/../../../../arm-none-eabi/lib/thumb/v7e-m\libc.a(lib_a-atexit.o)
[...]
Memory Configuration

Name             Origin             Length             Attributes
rom              0x00400000         0x00080000         xr
ram              0x20000000         0x00020000         xrw
*default*        0x00000000         0xffffffff

Linker script and memory map

LOAD c:/program files (x86)/atmel/studio/7.0/toolchain/arm/arm-gnu-toolchain/bin/../lib/gcc/arm-none-eabi/6.3.1/thumb/v7e-m/crti.o
LOAD c:/program files (x86)/atmel/studio/7.0/toolchain/arm/arm-gnu-toolchain/bin/../lib/gcc/arm-none-eabi/6.3.1/thumb/v7e-m/crtbegin.o
LOAD c:/program files (x86)/atmel/studio/7.0/toolchain/arm/arm-gnu-toolchain/bin/../lib/gcc/arm-none-eabi/6.3.1/../../../../arm-none-eabi/lib/thumb/v7e-m/crt0.o
LOAD src/ASF/common/services/delay/sam/cycle_counter.o
LOAD src/ASF/sam/drivers/pdc/pdc.o
LOAD src/ASF/sam/drivers/rtc/rtc.o
LOAD src/ASF/sam/drivers/tc/tc.o
LOAD src/ov2640.o
LOAD src/ov2640_table_registers.o
LOAD src/timer_interface.o
LOAD src/wifi.o
LOAD src/ASF/common/boards/user_board/init.o
LOAD src/ASF/common/services/clock/sam4s/sysclk.o
LOAD src/ASF/common/services/serial/usart_serial.o
LOAD src/ASF/common/services/spi/sam_spi/spi_master.o
LOAD src/ASF/common/utils/interrupt/interrupt_sam_nvic.o
LOAD src/ASF/sam/drivers/pio/pio.o
LOAD src/ASF/sam/drivers/pio/pio_handler.o
LOAD src/ASF/sam/drivers/pmc/pmc.o
LOAD src/ASF/sam/drivers/pmc/sleep.o
LOAD src/ASF/sam/drivers/spi/spi.o
LOAD src/ASF/sam/drivers/twi/twi.o
LOAD src/ASF/sam/drivers/uart/uart.o
LOAD src/ASF/sam/drivers/usart/usart.o
LOAD src/ASF/sam/utils/cmsis/sam4s/source/templates/gcc/startup_sam4s.o
LOAD src/ASF/sam/utils/cmsis/sam4s/source/templates/system_sam4s.o
LOAD src/ASF/sam/utils/syscalls/gcc/syscalls.o
LOAD src/camera.o
LOAD src/main.o
START GROUP
LOAD ../src/ASF/thirdparty/CMSIS/Lib/GCC\libarm_cortexM4l_math.a
LOAD c:/program files (x86)/atmel/studio/7.0/toolchain/arm/arm-gnu-toolchain/bin/../lib/gcc/arm-none-eabi/6.3.1/../../../../arm-none-eabi/lib/thumb/v7e-m\libm.a
END GROUP
START GROUP
LOAD c:/program files (x86)/atmel/studio/7.0/toolchain/arm/arm-gnu-toolchain/bin/../lib/gcc/arm-none-eabi/6.3.1/thumb/v7e-m\libgcc.a
LOAD c:/program files (x86)/atmel/studio/7.0/toolchain/arm/arm-gnu-toolchain/bin/../lib/gcc/arm-none-eabi/6.3.1/../../../../arm-none-eabi/lib/thumb/v7e-m\libc.a
END GROUP
LOAD c:/program files (x86)/atmel/studio/7.0/toolchain/arm/arm-gnu-toolchain/bin/../lib/gcc/arm-none-eabi/6.3.1/thumb/v7e-m/crtend.o
LOAD c:/program files (x86)/atmel/studio/7.0/toolchain/arm/arm-gnu-toolchain/bin/../lib/gcc/arm-none-eabi/6.3.1/thumb/v7e-m/crtn.o
                0x00003000                __stack_size__ = DEFINED (__stack_size__)?__stack_size__:0x3000
                0x2001fffc                __ram_end__ = ((ORIGIN (ram) + LENGTH (ram)) - 0x4)

.text           0x00400000     0x95fc
                0x00400000                . = ALIGN (0x4)
                0x00400000                _sfixed = .
 *(.vectors .vectors.*)
 .vectors       0x00400000       0xcc src/ASF/sam/utils/cmsis/sam4s/source/templates/gcc/startup_sam4s.o
                0x00400000                exception_table
 *(.text .text.* .gnu.linkonce.t.*)
 .text          0x004000cc       0x6c c:/program files (x86)/atmel/studio/7.0/toolchain/arm/arm-gnu-toolchain/bin/../lib/gcc/arm-none-eabi/6.3.1/thumb/v7e-m/crtbegin.o
 .text.pdc_tx_init
                0x00400138       0x42 src/ASF/sam/drivers/pdc/pdc.o
                0x00400138                pdc_tx_init
 .text.pdc_enable_transfer
                0x0040017a       0x20 src/ASF/sam/drivers/pdc/pdc.o
                0x0040017a                pdc_enable_transfer
 .text.pdc_disable_transfer
                0x0040019a       0x20 src/ASF/sam/drivers/pdc/pdc.o
                0x0040019a                pdc_disable_transfer
 .text.tc_init  0x004001ba       0x38 src/ASF/sam/drivers/tc/tc.o
                0x004001ba                tc_init
 .text.tc_start
                0x004001f2       0x20 src/ASF/sam/drivers/tc/tc.o
                0x004001f2                tc_start
 .text.tc_write_rc
                0x00400212       0x24 src/ASF/sam/drivers/tc/tc.o
                0x00400212                tc_write_rc
 .text.tc_enable_interrupt
                0x00400236       0x26 src/ASF/sam/drivers/tc/tc.o
                0x00400236                tc_enable_interrupt
 .text.tc_get_status
                0x0040025c       0x22 src/ASF/sam/drivers/tc/tc.o
                0x0040025c                tc_get_status
 .text.tc_find_mck_divisor
                0x0040027e       0xa4 src/ASF/sam/drivers/tc/tc.o
                0x0040027e                tc_find_mck_divisor
 *fill*         0x00400322        0x2 
 .text.osc_get_rate
                0x00400324       0x74 src/ov2640.o
 .text.sysclk_get_main_hz
                0x00400398       0x1c src/ov2640.o
 .text.sysclk_get_cpu_hz
                0x004003b4       0x14 src/ov2640.o
 .text.ov_id    0x004003c8       0x70 src/ov2640.o
 .text.ov_manufacturer
                0x00400438       0x78 src/ov2640.o
 .text.ov_test_write
                0x004004b0       0xb0 src/ov2640.o
 .text.ov_read_reg
                0x00400560       0x24 src/ov2640.o
                0x00400560                ov_read_reg
 .text.ov_write_reg
                0x00400584       0x24 src/ov2640.o
                0x00400584                ov_write_reg
 .text.ov_write_regs
                0x004005a8       0xd4 src/ov2640.o
                0x004005a8                ov_write_regs
 .text.ov_init  0x0040067c       0x8c src/ov2640.o
                0x0040067c                ov_init
 .text.ov_configure
                0x00400708      0x13c src/ov2640.o
                0x00400708                ov_configure
 .text.__NVIC_EnableIRQ
                0x00400844       0x38 src/timer_interface.o
 .text.osc_get_rate
                0x0040087c       0x74 src/timer_interface.o
 .text.sysclk_get_main_hz
                0x004008f0       0x1c src/timer_interface.o
 .text.sysclk_get_cpu_hz
                0x0040090c       0x14 src/timer_interface.o
 .text.TC0_Handler
                0x00400920       0x3c src/timer_interface.o
                0x00400920                TC0_Handler
 .text.configure_tc
                0x0040095c       0x98 src/timer_interface.o
                0x0040095c                configure_tc
 .text.__NVIC_EnableIRQ
                0x004009f4       0x38 src/wifi.o
 .text.osc_get_rate
                0x00400a2c       0x74 src/wifi.o
 .text.sysclk_get_main_hz
                0x00400aa0       0x1c src/wifi.o
 .text.sysclk_get_cpu_hz
                0x00400abc       0x14 src/wifi.o
 .text.sysclk_enable_peripheral_clock
                0x00400ad0       0x1c src/wifi.o
 .text.spi_reset
                0x00400aec       0x18 src/wifi.o
 .text.spi_enable
                0x00400b04       0x18 src/wifi.o
 .text.spi_disable
                0x00400b1c       0x18 src/wifi.o
 .text.spi_set_slave_mode
                0x00400b34       0x1e src/wifi.o
 .text.spi_disable_interrupt
                0x00400b52       0x1a src/wifi.o
 .text.spi_get_pdc_base
                0x00400b6c       0x18 src/wifi.o
 .text.USART0_Handler
                0x00400b84       0x10 src/wifi.o
                0x00400b84                USART0_Handler
 .text.wifi_usart_handler
                0x00400b94       0x44 src/wifi.o
                0x00400b94                wifi_usart_handler
 .text.process_incoming_byte_wifi
                0x00400bd8       0x84 src/wifi.o
                0x00400bd8                process_incoming_byte_wifi
 .text.configure_usart_wifi
                0x00400c5c       0x94 src/wifi.o
                0x00400c5c                configure_usart_wifi
 .text.configure_wifi_comm_pin
                0x00400cf0       0x4c src/wifi.o
                0x00400cf0                configure_wifi_comm_pin
 .text.configure_wifi_provision_pin
                0x00400d3c       0x4c src/wifi.o
                0x00400d3c                configure_wifi_provision_pin
 .text.configure_spi
                0x00400d88       0x70 src/wifi.o
                0x00400d88                configure_spi
 .text.write_wifi_command
                0x00400df8       0xbc src/wifi.o
                0x00400df8                write_wifi_command
 .text.write_image_to_web
                0x00400eb4      0x13c src/wifi.o
                0x00400eb4                write_image_to_web
 .text.board_init
                0x00400ff0        0xc src/ASF/common/boards/user_board/init.o
                0x00400ff0                board_init
 .text.osc_enable
                0x00400ffc       0x88 src/ASF/common/services/clock/sam4s/sysclk.o
 .text.osc_is_ready
                0x00401084       0x70 src/ASF/common/services/clock/sam4s/sysclk.o
 .text.osc_get_rate
                0x004010f4       0x74 src/ASF/common/services/clock/sam4s/sysclk.o
 .text.osc_wait_ready
                0x00401168       0x2c src/ASF/common/services/clock/sam4s/sysclk.o
 .text.pll_config_init
                0x00401194       0x54 src/ASF/common/services/clock/sam4s/sysclk.o
 .text.pll_enable
                0x004011e8       0x44 src/ASF/common/services/clock/sam4s/sysclk.o
 .text.pll_is_locked
                0x0040122c       0x2c src/ASF/common/services/clock/sam4s/sysclk.o
 .text.pll_enable_source
                0x00401258       0x38 src/ASF/common/services/clock/sam4s/sysclk.o
 .text.pll_wait_for_lock
                0x00401290       0x24 src/ASF/common/services/clock/sam4s/sysclk.o
 .text.sysclk_get_main_hz
                0x004012b4       0x1c src/ASF/common/services/clock/sam4s/sysclk.o
 .text.sysclk_get_cpu_hz
                0x004012d0       0x14 src/ASF/common/services/clock/sam4s/sysclk.o
 .text.sysclk_init
                0x004012e4       0x70 src/ASF/common/services/clock/sam4s/sysclk.o
                0x004012e4                sysclk_init
 .text.pio_pull_up
                0x00401354       0x2a src/ASF/sam/drivers/pio/pio.o
                0x00401354                pio_pull_up
 .text.pio_get  0x0040137e       0x44 src/ASF/sam/drivers/pio/pio.o
                0x0040137e                pio_get
 .text.pio_set_peripheral
                0x004013c2      0x10e src/ASF/sam/drivers/pio/pio.o
                0x004013c2                pio_set_peripheral
 .text.pio_set_input
                0x004014d0       0x80 src/ASF/sam/drivers/pio/pio.o
                0x004014d0                pio_set_input
 .text.pio_set_output
                0x00401550       0x64 src/ASF/sam/drivers/pio/pio.o
                0x00401550                pio_set_output
 .text.pio_configure
                0x004015b4       0xcc src/ASF/sam/drivers/pio/pio.o
                0x004015b4                pio_configure
 .text.pio_disable_interrupt
                0x00401680       0x1a src/ASF/sam/drivers/pio/pio.o
                0x00401680                pio_disable_interrupt
 .text.pio_get_interrupt_status
                0x0040169a       0x16 src/ASF/sam/drivers/pio/pio.o
                0x0040169a                pio_get_interrupt_status
 .text.pio_get_interrupt_mask
                0x004016b0       0x16 src/ASF/sam/drivers/pio/pio.o
                0x004016b0                pio_get_interrupt_mask
 *fill*         0x004016c6        0x2 
 .text.pio_set_pin_high
                0x004016c8       0x30 src/ASF/sam/drivers/pio/pio.o
                0x004016c8                pio_set_pin_high
 .text.pio_set_pin_low
                0x004016f8       0x30 src/ASF/sam/drivers/pio/pio.o
                0x004016f8                pio_set_pin_low
 .text.pio_configure_pin
                0x00401728      0x1b0 src/ASF/sam/drivers/pio/pio.o
                0x00401728                pio_configure_pin
 .text.pio_get_pin_group
                0x004018d8       0x24 src/ASF/sam/drivers/pio/pio.o
                0x004018d8                pio_get_pin_group
 .text.pio_handler_process
                0x004018fc       0xd4 src/ASF/sam/drivers/pio/pio_handler.o
                0x004018fc                pio_handler_process
 .text.PIOB_Handler
                0x004019d0       0x18 src/ASF/sam/drivers/pio/pio_handler.o
                0x004019d0                PIOB_Handler
 .text.pmc_switch_mck_to_pllack
                0x004019e8       0x80 src/ASF/sam/drivers/pmc/pmc.o
                0x004019e8                pmc_switch_mck_to_pllack
 .text.pmc_switch_sclk_to_32kxtal
                0x00401a68       0x38 src/ASF/sam/drivers/pmc/pmc.o
                0x00401a68                pmc_switch_sclk_to_32kxtal
 .text.pmc_osc_is_ready_32kxtal
                0x00401aa0       0x34 src/ASF/sam/drivers/pmc/pmc.o
                0x00401aa0                pmc_osc_is_ready_32kxtal
 .text.pmc_switch_mainck_to_fastrc
                0x00401ad4       0x70 src/ASF/sam/drivers/pmc/pmc.o
                0x00401ad4                pmc_switch_mainck_to_fastrc
 .text.pmc_switch_mainck_to_xtal
                0x00401b44       0x78 src/ASF/sam/drivers/pmc/pmc.o
                0x00401b44                pmc_switch_mainck_to_xtal
 .text.pmc_osc_is_ready_mainck
                0x00401bbc       0x18 src/ASF/sam/drivers/pmc/pmc.o
                0x00401bbc                pmc_osc_is_ready_mainck
 .text.pmc_disable_pllack
                0x00401bd4       0x18 src/ASF/sam/drivers/pmc/pmc.o
                0x00401bd4                pmc_disable_pllack
 .text.pmc_is_locked_pllack
                0x00401bec       0x18 src/ASF/sam/drivers/pmc/pmc.o
                0x00401bec                pmc_is_locked_pllack
 .text.pmc_disable_pllbck
                0x00401c04       0x18 src/ASF/sam/drivers/pmc/pmc.o
                0x00401c04                pmc_disable_pllbck
 .text.pmc_is_locked_pllbck
                0x00401c1c       0x18 src/ASF/sam/drivers/pmc/pmc.o
                0x00401c1c                pmc_is_locked_pllbck
 .text.pmc_enable_periph_clk
                0x00401c34       0x80 src/ASF/sam/drivers/pmc/pmc.o
                0x00401c34                pmc_enable_periph_clk
 .text.spi_get_peripheral_select_mode
                0x00401cb4       0x24 src/ASF/sam/drivers/spi/spi.o
 .text.spi_write
                0x00401cd8       0x80 src/ASF/sam/drivers/spi/spi.o
                0x00401cd8                spi_write
 .text.spi_set_bits_per_transfer
                0x00401d58       0x48 src/ASF/sam/drivers/spi/spi.o
                0x00401d58                spi_set_bits_per_transfer
 .text.twi_enable_master_mode
                0x00401da0       0x24 src/ASF/sam/drivers/twi/twi.o
                0x00401da0                twi_enable_master_mode
 .text.twi_master_init
                0x00401dc4       0x64 src/ASF/sam/drivers/twi/twi.o
                0x00401dc4                twi_master_init
 .text.twi_set_speed
                0x00401e28       0xf4 src/ASF/sam/drivers/twi/twi.o
                0x00401e28                twi_set_speed
 .text.twi_mk_addr
                0x00401f1c       0x5a src/ASF/sam/drivers/twi/twi.o
                0x00401f1c                twi_mk_addr
 *fill*         0x00401f76        0x2 
 .text.twi_master_read
                0x00401f78      0x10c src/ASF/sam/drivers/twi/twi.o
                0x00401f78                twi_master_read
 .text.twi_master_write
                0x00402084       0xdc src/ASF/sam/drivers/twi/twi.o
                0x00402084                twi_master_write
 .text.twi_reset
                0x00402160       0x1c src/ASF/sam/drivers/twi/twi.o
                0x00402160                twi_reset
 .text.usart_set_async_baudrate
                0x0040217c       0x88 src/ASF/sam/drivers/usart/usart.o
                0x0040217c                usart_set_async_baudrate
 .text.usart_reset
                0x00402204       0x60 src/ASF/sam/drivers/usart/usart.o
                0x00402204                usart_reset
 .text.usart_init_rs232
                0x00402264       0x84 src/ASF/sam/drivers/usart/usart.o
                0x00402264                usart_init_rs232
 .text.usart_enable_tx
                0x004022e8       0x18 src/ASF/sam/drivers/usart/usart.o
                0x004022e8                usart_enable_tx
 .text.usart_reset_tx
                0x00402300       0x18 src/ASF/sam/drivers/usart/usart.o
                0x00402300                usart_reset_tx
 .text.usart_enable_rx
                0x00402318       0x18 src/ASF/sam/drivers/usart/usart.o
                0x00402318                usart_enable_rx
 .text.usart_reset_rx
                0x00402330       0x18 src/ASF/sam/drivers/usart/usart.o
                0x00402330                usart_reset_rx
 .text.usart_enable_interrupt
                0x00402348       0x1a src/ASF/sam/drivers/usart/usart.o
                0x00402348                usart_enable_interrupt
 .text.usart_get_status
                0x00402362       0x16 src/ASF/sam/drivers/usart/usart.o
                0x00402362                usart_get_status
 .text.usart_reset_status
                0x00402378       0x1a src/ASF/sam/drivers/usart/usart.o
                0x00402378                usart_reset_status
 .text.usart_drive_DTR_pin_high
                0x00402392       0x1a src/ASF/sam/drivers/usart/usart.o
                0x00402392                usart_drive_DTR_pin_high
 .text.usart_drive_RTS_pin_high
                0x004023ac       0x1a src/ASF/sam/drivers/usart/usart.o
                0x004023ac                usart_drive_RTS_pin_high
 .text.usart_write
                0x004023c6       0x30 src/ASF/sam/drivers/usart/usart.o
                0x004023c6                usart_write
 .text.usart_read
                0x004023f6       0x32 src/ASF/sam/drivers/usart/usart.o
                0x004023f6                usart_read
 .text.usart_disable_writeprotect
                0x00402428       0x20 src/ASF/sam/drivers/usart/usart.o
                0x00402428                usart_disable_writeprotect
 .text.Reset_Handler
                0x00402448       0xc8 src/ASF/sam/utils/cmsis/sam4s/source/templates/gcc/startup_sam4s.o
                0x00402448                Reset_Handler
 .text.Dummy_Handler
                0x00402510        0x6 src/ASF/sam/utils/cmsis/sam4s/source/templates/gcc/startup_sam4s.o
                0x00402510                DACC_Handler
                0x00402510                DebugMon_Handler
                0x00402510                HardFault_Handler
                0x00402510                TC2_Handler
                0x00402510                SPI_Handler
                0x00402510                SysTick_Handler
                0x00402510                TWI1_Handler
                0x00402510                PendSV_Handler
                0x00402510                NMI_Handler
                0x00402510                ADC_Handler
                0x00402510                CRCCU_Handler
                0x00402510                RTT_Handler
                0x00402510                RTC_Handler
                0x00402510                UsageFault_Handler
                0x00402510                WDT_Handler
                0x00402510                TC1_Handler
                0x00402510                HSMCI_Handler
                0x00402510                UART1_Handler
                0x00402510                Dummy_Handler
                0x00402510                TWI0_Handler
                0x00402510                USART1_Handler
                0x00402510                SSC_Handler
                0x00402510                EFC0_Handler
                0x00402510                ACC_Handler
                0x00402510                PMC_Handler
                0x00402510                PWM_Handler
                0x00402510                MemManage_Handler
                0x00402510                SUPC_Handler
                0x00402510                SVC_Handler
                0x00402510                UART0_Handler
                0x00402510                UDP_Handler
                0x00402510                BusFault_Handler
                0x00402510                RSTC_Handler
 *fill*         0x00402516        0x2 
 .text.SystemCoreClockUpdate
                0x00402518      0x198 src/ASF/sam/utils/cmsis/sam4s/source/templates/system_sam4s.o
                0x00402518                SystemCoreClockUpdate
 .text.system_init_flash
                0x004026b0       0x94 src/ASF/sam/utils/cmsis/sam4s/source/templates/system_sam4s.o
                0x004026b0                system_init_flash
 .text._sbrk    0x00402744       0x58 src/ASF/sam/utils/syscalls/gcc/syscalls.o
                0x00402744                _sbrk
 .text.osc_get_rate
                0x0040279c       0x74 src/camera.o
 .text.sysclk_get_main_hz
                0x00402810       0x1c src/camera.o
 .text.sysclk_get_cpu_hz
                0x0040282c       0x14 src/camera.o
 .text.PIOA_Handler
                0x00402840       0xec src/camera.o
                0x00402840                PIOA_Handler
 .text.init_vsync_interrupts
                0x0040292c       0x38 src/camera.o
                0x0040292c                init_vsync_interrupts
 .text.configure_twi
                0x00402964       0x58 src/camera.o
                0x00402964                configure_twi
 .text.pio_capture_init
                0x004029bc       0x38 src/camera.o
                0x004029bc                pio_capture_init
 .text.init_camera
                0x004029f4      0x1d8 src/camera.o
                0x004029f4                init_camera
 .text.configure_camera
                0x00402bcc       0x3c src/camera.o
                0x00402bcc                configure_camera
 .text.start_capture
                0x00402c08      0x144 src/camera.o
                0x00402c08                start_capture
 .text.find_image_len
                0x00402d4c       0xf8 src/camera.o
                0x00402d4c                find_image_len
 .text.__NVIC_EnableIRQ
                0x00402e44       0x38 src/main.o
 .text.__NVIC_SetPriority
                0x00402e7c       0x54 src/main.o
 .text.osc_get_rate
                0x00402ed0       0x74 src/main.o
 .text.sysclk_get_main_hz
                0x00402f44       0x1c src/main.o
 .text.sysclk_get_cpu_hz
                0x00402f60       0x14 src/main.o
 .text.ioport_set_pin_mode
                0x00402f74      0x11a src/main.o
 .text.ioport_set_pin_dir
                0x0040308e       0x86 src/main.o
 .text.main     0x00403114      0x594 src/main.o
                0x00403114                main
 .text.configure_status_pins
                0x004036a8       0x80 src/main.o
                0x004036a8                configure_status_pins
 .text          0x00403728       0x30 c:/program files (x86)/atmel/studio/7.0/toolchain/arm/arm-gnu-toolchain/bin/../lib/gcc/arm-none-eabi/6.3.1/thumb/v7e-m\libgcc.a(_aeabi_uldivmod.o)
                0x00403728                __aeabi_uldivmod
 .text          0x00403758      0x2dc c:/program files (x86)/atmel/studio/7.0/toolchain/arm/arm-gnu-toolchain/bin/../lib/gcc/arm-none-eabi/6.3.1/thumb/v7e-m\libgcc.a(_udivmoddi4.o)
                0x00403758                __udivmoddi4
 .text          0x00403a34        0x4 c:/program files (x86)/atmel/studio/7.0/toolchain/arm/arm-gnu-toolchain/bin/../lib/gcc/arm-none-eabi/6.3.1/thumb/v7e-m\libgcc.a(_dvmd_tls.o)
                0x00403a34                __aeabi_idiv0
                0x00403a34                __aeabi_ldiv0
 .text.__libc_init_array
                0x00403a38       0x50 c:/program files (x86)/atmel/studio/7.0/toolchain/arm/arm-gnu-toolchain/bin/../lib/gcc/arm-none-eabi/6.3.1/../../../../arm-none-eabi/lib/thumb/v7e-m\libc.a(lib_a-init.o)
                0x00403a38                __libc_init_array
 .text.memset   0x00403a88       0x9c c:/program files (x86)/atmel/studio/7.0/toolchain/arm/arm-gnu-toolchain/bin/../lib/gcc/arm-none-eabi/6.3.1/../../../../arm-none-eabi/lib/thumb/v7e-m\libc.a(lib_a-memset.o)
                0x00403a88                memset
 .text.sprintf  0x00403b24       0x4c c:/program files (x86)/atmel/studio/7.0/toolchain/arm/arm-gnu-toolchain/bin/../lib/gcc/arm-none-eabi/6.3.1/../../../../arm-none-eabi/lib/thumb/v7e-m\libc.a(lib_a-sprintf.o)
                0x00403b24                sprintf
 .text.critical_factorization
                0x00403b70       0xb4 c:/program files (x86)/atmel/studio/7.0/toolchain/arm/arm-gnu-toolchain/bin/../lib/gcc/arm-none-eabi/6.3.1/../../../../arm-none-eabi/lib/thumb/v7e-m\libc.a(lib_a-strstr.o)
 .text.two_way_long_needle
                0x00403c24      0x1fc c:/program files (x86)/atmel/studio/7.0/toolchain/arm/arm-gnu-toolchain/bin/../lib/gcc/arm-none-eabi/6.3.1/../../../../arm-none-eabi/lib/thumb/v7e-m\libc.a(lib_a-strstr.o)
 .text.strstr   0x00403e20      0x218 c:/program files (x86)/atmel/studio/7.0/toolchain/arm/arm-gnu-toolchain/bin/../lib/gcc/arm-none-eabi/6.3.1/../../../../arm-none-eabi/lib/thumb/v7e-m\libc.a(lib_a-strstr.o)
                0x00403e20                strstr
 .text._svfprintf_r
                0x00404038     0x145c c:/program files (x86)/atmel/studio/7.0/toolchain/arm/arm-gnu-toolchain/bin/../lib/gcc/arm-none-eabi/6.3.1/../../../../arm-none-eabi/lib/thumb/v7e-m\libc.a(lib_a-svfprintf.o)
                0x00404038                _svfprintf_r
 .text.startup.register_fini
                0x00405494       0x14 c:/program files (x86)/atmel/studio/7.0/toolchain/arm/arm-gnu-toolchain/bin/../lib/gcc/arm-none-eabi/6.3.1/../../../../arm-none-eabi/lib/thumb/v7e-m\libc.a(lib_a-__call_atexit.o)
 .text.atexit   0x004054a8        0xc c:/program files (x86)/atmel/studio/7.0/toolchain/arm/arm-gnu-toolchain/bin/../lib/gcc/arm-none-eabi/6.3.1/../../../../arm-none-eabi/lib/thumb/v7e-m\libc.a(lib_a-atexit.o)
                0x004054a8                atexit
 .text.quorem   0x004054b4      0x128 c:/program files (x86)/atmel/studio/7.0/toolchain/arm/arm-gnu-toolchain/bin/../lib/gcc/arm-none-eabi/6.3.1/../../../../arm-none-eabi/lib/thumb/v7e-m\libc.a(lib_a-dtoa.o)
 *fill*         0x004055dc        0x4 
 .text._dtoa_r  0x004055e0      0xe54 c:/program files (x86)/atmel/studio/7.0/toolchain/arm/arm-gnu-toolchain/bin/../lib/gcc/arm-none-eabi/6.3.1/../../../../arm-none-eabi/lib/thumb/v7e-m\libc.a(lib_a-dtoa.o)
                0x004055e0                _dtoa_r
 .text.__libc_fini_array
                0x00406434       0x34 c:/program files (x86)/atmel/studio/7.0/toolchain/arm/arm-gnu-toolchain/bin/../lib/gcc/arm-none-eabi/6.3.1/../../../../arm-none-eabi/lib/thumb/v7e-m\libc.a(lib_a-fini.o)
                0x00406434                __libc_fini_array
 .text._malloc_trim_r
                0x00406468       0xa0 c:/program files (x86)/atmel/studio/7.0/toolchain/arm/arm-gnu-toolchain/bin/../lib/gcc/arm-none-eabi/6.3.1/../../../../arm-none-eabi/lib/thumb/v7e-m\libc.a(lib_a-freer.o)
                0x00406468                _malloc_trim_r
 .text._free_r  0x00406508      0x1cc c:/program files (x86)/atmel/studio/7.0/toolchain/arm/arm-gnu-toolchain/bin/../lib/gcc/arm-none-eabi/6.3.1/../../../../arm-none-eabi/lib/thumb/v7e-m\libc.a(lib_a-freer.o)
                0x00406508                _free_r
 .text._localeconv_r
                0x004066d4       0x1c c:/program files (x86)/atmel/studio/7.0/toolchain/arm/arm-gnu-toolchain/bin/../lib/gcc/arm-none-eabi/6.3.1/../../../../arm-none-eabi/lib/thumb/v7e-m\libc.a(lib_a-localeconv.o)
                0x004066d4                _localeconv_r
 .text.__retarget_lock_acquire_recursive
                0x004066f0        0x4 c:/program files (x86)/atmel/studio/7.0/toolchain/arm/arm-gnu-toolchain/bin/../lib/gcc/arm-none-eabi/6.3.1/../../../../arm-none-eabi/lib/thumb/v7e-m\libc.a(lib_a-lock.o)
                0x004066f0                __retarget_lock_acquire_recursive
 .text.__retarget_lock_release_recursive
                0x004066f4        0x4 c:/program files (x86)/atmel/studio/7.0/toolchain/arm/arm-gnu-toolchain/bin/../lib/gcc/arm-none-eabi/6.3.1/../../../../arm-none-eabi/lib/thumb/v7e-m\libc.a(lib_a-lock.o)
                0x004066f4                __retarget_lock_release_recursive
 .text._malloc_r
                0x004066f8      0x560 c:/program files (x86)/atmel/studio/7.0/toolchain/arm/arm-gnu-toolchain/bin/../lib/gcc/arm-none-eabi/6.3.1/../../../../arm-none-eabi/lib/thumb/v7e-m\libc.a(lib_a-mallocr.o)
                0x004066f8                _malloc_r
 .text.__ascii_mbtowc
                0x00406c58       0x2c c:/program files (x86)/atmel/studio/7.0/toolchain/arm/arm-gnu-toolchain/bin/../lib/gcc/arm-none-eabi/6.3.1/../../../../arm-none-eabi/lib/thumb/v7e-m\libc.a(lib_a-mbtowc_r.o)
                0x00406c58                __ascii_mbtowc
 *fill*         0x00406c84        0xc 
 .text          0x00406c90       0xa0 c:/program files (x86)/atmel/studio/7.0/toolchain/arm/arm-gnu-toolchain/bin/../lib/gcc/arm-none-eabi/6.3.1/../../../../arm-none-eabi/lib/thumb/v7e-m\libc.a(lib_a-memchr.o)
                0x00406c90                memchr
 .text.memcmp   0x00406d30       0x60 c:/program files (x86)/atmel/studio/7.0/toolchain/arm/arm-gnu-toolchain/bin/../lib/gcc/arm-none-eabi/6.3.1/../../../../arm-none-eabi/lib/thumb/v7e-m\libc.a(lib_a-memcmp.o)
                0x00406d30                memcmp
 .text          0x00406d90      0x134 c:/program files (x86)/atmel/studio/7.0/toolchain/arm/arm-gnu-toolchain/bin/../lib/gcc/arm-none-eabi/6.3.1/../../../../arm-none-eabi/lib/thumb/v7e-m\libc.a(lib_a-memcpy.o)
                0x00406d90                memcpy
 .text.memmove  0x00406ec4       0xc8 c:/program files (x86)/atmel/studio/7.0/toolchain/arm/arm-gnu-toolchain/bin/../lib/gcc/arm-none-eabi/6.3.1/../../../../arm-none-eabi/lib/thumb/v7e-m\libc.a(lib_a-memmove.o)
                0x00406ec4                memmove
 .text.__malloc_lock
                0x00406f8c        0xc c:/program files (x86)/atmel/studio/7.0/toolchain/arm/arm-gnu-toolchain/bin/../lib/gcc/arm-none-eabi/6.3.1/../../../../arm-none-eabi/lib/thumb/v7e-m\libc.a(lib_a-mlock.o)
                0x00406f8c                __malloc_lock
 .text.__malloc_unlock
                0x00406f98        0xc c:/program files (x86)/atmel/studio/7.0/toolchain/arm/arm-gnu-toolchain/bin/../lib/gcc/arm-none-eabi/6.3.1/../../../../arm-none-eabi/lib/thumb/v7e-m\libc.a(lib_a-mlock.o)
                0x00406f98                __malloc_unlock
 .text._Balloc  0x00406fa4       0x4c c:/program files (x86)/atmel/studio/7.0/toolchain/arm/arm-gnu-toolchain/bin/../lib/gcc/arm-none-eabi/6.3.1/../../../../arm-none-eabi/lib/thumb/v7e-m\libc.a(lib_a-mprec.o)
                0x00406fa4                _Balloc
 .text._Bfree   0x00406ff0       0x14 c:/program files (x86)/atmel/studio/7.0/toolchain/arm/arm-gnu-toolchain/bin/../lib/gcc/arm-none-eabi/6.3.1/../../../../arm-none-eabi/lib/thumb/v7e-m\libc.a(lib_a-mprec.o)
                0x00406ff0                _Bfree
 .text.__multadd
                0x00407004       0x80 c:/program files (x86)/atmel/studio/7.0/toolchain/arm/arm-gnu-toolchain/bin/../lib/gcc/arm-none-eabi/6.3.1/../../../../arm-none-eabi/lib/thumb/v7e-m\libc.a(lib_a-mprec.o)
                0x00407004                __multadd
 .text.__hi0bits
                0x00407084       0x40 c:/program files (x86)/atmel/studio/7.0/toolchain/arm/arm-gnu-toolchain/bin/../lib/gcc/arm-none-eabi/6.3.1/../../../../arm-none-eabi/lib/thumb/v7e-m\libc.a(lib_a-mprec.o)
                0x00407084                __hi0bits
 .text.__lo0bits
                0x004070c4       0x60 c:/program files (x86)/atmel/studio/7.0/toolchain/arm/arm-gnu-toolchain/bin/../lib/gcc/arm-none-eabi/6.3.1/../../../../arm-none-eabi/lib/thumb/v7e-m\libc.a(lib_a-mprec.o)
                0x004070c4                __lo0bits
 .text.__i2b    0x00407124       0x14 c:/program files (x86)/atmel/studio/7.0/toolchain/arm/arm-gnu-toolchain/bin/../lib/gcc/arm-none-eabi/6.3.1/../../../../arm-none-eabi/lib/thumb/v7e-m\libc.a(lib_a-mprec.o)
                0x00407124                __i2b
 .text.__multiply
                0x00407138      0x124 c:/program files (x86)/atmel/studio/7.0/toolchain/arm/arm-gnu-toolchain/bin/../lib/gcc/arm-none-eabi/6.3.1/../../../../arm-none-eabi/lib/thumb/v7e-m\libc.a(lib_a-mprec.o)
                0x00407138                __multiply
 .text.__pow5mult
                0x0040725c       0xa0 c:/program files (x86)/atmel/studio/7.0/toolchain/arm/arm-gnu-toolchain/bin/../lib/gcc/arm-none-eabi/6.3.1/../../../../arm-none-eabi/lib/thumb/v7e-m\libc.a(lib_a-mprec.o)
                0x0040725c                __pow5mult
 .text.__lshift
                0x004072fc       0xa4 c:/program files (x86)/atmel/studio/7.0/toolchain/arm/arm-gnu-toolchain/bin/../lib/gcc/arm-none-eabi/6.3.1/../../../../arm-none-eabi/lib/thumb/v7e-m\libc.a(lib_a-mprec.o)
                0x004072fc                __lshift
 .text.__mcmp   0x004073a0       0x38 c:/program files (x86)/atmel/studio/7.0/toolchain/arm/arm-gnu-toolchain/bin/../lib/gcc/arm-none-eabi/6.3.1/../../../../arm-none-eabi/lib/thumb/v7e-m\libc.a(lib_a-mprec.o)
                0x004073a0                __mcmp
 .text.__mdiff  0x004073d8      0x108 c:/program files (x86)/atmel/studio/7.0/toolchain/arm/arm-gnu-toolchain/bin/../lib/gcc/arm-none-eabi/6.3.1/../../../../arm-none-eabi/lib/thumb/v7e-m\libc.a(lib_a-mprec.o)
                0x004073d8                __mdiff
 .text.__d2b    0x004074e0       0xb8 c:/program files (x86)/atmel/studio/7.0/toolchain/arm/arm-gnu-toolchain/bin/../lib/gcc/arm-none-eabi/6.3.1/../../../../arm-none-eabi/lib/thumb/v7e-m\libc.a(lib_a-mprec.o)
                0x004074e0                __d2b
 .text._realloc_r
                0x00407598      0x34c c:/program files (x86)/atmel/studio/7.0/toolchain/arm/arm-gnu-toolchain/bin/../lib/gcc/arm-none-eabi/6.3.1/../../../../arm-none-eabi/lib/thumb/v7e-m\libc.a(lib_a-reallocr.o)
                0x00407598                _realloc_r
 .text._sbrk_r  0x004078e4       0x24 c:/program files (x86)/atmel/studio/7.0/toolchain/arm/arm-gnu-toolchain/bin/../lib/gcc/arm-none-eabi/6.3.1/../../../../arm-none-eabi/lib/thumb/v7e-m\libc.a(lib_a-sbrkr.o)
                0x004078e4                _sbrk_r
 .text.strchr   0x00407908       0xe8 c:/program files (x86)/atmel/studio/7.0/toolchain/arm/arm-gnu-toolchain/bin/../lib/gcc/arm-none-eabi/6.3.1/../../../../arm-none-eabi/lib/thumb/v7e-m\libc.a(lib_a-strchr.o)
                0x00407908                strchr
 *fill*         0x004079f0       0x10 
 .text          0x00407a00       0xdc c:/program files (x86)/atmel/studio/7.0/toolchain/arm/arm-gnu-toolchain/bin/../lib/gcc/arm-none-eabi/6.3.1/../../../../arm-none-eabi/lib/thumb/v7e-m\libc.a(lib_a-strlen.o)
                0x00407a00                strlen
 .text.__ssprint_r
                0x00407adc       0xfc c:/program files (x86)/atmel/studio/7.0/toolchain/arm/arm-gnu-toolchain/bin/../lib/gcc/arm-none-eabi/6.3.1/../../../../arm-none-eabi/lib/thumb/v7e-m\libc.a(lib_a-svfiprintf.o)
                0x00407adc                __ssprint_r
 .text.__ascii_wctomb
                0x00407bd8       0x1c c:/program files (x86)/atmel/studio/7.0/toolchain/arm/arm-gnu-toolchain/bin/../lib/gcc/arm-none-eabi/6.3.1/../../../../arm-none-eabi/lib/thumb/v7e-m\libc.a(lib_a-wctomb_r.o)
                0x00407bd8                __ascii_wctomb
 .text.__register_exitproc
                0x00407bf4       0xc4 c:/program files (x86)/atmel/studio/7.0/toolchain/arm/arm-gnu-toolchain/bin/../lib/gcc/arm-none-eabi/6.3.1/../../../../arm-none-eabi/lib/thumb/v7e-m\libc.a(lib_a-__atexit.o)
                0x00407bf4                __register_exitproc
 .text._calloc_r
                0x00407cb8       0x60 c:/program files (x86)/atmel/studio/7.0/toolchain/arm/arm-gnu-toolchain/bin/../lib/gcc/arm-none-eabi/6.3.1/../../../../arm-none-eabi/lib/thumb/v7e-m\libc.a(lib_a-callocr.o)
                0x00407cb8                _calloc_r
 .text          0x00407d18      0x370 c:/program files (x86)/atmel/studio/7.0/toolchain/arm/arm-gnu-toolchain/bin/../lib/gcc/arm-none-eabi/6.3.1/thumb/v7e-m\libgcc.a(_arm_addsubdf3.o)
                0x00407d18                __aeabi_drsub
                0x00407d20                __aeabi_dsub
                0x00407d20                __subdf3
                0x00407d24                __aeabi_dadd
                0x00407d24                __adddf3
                0x00407f9c                __floatunsidf
                0x00407f9c                __aeabi_ui2d
                0x00407fbc                __floatsidf
                0x00407fbc                __aeabi_i2d
                0x00407fe0                __aeabi_f2d
                0x00407fe0                __extendsfdf2
                0x0040801c                __floatundidf
                0x0040801c                __aeabi_ul2d
                0x0040802c                __floatdidf
                0x0040802c                __aeabi_l2d
 .text          0x00408088      0x424 c:/program files (x86)/atmel/studio/7.0/toolchain/arm/arm-gnu-toolchain/bin/../lib/gcc/arm-none-eabi/6.3.1/thumb/v7e-m\libgcc.a(_arm_muldivdf3.o)
                0x00408088                __aeabi_dmul
                0x00408088                __muldf3
                0x004082dc                __divdf3
                0x004082dc                __aeabi_ddiv
 .text          0x004084ac      0x110 c:/program files (x86)/atmel/studio/7.0/toolchain/arm/arm-gnu-toolchain/bin/../lib/gcc/arm-none-eabi/6.3.1/thumb/v7e-m\libgcc.a(_arm_cmpdf2.o)
                0x004084ac                __gtdf2
                0x004084ac                __gedf2
                0x004084b4                __ltdf2
                0x004084b4                __ledf2
                0x004084bc                __nedf2
                0x004084bc                __eqdf2
                0x004084bc                __cmpdf2
                0x00408538                __aeabi_cdrcmple
                0x00408548                __aeabi_cdcmpeq
                0x00408548                __aeabi_cdcmple
                0x00408558                __aeabi_dcmpeq
                0x0040856c                __aeabi_dcmplt
                0x00408580                __aeabi_dcmple
                0x00408594                __aeabi_dcmpge
                0x004085a8                __aeabi_dcmpgt
 .text          0x004085bc       0x2c c:/program files (x86)/atmel/studio/7.0/toolchain/arm/arm-gnu-toolchain/bin/../lib/gcc/arm-none-eabi/6.3.1/thumb/v7e-m\libgcc.a(_arm_unorddf2.o)
                0x004085bc                __unorddf2
                0x004085bc                __aeabi_dcmpun
 .text          0x004085e8       0x50 c:/program files (x86)/atmel/studio/7.0/toolchain/arm/arm-gnu-toolchain/bin/../lib/gcc/arm-none-eabi/6.3.1/thumb/v7e-m\libgcc.a(_arm_fixdfsi.o)
                0x004085e8                __aeabi_d2iz
                0x004085e8                __fixdfsi
 *(.glue_7t)
 .glue_7t       0x00408638        0x0 linker stubs
 *(.glue_7)
 .glue_7        0x00408638        0x0 linker stubs
 *(.rodata .rodata* .gnu.linkonce.r.*)
 .rodata.OV2640_JPEG_INIT
                0x00408638      0x17e src/ov2640_table_registers.o
                0x00408638                OV2640_JPEG_INIT
 *fill*         0x004087b6        0x2 
 .rodata.OV2640_YUV422
                0x004087b8       0x14 src/ov2640_table_registers.o
                0x004087b8                OV2640_YUV422
 .rodata.OV2640_JPEG
                0x004087cc       0x12 src/ov2640_table_registers.o
                0x004087cc                OV2640_JPEG
 *fill*         0x004087de        0x2 
 .rodata.OV2640_JPEG_320x240
                0x004087e0       0x50 src/ov2640_table_registers.o
                0x004087e0                OV2640_JPEG_320x240
 .rodata.OV2640_JPEG_640x480
                0x00408830       0x52 src/ov2640_table_registers.o
                0x00408830                OV2640_JPEG_640x480
 *fill*         0x00408882        0x2 
 .rodata.OV2640_JPEG_800x600
                0x00408884       0x52 src/ov2640_table_registers.o
                0x00408884                OV2640_JPEG_800x600
 *fill*         0x004088d6        0x2 
 .rodata.OV2640_JPEG_1024x768
                0x004088d8       0x4e src/ov2640_table_registers.o
                0x004088d8                OV2640_JPEG_1024x768
 *fill*         0x00408926        0x2 
 .rodata.OV2640_JPEG_1280x1024
                0x00408928       0x52 src/ov2640_table_registers.o
                0x00408928                OV2640_JPEG_1280x1024
 *fill*         0x0040897a        0x2 
 .rodata.OV2640_JPEG_1600x1200
                0x0040897c       0x52 src/ov2640_table_registers.o
                0x0040897c                OV2640_JPEG_1600x1200
 *fill*         0x004089ce        0x2 
 .rodata.OV2640_QVGA_YUV422_10FPS
                0x004089d0       0xf0 src/ov2640_table_registers.o
                0x004089d0                OV2640_QVGA_YUV422_10FPS
 .rodata.OV2640_QVGA_YUV422_15FPS
                0x00408ac0       0xf0 src/ov2640_table_registers.o
                0x00408ac0                OV2640_QVGA_YUV422_15FPS
 .rodata.OV2640_QVGA_YUV422_20FPS
                0x00408bb0       0xf0 src/ov2640_table_registers.o
                0x00408bb0                OV2640_QVGA_YUV422_20FPS
 .rodata.OV2640_QVGA_YUV422_30FPS
                0x00408ca0       0xf0 src/ov2640_table_registers.o
                0x00408ca0                OV2640_QVGA_YUV422_30FPS
 .rodata.OV2640_QVGA_RGB888
                0x00408d90       0xf4 src/ov2640_table_registers.o
                0x00408d90                OV2640_QVGA_RGB888
 .rodata.OV2640_QQVGA_YUV422
                0x00408e84       0xf4 src/ov2640_table_registers.o
                0x00408e84                OV2640_QQVGA_YUV422
 .rodata.OV2640_QQVGA_RGB888
                0x00408f78       0xf4 src/ov2640_table_registers.o
                0x00408f78                OV2640_QQVGA_RGB888
 .rodata.OV2640_TEST_PATTERN
                0x0040906c       0xf4 src/ov2640_table_registers.o
                0x0040906c                OV2640_TEST_PATTERN
 .rodata.OV2640_VGA_YUV422_20FPS
                0x00409160       0xf0 src/ov2640_table_registers.o
                0x00409160                OV2640_VGA_YUV422_20FPS
 .rodata        0x00409250       0x58 src/wifi.o
 .rodata        0x004092a8       0xa5 src/main.o
 *fill*         0x0040934d        0x3 
 .rodata._global_impure_ptr
                0x00409350        0x4 c:/program files (x86)/atmel/studio/7.0/toolchain/arm/arm-gnu-toolchain/bin/../lib/gcc/arm-none-eabi/6.3.1/../../../../arm-none-eabi/lib/thumb/v7e-m\libc.a(lib_a-impure.o)
                0x00409350                _global_impure_ptr
 .rodata._svfprintf_r.str1.4
                0x00409354       0x42 c:/program files (x86)/atmel/studio/7.0/toolchain/arm/arm-gnu-toolchain/bin/../lib/gcc/arm-none-eabi/6.3.1/../../../../arm-none-eabi/lib/thumb/v7e-m\libc.a(lib_a-svfprintf.o)
 *fill*         0x00409396        0x2 
 .rodata.blanks.7223
                0x00409398       0x10 c:/program files (x86)/atmel/studio/7.0/toolchain/arm/arm-gnu-toolchain/bin/../lib/gcc/arm-none-eabi/6.3.1/../../../../arm-none-eabi/lib/thumb/v7e-m\libc.a(lib_a-svfprintf.o)
 .rodata.zeroes.7224
                0x004093a8       0x10 c:/program files (x86)/atmel/studio/7.0/toolchain/arm/arm-gnu-toolchain/bin/../lib/gcc/arm-none-eabi/6.3.1/../../../../arm-none-eabi/lib/thumb/v7e-m\libc.a(lib_a-svfprintf.o)
 .rodata._dtoa_r.str1.4
                0x004093b8       0x10 c:/program files (x86)/atmel/studio/7.0/toolchain/arm/arm-gnu-toolchain/bin/../lib/gcc/arm-none-eabi/6.3.1/../../../../arm-none-eabi/lib/thumb/v7e-m\libc.a(lib_a-dtoa.o)
                                 0x12 (size before relaxing)
 .rodata._setlocale_r.str1.4
                0x004093c8        0xa c:/program files (x86)/atmel/studio/7.0/toolchain/arm/arm-gnu-toolchain/bin/../lib/gcc/arm-none-eabi/6.3.1/../../../../arm-none-eabi/lib/thumb/v7e-m\libc.a(lib_a-locale.o)
                                  0xd (size before relaxing)
 *fill*         0x004093d2        0x2 
 .rodata.str1.4
                0x004093d4        0x4 c:/program files (x86)/atmel/studio/7.0/toolchain/arm/arm-gnu-toolchain/bin/../lib/gcc/arm-none-eabi/6.3.1/../../../../arm-none-eabi/lib/thumb/v7e-m\libc.a(lib_a-locale.o)
                                  0x2 (size before relaxing)
 .rodata.__mprec_bigtens
                0x004093d8       0x28 c:/program files (x86)/atmel/studio/7.0/toolchain/arm/arm-gnu-toolchain/bin/../lib/gcc/arm-none-eabi/6.3.1/../../../../arm-none-eabi/lib/thumb/v7e-m\libc.a(lib_a-mprec.o)
                0x004093d8                __mprec_bigtens
 .rodata.__mprec_tens
                0x00409400       0xc8 c:/program files (x86)/atmel/studio/7.0/toolchain/arm/arm-gnu-toolchain/bin/../lib/gcc/arm-none-eabi/6.3.1/../../../../arm-none-eabi/lib/thumb/v7e-m\libc.a(lib_a-mprec.o)
                0x00409400                __mprec_tens
 .rodata.p05.6055
                0x004094c8        0xc c:/program files (x86)/atmel/studio/7.0/toolchain/arm/arm-gnu-toolchain/bin/../lib/gcc/arm-none-eabi/6.3.1/../../../../arm-none-eabi/lib/thumb/v7e-m\libc.a(lib_a-mprec.o)
 .rodata._ctype_
                0x004094d4      0x101 c:/program files (x86)/atmel/studio/7.0/toolchain/arm/arm-gnu-toolchain/bin/../lib/gcc/arm-none-eabi/6.3.1/../../../../arm-none-eabi/lib/thumb/v7e-m\libc.a(lib_a-ctype_.o)
                0x004094d4                _ctype_
 *(.ARM.extab* .gnu.linkonce.armextab.*)
                0x004095d8                . = ALIGN (0x4)
 *fill*         0x004095d5        0x3 
 *(.init)
 .init          0x004095d8        0x4 c:/program files (x86)/atmel/studio/7.0/toolchain/arm/arm-gnu-toolchain/bin/../lib/gcc/arm-none-eabi/6.3.1/thumb/v7e-m/crti.o
                0x004095d8                _init
 .init          0x004095dc        0x8 c:/program files (x86)/atmel/studio/7.0/toolchain/arm/arm-gnu-toolchain/bin/../lib/gcc/arm-none-eabi/6.3.1/thumb/v7e-m/crtn.o
                0x004095e4                . = ALIGN (0x4)
                0x004095e4                __preinit_array_start = .
 *(.preinit_array)
                0x004095e4                __preinit_array_end = .
                0x004095e4                . = ALIGN (0x4)
                0x004095e4                __init_array_start = .
 *(SORT(.init_array.*))
 .init_array.00000
                0x004095e4        0x4 c:/program files (x86)/atmel/studio/7.0/toolchain/arm/arm-gnu-toolchain/bin/../lib/gcc/arm-none-eabi/6.3.1/../../../../arm-none-eabi/lib/thumb/v7e-m\libc.a(lib_a-__call_atexit.o)
 *(.init_array)
 .init_array    0x004095e8        0x4 c:/program files (x86)/atmel/studio/7.0/toolchain/arm/arm-gnu-toolchain/bin/../lib/gcc/arm-none-eabi/6.3.1/thumb/v7e-m/crtbegin.o
                0x004095ec                __init_array_end = .
                0x004095ec                . = ALIGN (0x4)
 *crtbegin.o(.ctors)
 *(EXCLUDE_FILE(*crtend.o) .ctors)
 *(SORT(.ctors.*))
 *crtend.o(.ctors)
                0x004095ec                . = ALIGN (0x4)
 *(.fini)
 .fini          0x004095ec        0x4 c:/program files (x86)/atmel/studio/7.0/toolchain/arm/arm-gnu-toolchain/bin/../lib/gcc/arm-none-eabi/6.3.1/thumb/v7e-m/crti.o
                0x004095ec                _fini
 .fini          0x004095f0        0x8 c:/program files (x86)/atmel/studio/7.0/toolchain/arm/arm-gnu-toolchain/bin/../lib/gcc/arm-none-eabi/6.3.1/thumb/v7e-m/crtn.o
                0x004095f8                . = ALIGN (0x4)
                0x004095f8                __fini_array_start = .
 *(.fini_array)
 .fini_array    0x004095f8        0x4 c:/program files (x86)/atmel/studio/7.0/toolchain/arm/arm-gnu-toolchain/bin/../lib/gcc/arm-none-eabi/6.3.1/thumb/v7e-m/crtbegin.o
 *(SORT(.fini_array.*))
                0x004095fc                __fini_array_end = .
 *crtbegin.o(.dtors)
 *(EXCLUDE_FILE(*crtend.o) .dtors)
 *(SORT(.dtors.*))
 *crtend.o(.dtors)
                0x004095fc                . = ALIGN (0x4)
                0x004095fc                _efixed = .
                [!provide]                PROVIDE (__exidx_start, .)

.vfp11_veneer   0x004095fc        0x0
 .vfp11_veneer  0x004095fc        0x0 linker stubs

.v4_bx          0x004095fc        0x0
 .v4_bx         0x004095fc        0x0 linker stubs

.iplt           0x004095fc        0x0
 .iplt          0x004095fc        0x0 c:/program files (x86)/atmel/studio/7.0/toolchain/arm/arm-gnu-toolchain/bin/../lib/gcc/arm-none-eabi/6.3.1/thumb/v7e-m/crtbegin.o

.ARM.exidx      0x004095fc        0x8
 *(.ARM.exidx* .gnu.linkonce.armexidx.*)
 .ARM.exidx     0x004095fc        0x8 c:/program files (x86)/atmel/studio/7.0/toolchain/arm/arm-gnu-toolchain/bin/../lib/gcc/arm-none-eabi/6.3.1/thumb/v7e-m\libgcc.a(_udivmoddi4.o)
                [!provide]                PROVIDE (__exidx_end, .)

.eh_frame       0x00409604        0x0
 .eh_frame      0x00409604        0x0 c:/program files (x86)/atmel/studio/7.0/toolchain/arm/arm-gnu-toolchain/bin/../lib/gcc/arm-none-eabi/6.3.1/thumb/v7e-m/crtbegin.o

.rel.dyn        0x00409604        0x0
 .rel.iplt      0x00409604        0x0 c:/program files (x86)/atmel/studio/7.0/toolchain/arm/arm-gnu-toolchain/bin/../lib/gcc/arm-none-eabi/6.3.1/thumb/v7e-m/crtbegin.o

.jcr            0x00409604        0x0
 .jcr           0x00409604        0x0 c:/program files (x86)/atmel/studio/7.0/toolchain/arm/arm-gnu-toolchain/bin/../lib/gcc/arm-none-eabi/6.3.1/thumb/v7e-m/crtbegin.o

.igot.plt       0x00409604        0x0
 .igot.plt      0x00409604        0x0 c:/program files (x86)/atmel/studio/7.0/toolchain/arm/arm-gnu-toolchain/bin/../lib/gcc/arm-none-eabi/6.3.1/thumb/v7e-m/crtbegin.o
                0x00409604                . = ALIGN (0x4)
                0x00409604                _etext = .

.relocate       0x20000000      0x9c0 load address 0x00409604
                0x20000000                . = ALIGN (0x4)
                0x20000000                _srelocate = .
 *(.ramfunc .ramfunc.*)
 .ramfunc       0x20000000        0xa src/ASF/common/services/delay/sam/cycle_counter.o
                0x20000000                portable_delay_cycles
 *(.data .data.*)
 *fill*         0x2000000a        0x2 
 .data.SystemCoreClock
                0x2000000c        0x4 src/ASF/sam/utils/cmsis/sam4s/source/templates/system_sam4s.o
                0x2000000c                SystemCoreClock
 .data._impure_ptr
                0x20000010        0x4 c:/program files (x86)/atmel/studio/7.0/toolchain/arm/arm-gnu-toolchain/bin/../lib/gcc/arm-none-eabi/6.3.1/../../../../arm-none-eabi/lib/thumb/v7e-m\libc.a(lib_a-impure.o)
                0x20000010                _impure_ptr
 *fill*         0x20000014        0x4 
 .data.impure_data
                0x20000018      0x428 c:/program files (x86)/atmel/studio/7.0/toolchain/arm/arm-gnu-toolchain/bin/../lib/gcc/arm-none-eabi/6.3.1/../../../../arm-none-eabi/lib/thumb/v7e-m\libc.a(lib_a-impure.o)
 .data.__atexit_recursive_mutex
                0x20000440        0x4 c:/program files (x86)/atmel/studio/7.0/toolchain/arm/arm-gnu-toolchain/bin/../lib/gcc/arm-none-eabi/6.3.1/../../../../arm-none-eabi/lib/thumb/v7e-m\libc.a(lib_a-__call_atexit.o)
                0x20000440                __atexit_recursive_mutex
 .data.__global_locale
                0x20000444      0x16c c:/program files (x86)/atmel/studio/7.0/toolchain/arm/arm-gnu-toolchain/bin/../lib/gcc/arm-none-eabi/6.3.1/../../../../arm-none-eabi/lib/thumb/v7e-m\libc.a(lib_a-locale.o)
                0x20000444                __global_locale
 .data.__malloc_av_
                0x200005b0      0x408 c:/program files (x86)/atmel/studio/7.0/toolchain/arm/arm-gnu-toolchain/bin/../lib/gcc/arm-none-eabi/6.3.1/../../../../arm-none-eabi/lib/thumb/v7e-m\libc.a(lib_a-mallocr.o)
                0x200005b0                __malloc_av_
 .data.__malloc_sbrk_base
                0x200009b8        0x4 c:/program files (x86)/atmel/studio/7.0/toolchain/arm/arm-gnu-toolchain/bin/../lib/gcc/arm-none-eabi/6.3.1/../../../../arm-none-eabi/lib/thumb/v7e-m\libc.a(lib_a-mallocr.o)
                0x200009b8                __malloc_sbrk_base
 .data.__malloc_trim_threshold
                0x200009bc        0x4 c:/program files (x86)/atmel/studio/7.0/toolchain/arm/arm-gnu-toolchain/bin/../lib/gcc/arm-none-eabi/6.3.1/../../../../arm-none-eabi/lib/thumb/v7e-m\libc.a(lib_a-mallocr.o)
                0x200009bc                __malloc_trim_threshold
                0x200009c0                . = ALIGN (0x4)
                0x200009c0                _erelocate = .

.bss            0x200009c0    0x18be0 load address 0x00409fc4
                0x200009c0                . = ALIGN (0x4)
                0x200009c0                _sbss = .
                0x200009c0                _szero = .
 *(.bss .bss.*)
 .bss           0x200009c0       0x1c c:/program files (x86)/atmel/studio/7.0/toolchain/arm/arm-gnu-toolchain/bin/../lib/gcc/arm-none-eabi/6.3.1/thumb/v7e-m/crtbegin.o
 .bss.g_tc_div  0x200009dc        0x4 src/timer_interface.o
                0x200009dc                g_tc_div
 .bss.g_wifi_buf_idx
                0x200009e0        0x4 src/wifi.o
                0x200009e0                g_wifi_buf_idx
 .bss.g_wifi_command_complete
                0x200009e4        0x1 src/wifi.o
                0x200009e4                g_wifi_command_complete
 .bss.g_wifi_provision_flag
                0x200009e5        0x1 src/wifi.o
                0x200009e5                g_wifi_provision_flag
 *fill*         0x200009e6        0x2 
 .bss.g_t_wifi_total
                0x200009e8        0x4 src/wifi.o
                0x200009e8                g_t_wifi_total
 .bss.g_t_before_wait
                0x200009ec        0x4 src/wifi.o
                0x200009ec                g_t_before_wait
 .bss.g_t_after_wait
                0x200009f0        0x4 src/wifi.o
                0x200009f0                g_t_after_wait
 .bss.g_t_wait_only
                0x200009f4        0x4 src/wifi.o
                0x200009f4                g_t_wait_only
 .bss.gs_interrupt_sources
                0x200009f8       0x70 src/ASF/sam/drivers/pio/pio_handler.o
 .bss.pio_capture_handler
                0x20000a68        0x4 src/ASF/sam/drivers/pio/pio_handler.o
 .bss.ul_reg_val.7523
                0x20000a6c        0x4 src/ASF/sam/drivers/usart/usart.o
 .bss.heap.5297
                0x20000a70        0x4 src/ASF/sam/utils/syscalls/gcc/syscalls.o
 .bss.g_image_len
                0x20000a74        0x4 src/camera.o
                0x20000a74                g_image_len
 .bss.g_vsync_state
                0x20000a78        0x1 src/camera.o
                0x20000a78                g_vsync_state
 .bss.g_network_ready
                0x20000a79        0x1 src/camera.o
                0x20000a79                g_network_ready
 .bss.g_clients_connected
                0x20000a7a        0x1 src/camera.o
                0x20000a7a                g_clients_connected
 .bss.g_buf_owner
                0x20000a7b        0x1 src/camera.o
                0x20000a7b                g_buf_owner
 .bss.g_t_vsync_wait
                0x20000a7c        0x4 src/camera.o
                0x20000a7c                g_t_vsync_wait
 .bss.g_t_find_len
                0x20000a80        0x4 src/camera.o
                0x20000a80                g_t_find_len
 .bss.g_bytes_captured
                0x20000a84        0x4 src/camera.o
                0x20000a84                g_bytes_captured
 .bss.g_t_capture_total
                0x20000a88        0x4 src/camera.o
                0x20000a88                g_t_capture_total
 .bss.status    0x20000a8c        0x1 src/main.o
                0x20000a8c                status
 *fill*         0x20000a8d        0x3 
 .bss.g_t_loop_total
                0x20000a90        0x4 src/main.o
                0x20000a90                g_t_loop_total
 .bss.g_t_frame_gap
                0x20000a94        0x4 src/main.o
                0x20000a94                g_t_frame_gap
 .bss.t_last_frame_end
                0x20000a98        0x4 src/main.o
 .bss.__malloc_current_mallinfo
                0x20000a9c       0x28 c:/program files (x86)/atmel/studio/7.0/toolchain/arm/arm-gnu-toolchain/bin/../lib/gcc/arm-none-eabi/6.3.1/../../../../arm-none-eabi/lib/thumb/v7e-m\libc.a(lib_a-mallocr.o)
                0x20000a9c                __malloc_current_mallinfo
 .bss.__malloc_max_sbrked_mem
                0x20000ac4        0x4 c:/program files (x86)/atmel/studio/7.0/toolchain/arm/arm-gnu-toolchain/bin/../lib/gcc/arm-none-eabi/6.3.1/../../../../arm-none-eabi/lib/thumb/v7e-m\libc.a(lib_a-mallocr.o)
                0x20000ac4                __malloc_max_sbrked_mem
 .bss.__malloc_max_total_mem
                0x20000ac8        0x4 c:/program files (x86)/atmel/studio/7.0/toolchain/arm/arm-gnu-toolchain/bin/../lib/gcc/arm-none-eabi/6.3.1/../../../../arm-none-eabi/lib/thumb/v7e-m\libc.a(lib_a-mallocr.o)
                0x20000ac8                __malloc_max_total_mem
 .bss.__malloc_top_pad
                0x20000acc        0x4 c:/program files (x86)/atmel/studio/7.0/toolchain/arm/arm-gnu-toolchain/bin/../lib/gcc/arm-none-eabi/6.3.1/../../../../arm-none-eabi/lib/thumb/v7e-m\libc.a(lib_a-mallocr.o)
                0x20000acc                __malloc_top_pad
 *(COMMON)
 COMMON         0x20000ad0        0x1 src/timer_interface.o
                0x20000ad0                counts
 *fill*         0x20000ad1        0x3 
 COMMON         0x20000ad4        0x4 src/ASF/sam/drivers/pio/pio.o
                0x20000ad4                pio_capture_enable_flag
 COMMON         0x20000ad8    0x186a0 src/camera.o
                0x20000ad8                g_image_buffer
 COMMON         0x20019178      0x400 src/main.o
                0x20019178                g_wifi_buffer
 COMMON         0x20019578       0x21 c:/program files (x86)/atmel/studio/7.0/toolchain/arm/arm-gnu-toolchain/bin/../lib/gcc/arm-none-eabi/6.3.1/../../../../arm-none-eabi/lib/thumb/v7e-m\libc.a(lib_a-lock.o)
                0x20019578                __lock___atexit_recursive_mutex
                0x2001957c                __lock___arc4random_mutex
                0x20019580                __lock___env_recursive_mutex
                0x20019584                __lock___sinit_recursive_mutex
                0x20019588                __lock___malloc_recursive_mutex
                0x2001958c                __lock___at_quick_exit_mutex
                0x20019590                __lock___dd_hash_mutex
                0x20019594                __lock___tz_mutex
                0x20019598                __lock___sfp_recursive_mutex
 *fill*         0x20019599        0x3 
 COMMON         0x2001959c        0x4 c:/program files (x86)/atmel/studio/7.0/toolchain/arm/arm-gnu-toolchain/bin/../lib/gcc/arm-none-eabi/6.3.1/../../../../arm-none-eabi/lib/thumb/v7e-m\libc.a(lib_a-reent.o)
                0x2001959c                errno
                0x200195a0                . = ALIGN (0x4)
                0x200195a0                _ebss = .
                0x200195a0                _ezero = .

.stack          0x200195a0     0x3000 load address 0x00422ba4
                0x200195a0                . = ALIGN (0x8)
                0x200195a0                _sstack = .
                0x2001c5a0                . = (. + __stack_size__)
 *fill*         0x200195a0     0x3000 
                0x2001c5a0                . = ALIGN (0x8)
                0x2001c5a0                _estack = .
                0x2001c5a0                . = ALIGN (0x4)
                0x2001c5a0                _end = .
OUTPUT(EE326.elf elf32-littlearm)

.ARM.attributes
                0x00000000       0x2a
 .ARM.attributes
                0x00000000       0x1e c:/program files (x86)/atmel/studio/7.0/toolchain/arm/arm-gnu-toolchain/bin/../lib/gcc/arm-none-eabi/6.3.1/thumb/v7e-m/crti.o
 .ARM.attributes
                0x0000001e       0x2e c:/program files (x86)/atmel/studio/7.0/toolchain/arm/arm-gnu-toolchain/bin/../lib/gcc/arm-none-eabi/6.3.1/thumb/v7e-m/crtbegin.o
 .ARM.attributes
                0x0000004c       0x33 src/ASF/common/services/delay/sam/cycle_counter.o
 .ARM.attributes
                0x0000007f       0x33 src/ASF/sam/drivers/pdc/pdc.o
 .ARM.attributes
                0x000000b2       0x33 src/ASF/sam/drivers/tc/tc.o
 .ARM.attributes
                0x000000e5       0x33 src/ov2640.o
 .ARM.attributes
                0x00000118       0x33 src/ov2640_table_registers.o
 .ARM.attributes
                0x0000014b       0x33 src/timer_interface.o
 .ARM.attributes
                0x0000017e       0x33 src/wifi.o
 .ARM.attributes
                0x000001b1       0x33 src/ASF/common/boards/user_board/init.o
 .ARM.attributes
                0x000001e4       0x33 src/ASF/common/services/clock/sam4s/sysclk.o
 .ARM.attributes
                0x00000217       0x33 src/ASF/sam/drivers/pio/pio.o
 .ARM.attributes
                0x0000024a       0x33 src/ASF/sam/drivers/pio/pio_handler.o
 .ARM.attributes
                0x0000027d       0x33 src/ASF/sam/drivers/pmc/pmc.o
 .ARM.attributes
                0x000002b0       0x33 src/ASF/sam/drivers/spi/spi.o
 .ARM.attributes
                0x000002e3       0x33 src/ASF/sam/drivers/twi/twi.o
 .ARM.attributes
                0x00000316       0x33 src/ASF/sam/drivers/usart/usart.o
 .ARM.attributes
                0x00000349       0x33 src/ASF/sam/utils/cmsis/sam4s/source/templates/gcc/startup_sam4s.o
 .ARM.attributes
                0x0000037c       0x33 src/ASF/sam/utils/cmsis/sam4s/source/templates/system_sam4s.o
 .ARM.attributes
                0x000003af       0x33 src/ASF/sam/utils/syscalls/gcc/syscalls.o
 .ARM.attributes
                0x000003e2       0x33 src/camera.o
 .ARM.attributes
                0x00000415       0x33 src/main.o
 .ARM.attributes
                0x00000448       0x1e c:/program files (x86)/atmel/studio/7.0/toolchain/arm/arm-gnu-toolchain/bin/../lib/gcc/arm-none-eabi/6.3.1/thumb/v7e-m\libgcc.a(_aeabi_uldivmod.o)
 .ARM.attributes
                0x00000466       0x2e c:/program files (x86)/atmel/studio/7.0/toolchain/arm/arm-gnu-toolchain/bin/../lib/gcc/arm-none-eabi/6.3.1/thumb/v7e-m\libgcc.a(_udivmoddi4.o)
 .ARM.attributes
                0x00000494       0x1e c:/program files (x86)/atmel/studio/7.0/toolchain/arm/arm-gnu-toolchain/bin/../lib/gcc/arm-none-eabi/6.3.1/thumb/v7e-m\libgcc.a(_dvmd_tls.o)
 .ARM.attributes
                0x000004b2       0x2e c:/program files (x86)/atmel/studio/7.0/toolchain/arm/arm-gnu-toolchain/bin/../lib/gcc/arm-none-eabi/6.3.1/../../../../arm-none-eabi/lib/thumb/v7e-m\libc.a(lib_a-impure.o)
 .ARM.attributes
                0x000004e0       0x2e c:/program files (x86)/atmel/studio/7.0/toolchain/arm/arm-gnu-toolchain/bin/../lib/gcc/arm-none-eabi/6.3.1/../../../../arm-none-eabi/lib/thumb/v7e-m\libc.a(lib_a-init.o)
 .ARM.attributes
                0x0000050e       0x2e c:/program files (x86)/atmel/studio/7.0/toolchain/arm/arm-gnu-toolchain/bin/../lib/gcc/arm-none-eabi/6.3.1/../../../../arm-none-eabi/lib/thumb/v7e-m\libc.a(lib_a-memset.o)
 .ARM.attributes
                0x0000053c       0x2e c:/program files (x86)/atmel/studio/7.0/toolchain/arm/arm-gnu-toolchain/bin/../lib/gcc/arm-none-eabi/6.3.1/../../../../arm-none-eabi/lib/thumb/v7e-m\libc.a(lib_a-sprintf.o)
 .ARM.attributes
                0x0000056a       0x2e c:/program files (x86)/atmel/studio/7.0/toolchain/arm/arm-gnu-toolchain/bin/../lib/gcc/arm-none-eabi/6.3.1/../../../../arm-none-eabi/lib/thumb/v7e-m\libc.a(lib_a-strstr.o)
 .ARM.attributes
                0x00000598       0x2e c:/program files (x86)/atmel/studio/7.0/toolchain/arm/arm-gnu-toolchain/bin/../lib/gcc/arm-none-eabi/6.3.1/../../../../arm-none-eabi/lib/thumb/v7e-m\libc.a(lib_a-svfprintf.o)
 .ARM.attributes
                0x000005c6       0x2e c:/program files (x86)/atmel/studio/7.0/toolchain/arm/arm-gnu-toolchain/bin/../lib/gcc/arm-none-eabi/6.3.1/../../../../arm-none-eabi/lib/thumb/v7e-m\libc.a(lib_a-__call_atexit.o)
 .ARM.attributes
                0x000005f4       0x2e c:/program files (x86)/atmel/studio/7.0/toolchain/arm/arm-gnu-toolchain/bin/../lib/gcc/arm-none-eabi/6.3.1/../../../../arm-none-eabi/lib/thumb/v7e-m\libc.a(lib_a-atexit.o)
 .ARM.attributes
                0x00000622       0x2e c:/program files (x86)/atmel/studio/7.0/toolchain/arm/arm-gnu-toolchain/bin/../lib/gcc/arm-none-eabi/6.3.1/../../../../arm-none-eabi/lib/thumb/v7e-m\libc.a(lib_a-dtoa.o)
 .ARM.attributes
                0x00000650       0x2e c:/program files (x86)/atmel/studio/7.0/toolchain/arm/arm-gnu-toolchain/bin/../lib/gcc/arm-none-eabi/6.3.1/../../../../arm-none-eabi/lib/thumb/v7e-m\libc.a(lib_a-fini.o)
 .ARM.attributes
                0x0000067e       0x2e c:/program files (x86)/atmel/studio/7.0/toolchain/arm/arm-gnu-toolchain/bin/../lib/gcc/arm-none-eabi/6.3.1/../../../../arm-none-eabi/lib/thumb/v7e-m\libc.a(lib_a-freer.o)
 .ARM.attributes
                0x000006ac       0x2e c:/program files (x86)/atmel/studio/7.0/toolchain/arm/arm-gnu-toolchain/bin/../lib/gcc/arm-none-eabi/6.3.1/../../../../arm-none-eabi/lib/thumb/v7e-m\libc.a(lib_a-locale.o)
 .ARM.attributes
                0x000006da       0x2e c:/program files (x86)/atmel/studio/7.0/toolchain/arm/arm-gnu-toolchain/bin/../lib/gcc/arm-none-eabi/6.3.1/../../../../arm-none-eabi/lib/thumb/v7e-m\libc.a(lib_a-localeconv.o)
 .ARM.attributes
                0x00000708       0x2e c:/program files (x86)/atmel/studio/7.0/toolchain/arm/arm-gnu-toolchain/bin/../lib/gcc/arm-none-eabi/6.3.1/../../../../arm-none-eabi/lib/thumb/v7e-m\libc.a(lib_a-lock.o)
 .ARM.attributes
                0x00000736       0x2e c:/program files (x86)/atmel/studio/7.0/toolchain/arm/arm-gnu-toolchain/bin/../lib/gcc/arm-none-eabi/6.3.1/../../../../arm-none-eabi/lib/thumb/v7e-m\libc.a(lib_a-mallocr.o)
 .ARM.attributes
                0x00000764       0x2e c:/program files (x86)/atmel/studio/7.0/toolchain/arm/arm-gnu-toolchain/bin/../lib/gcc/arm-none-eabi/6.3.1/../../../../arm-none-eabi/lib/thumb/v7e-m\libc.a(lib_a-mbtowc_r.o)
 .ARM.attributes
                0x00000792       0x1c c:/program files (x86)/atmel/studio/7.0/toolchain/arm/arm-gnu-toolchain/bin/../lib/gcc/arm-none-eabi/6.3.1/../../../../arm-none-eabi/lib/thumb/v7e-m\libc.a(lib_a-memchr.o)
 .ARM.attributes
                0x000007ae       0x2e c:/program files (x86)/atmel/studio/7.0/toolchain/arm/arm-gnu-toolchain/bin/../lib/gcc/arm-none-eabi/6.3.1/../../../../arm-none-eabi/lib/thumb/v7e-m\libc.a(lib_a-memcmp.o)
 .ARM.attributes
                0x000007dc       0x1c c:/program files (x86)/atmel/studio/7.0/toolchain/arm/arm-gnu-toolchain/bin/../lib/gcc/arm-none-eabi/6.3.1/../../../../arm-none-eabi/lib/thumb/v7e-m\libc.a(lib_a-memcpy.o)
 .ARM.attributes
                0x000007f8       0x2e c:/program files (x86)/atmel/studio/7.0/toolchain/arm/arm-gnu-toolchain/bin/../lib/gcc/arm-none-eabi/6.3.1/../../../../arm-none-eabi/lib/thumb/v7e-m\libc.a(lib_a-memmove.o)
 .ARM.attributes
                0x00000826       0x2e c:/program files (x86)/atmel/studio/7.0/toolchain/arm/arm-gnu-toolchain/bin/../lib/gcc/arm-none-eabi/6.3.1/../../../../arm-none-eabi/lib/thumb/v7e-m\libc.a(lib_a-mlock.o)
 .ARM.attributes
                0x00000854       0x2e c:/program files (x86)/atmel/studio/7.0/toolchain/arm/arm-gnu-toolchain/bin/../lib/gcc/arm-none-eabi/6.3.1/../../../../arm-none-eabi/lib/thumb/v7e-m\libc.a(lib_a-mprec.o)
 .ARM.attributes
                0x00000882       0x2e c:/program files (x86)/atmel/studio/7.0/toolchain/arm/arm-gnu-toolchain/bin/../lib/gcc/arm-none-eabi/6.3.1/../../../../arm-none-eabi/lib/thumb/v7e-m\libc.a(lib_a-reallocr.o)
 .ARM.attributes
                0x000008b0       0x2e c:/program files (x86)/atmel/studio/7.0/toolchain/arm/arm-gnu-toolchain/bin/../lib/gcc/arm-none-eabi/6.3.1/../../../../arm-none-eabi/lib/thumb/v7e-m\libc.a(lib_a-sbrkr.o)
 .ARM.attributes
                0x000008de       0x2e c:/program files (x86)/atmel/studio/7.0/toolchain/arm/arm-gnu-toolchain/bin/../lib/gcc/arm-none-eabi/6.3.1/../../../../arm-none-eabi/lib/thumb/v7e-m\libc.a(lib_a-strchr.o)
 .ARM.attributes
                0x0000090c       0x1c c:/program files (x86)/atmel/studio/7.0/toolchain/arm/arm-gnu-toolchain/bin/../lib/gcc/arm-none-eabi/6.3.1/../../../../arm-none-eabi/lib/thumb/v7e-m\libc.a(lib_a-strlen.o)
 .ARM.attributes
                0x00000928       0x2e c:/program files (x86)/atmel/studio/7.0/toolchain/arm/arm-gnu-toolchain/bin/../lib/gcc/arm-none-eabi/6.3.1/../../../../arm-none-eabi/lib/thumb/v7e-m\libc.a(lib_a-svfiprintf.o)
 .ARM.attributes
                0x00000956       0x2e c:/program files (x86)/atmel/studio/7.0/toolchain/arm/arm-gnu-toolchain/bin/../lib/gcc/arm-none-eabi/6.3.1/../../../../arm-none-eabi/lib/thumb/v7e-m\libc.a(lib_a-wctomb_r.o)
 .ARM.attributes
                0x00000984       0x2e c:/program files (x86)/atmel/studio/7.0/toolchain/arm/arm-gnu-toolchain/bin/../lib/gcc/arm-none-eabi/6.3.1/../../../../arm-none-eabi/lib/thumb/v7e-m\libc.a(lib_a-__atexit.o)
 .ARM.attributes
                0x000009b2       0x2e c:/program files (x86)/atmel/studio/7.0/toolchain/arm/arm-gnu-toolchain/bin/../lib/gcc/arm-none-eabi/6.3.1/../../../../arm-none-eabi/lib/thumb/v7e-m\libc.a(lib_a-callocr.o)
 .ARM.attributes
                0x000009e0       0x2e c:/program files (x86)/atmel/studio/7.0/toolchain/arm/arm-gnu-toolchain/bin/../lib/gcc/arm-none-eabi/6.3.1/../../../../arm-none-eabi/lib/thumb/v7e-m\libc.a(lib_a-ctype_.o)
 .ARM.attributes
                0x00000a0e       0x2e c:/program files (x86)/atmel/studio/7.0/toolchain/arm/arm-gnu-toolchain/bin/../lib/gcc/arm-none-eabi/6.3.1/../../../../arm-none-eabi/lib/thumb/v7e-m\libc.a(lib_a-reent.o)
 .ARM.attributes
                0x00000a3c       0x1e c:/program files (x86)/atmel/studio/7.0/toolchain/arm/arm-gnu-toolchain/bin/../lib/gcc/arm-none-eabi/6.3.1/thumb/v7e-m\libgcc.a(_arm_addsubdf3.o)
 .ARM.attributes
                0x00000a5a       0x1e c:/program files (x86)/atmel/studio/7.0/toolchain/arm/arm-gnu-toolchain/bin/../lib/gcc/arm-none-eabi/6.3.1/thumb/v7e-m\libgcc.a(_arm_muldivdf3.o)
 .ARM.attributes
                0x00000a78       0x1e c:/program files (x86)/atmel/studio/7.0/toolchain/arm/arm-gnu-toolchain/bin/../lib/gcc/arm-none-eabi/6.3.1/thumb/v7e-m\libgcc.a(_arm_cmpdf2.o)
 .ARM.attributes
                0x00000a96       0x1e c:/program files (x86)/atmel/studio/7.0/toolchain/arm/arm-gnu-toolchain/bin/../lib/gcc/arm-none-eabi/6.3.1/thumb/v7e-m\libgcc.a(_arm_unorddf2.o)
 .ARM.attributes
                0x00000ab4       0x1e c:/program files (x86)/atmel/studio/7.0/toolchain/arm/arm-gnu-toolchain/bin/../lib/gcc/arm-none-eabi/6.3.1/thumb/v7e-m\libgcc.a(_arm_fixdfsi.o)
 .ARM.attributes
                0x00000ad2       0x1e c:/program files (x86)/atmel/studio/7.0/toolchain/arm/arm-gnu-toolchain/bin/../lib/gcc/arm-none-eabi/6.3.1/thumb/v7e-m/crtn.o

.comment        0x00000000       0x59
 .comment       0x00000000       0x59 src/ASF/common/services/delay/sam/cycle_counter.o
                                 0x5a (size before relaxing)
 .comment       0x00000059       0x5a src/ASF/sam/drivers/pdc/pdc.o
 .comment       0x00000059       0x5a src/ASF/sam/drivers/tc/tc.o
 .comment       0x00000059       0x5a src/ov2640.o
 .comment       0x00000059       0x5a src/ov2640_table_registers.o
 .comment       0x00000059       0x5a src/timer_interface.o
 .comment       0x00000059       0x5a src/wifi.o
 .comment       0x00000059       0x5a src/ASF/common/boards/user_board/init.o
 .comment       0x00000059       0x5a src/ASF/common/services/clock/sam4s/sysclk.o
 .comment       0x00000059       0x5a src/ASF/sam/drivers/pio/pio.o
 .comment       0x00000059       0x5a src/ASF/sam/drivers/pio/pio_handler.o
 .comment       0x00000059       0x5a src/ASF/sam/drivers/pmc/pmc.o
 .comment       0x00000059       0x5a src/ASF/sam/drivers/spi/spi.o
 .comment       0x00000059       0x5a src/ASF/sam/drivers/twi/twi.o
 .comment       0x00000059       0x5a src/ASF/sam/drivers/usart/usart.o
 .comment       0x00000059       0x5a src/ASF/sam/utils/cmsis/sam4s/source/templates/gcc/startup_sam4s.o
 .comment       0x00000059       0x5a src/ASF/sam/utils/cmsis/sam4s/source/templates/system_sam4s.o
 .comment       0x00000059       0x5a src/ASF/sam/utils/syscalls/gcc/syscalls.o
 .comment       0x00000059       0x5a src/camera.o
 .comment       0x00000059       0x5a src/main.o

.debug_info     0x00000000    0x189ad
 .debug_info    0x00000000      0xa45 src/ASF/common/services/delay/sam/cycle_counter.o
 .debug_info    0x00000a45      0xdc3 src/ASF/sam/drivers/pdc/pdc.o
 .debug_info    0x00001808     0x1252 src/ASF/sam/drivers/tc/tc.o
 .debug_info    0x00002a5a     0x1b08 src/ov2640.o
 .debug_info    0x00004562      0xc72 src/ov2640_table_registers.o
 .debug_info    0x000051d4     0x1060 src/timer_interface.o
 .debug_info    0x00006234     0x21d5 src/wifi.o
 .debug_info    0x00008409      0xa3a src/ASF/common/boards/user_board/init.o
 .debug_info    0x00008e43     0x126e src/ASF/common/services/clock/sam4s/sysclk.o
 .debug_info    0x0000a0b1     0x1d8d src/ASF/sam/drivers/pio/pio.o
 .debug_info    0x0000be3e     0x17ba src/ASF/sam/drivers/pio/pio_handler.o
 .debug_info    0x0000d5f8     0x19b0 src/ASF/sam/drivers/pmc/pmc.o
 .debug_info    0x0000efa8     0x11ad src/ASF/sam/drivers/spi/spi.o
 .debug_info    0x00010155     0x137a src/ASF/sam/drivers/twi/twi.o
 .debug_info    0x000114cf     0x1e90 src/ASF/sam/drivers/usart/usart.o
 .debug_info    0x0001335f      0x6d0 src/ASF/sam/utils/cmsis/sam4s/source/templates/gcc/startup_sam4s.o
 .debug_info    0x00013a2f      0x45c src/ASF/sam/utils/cmsis/sam4s/source/templates/system_sam4s.o
 .debug_info    0x00013e8b      0xdbc src/ASF/sam/utils/syscalls/gcc/syscalls.o
 .debug_info    0x00014c47     0x1dec src/camera.o
 .debug_info    0x00016a33     0x1f7a src/main.o

.debug_abbrev   0x00000000     0x314e
 .debug_abbrev  0x00000000      0x1b3 src/ASF/common/services/delay/sam/cycle_counter.o
 .debug_abbrev  0x000001b3      0x221 src/ASF/sam/drivers/pdc/pdc.o
 .debug_abbrev  0x000003d4      0x24a src/ASF/sam/drivers/tc/tc.o
 .debug_abbrev  0x0000061e      0x333 src/ov2640.o
 .debug_abbrev  0x00000951      0x1b4 src/ov2640_table_registers.o
 .debug_abbrev  0x00000b05      0x293 src/timer_interface.o
 .debug_abbrev  0x00000d98      0x33f src/wifi.o
 .debug_abbrev  0x000010d7      0x1a4 src/ASF/common/boards/user_board/init.o
 .debug_abbrev  0x0000127b      0x2aa src/ASF/common/services/clock/sam4s/sysclk.o
 .debug_abbrev  0x00001525      0x296 src/ASF/sam/drivers/pio/pio.o
 .debug_abbrev  0x000017bb      0x2e7 src/ASF/sam/drivers/pio/pio_handler.o
 .debug_abbrev  0x00001aa2      0x2b8 src/ASF/sam/drivers/pmc/pmc.o
 .debug_abbrev  0x00001d5a      0x2cf src/ASF/sam/drivers/spi/spi.o
 .debug_abbrev  0x00002029      0x28f src/ASF/sam/drivers/twi/twi.o
 .debug_abbrev  0x000022b8      0x2c1 src/ASF/sam/drivers/usart/usart.o
 .debug_abbrev  0x00002579      0x15e src/ASF/sam/utils/cmsis/sam4s/source/templates/gcc/startup_sam4s.o
 .debug_abbrev  0x000026d7      0x102 src/ASF/sam/utils/cmsis/sam4s/source/templates/system_sam4s.o
 .debug_abbrev  0x000027d9      0x22a src/ASF/sam/utils/syscalls/gcc/syscalls.o
 .debug_abbrev  0x00002a03      0x316 src/camera.o
 .debug_abbrev  0x00002d19      0x435 src/main.o

.debug_aranges  0x00000000      0xd68
 .debug_aranges
                0x00000000       0x20 src/ASF/common/services/delay/sam/cycle_counter.o
 .debug_aranges
                0x00000020       0x88 src/ASF/sam/drivers/pdc/pdc.o
 .debug_aranges
                0x000000a8       0xd0 src/ASF/sam/drivers/tc/tc.o
 .debug_aranges
                0x00000178       0xb0 src/ov2640.o
 .debug_aranges
                0x00000228       0x18 src/ov2640_table_registers.o
 .debug_aranges
                0x00000240       0x48 src/timer_interface.o
 .debug_aranges
                0x00000288       0xe0 src/wifi.o
 .debug_aranges
                0x00000368       0x20 src/ASF/common/boards/user_board/init.o
 .debug_aranges
                0x00000388       0x98 src/ASF/common/services/clock/sam4s/sysclk.o
 .debug_aranges
                0x00000420      0x1a8 src/ASF/sam/drivers/pio/pio.o
 .debug_aranges
                0x000005c8       0x68 src/ASF/sam/drivers/pio/pio_handler.o
 .debug_aranges
                0x00000630      0x208 src/ASF/sam/drivers/pmc/pmc.o
 .debug_aranges
                0x00000838       0xa8 src/ASF/sam/drivers/spi/spi.o
 .debug_aranges
                0x000008e0       0xc8 src/ASF/sam/drivers/twi/twi.o
 .debug_aranges
                0x000009a8      0x238 src/ASF/sam/drivers/usart/usart.o
 .debug_aranges
                0x00000be0       0x28 src/ASF/sam/utils/cmsis/sam4s/source/templates/gcc/startup_sam4s.o
 .debug_aranges
                0x00000c08       0x30 src/ASF/sam/utils/cmsis/sam4s/source/templates/system_sam4s.o
 .debug_aranges
                0x00000c38       0x60 src/ASF/sam/utils/syscalls/gcc/syscalls.o
 .debug_aranges
                0x00000c98       0x70 src/camera.o
 .debug_aranges
                0x00000d08       0x60 src/main.o

.debug_ranges   0x00000000      0xc68
 .debug_ranges  0x00000000       0x10 src/ASF/common/services/delay/sam/cycle_counter.o
 .debug_ranges  0x00000010       0x78 src/ASF/sam/drivers/pdc/pdc.o
 .debug_ranges  0x00000088       0xc0 src/ASF/sam/drivers/tc/tc.o
 .debug_ranges  0x00000148       0xa0 src/ov2640.o
 .debug_ranges  0x000001e8       0x38 src/timer_interface.o
 .debug_ranges  0x00000220       0xe8 src/wifi.o
 .debug_ranges  0x00000308       0x10 src/ASF/common/boards/user_board/init.o
 .debug_ranges  0x00000318       0x88 src/ASF/common/services/clock/sam4s/sysclk.o
 .debug_ranges  0x000003a0      0x198 src/ASF/sam/drivers/pio/pio.o
 .debug_ranges  0x00000538       0x58 src/ASF/sam/drivers/pio/pio_handler.o
 .debug_ranges  0x00000590      0x1f8 src/ASF/sam/drivers/pmc/pmc.o
 .debug_ranges  0x00000788       0x98 src/ASF/sam/drivers/spi/spi.o
 .debug_ranges  0x00000820       0xb8 src/ASF/sam/drivers/twi/twi.o
 .debug_ranges  0x000008d8      0x228 src/ASF/sam/drivers/usart/usart.o
 .debug_ranges  0x00000b00       0x18 src/ASF/sam/utils/cmsis/sam4s/source/templates/gcc/startup_sam4s.o
 .debug_ranges  0x00000b18       0x20 src/ASF/sam/utils/cmsis/sam4s/source/templates/system_sam4s.o
 .debug_ranges  0x00000b38       0x50 src/ASF/sam/utils/syscalls/gcc/syscalls.o
 .debug_ranges  0x00000b88       0x60 src/camera.o
 .debug_ranges  0x00000be8       0x80 src/main.o

.debug_macro    0x00000000    0x1613a
 .debug_macro   0x00000000      0x502 src/ASF/common/services/delay/sam/cycle_counter.o
 .debug_macro   0x00000502      0x8d4 src/ASF/common/services/delay/sam/cycle_counter.o
 .debug_macro   0x00000dd6      0x16d src/ASF/common/services/delay/sam/cycle_counter.o
 .debug_macro   0x00000f43      0x71d src/ASF/common/services/delay/sam/cycle_counter.o
 .debug_macro   0x00001660       0x76 src/ASF/common/services/delay/sam/cycle_counter.o
 .debug_macro   0x000016d6       0x16 src/ASF/common/services/delay/sam/cycle_counter.o
 .debug_macro   0x000016ec      0x6da src/ASF/common/services/delay/sam/cycle_counter.o
 .debug_macro   0x00001dc6       0x22 src/ASF/common/services/delay/sam/cycle_counter.o
 .debug_macro   0x00001de8       0x87 src/ASF/common/services/delay/sam/cycle_counter.o
 .debug_macro   0x00001e6f       0x51 src/ASF/common/services/delay/sam/cycle_counter.o
 .debug_macro   0x00001ec0       0xef src/ASF/common/services/delay/sam/cycle_counter.o
 .debug_macro   0x00001faf       0x6a src/ASF/common/services/delay/sam/cycle_counter.o
 .debug_macro   0x00002019      0x1df src/ASF/common/services/delay/sam/cycle_counter.o
 .debug_macro   0x000021f8       0x27 src/ASF/common/services/delay/sam/cycle_counter.o
 .debug_macro   0x0000221f       0x1c src/ASF/common/services/delay/sam/cycle_counter.o
 .debug_macro   0x0000223b       0x22 src/ASF/common/services/delay/sam/cycle_counter.o
 .debug_macro   0x0000225d       0xdf src/ASF/common/services/delay/sam/cycle_counter.o
 .debug_macro   0x0000233c     0x102d src/ASF/common/services/delay/sam/cycle_counter.o
 .debug_macro   0x00003369      0x11f src/ASF/common/services/delay/sam/cycle_counter.o
 .debug_macro   0x00003488      0x154 src/ASF/common/services/delay/sam/cycle_counter.o
 .debug_macro   0x000035dc      0xaa5 src/ASF/common/services/delay/sam/cycle_counter.o
 .debug_macro   0x00004081      0x1b4 src/ASF/common/services/delay/sam/cycle_counter.o
 .debug_macro   0x00004235       0xac src/ASF/common/services/delay/sam/cycle_counter.o
 .debug_macro   0x000042e1      0x3f7 src/ASF/common/services/delay/sam/cycle_counter.o
 .debug_macro   0x000046d8      0x106 src/ASF/common/services/delay/sam/cycle_counter.o
 .debug_macro   0x000047de       0x1c src/ASF/common/services/delay/sam/cycle_counter.o
 .debug_macro   0x000047fa      0x72f src/ASF/common/services/delay/sam/cycle_counter.o
 .debug_macro   0x00004f29      0x2c9 src/ASF/common/services/delay/sam/cycle_counter.o
 .debug_macro   0x000051f2       0xbe src/ASF/common/services/delay/sam/cycle_counter.o
 .debug_macro   0x000052b0     0x2807 src/ASF/common/services/delay/sam/cycle_counter.o
 .debug_macro   0x00007ab7      0x76e src/ASF/common/services/delay/sam/cycle_counter.o
 .debug_macro   0x00008225      0xa84 src/ASF/common/services/delay/sam/cycle_counter.o
 .debug_macro   0x00008ca9       0x9a src/ASF/common/services/delay/sam/cycle_counter.o
 .debug_macro   0x00008d43      0x3cf src/ASF/common/services/delay/sam/cycle_counter.o
 .debug_macro   0x00009112       0x64 src/ASF/common/services/delay/sam/cycle_counter.o
 .debug_macro   0x00009176      0x37c src/ASF/common/services/delay/sam/cycle_counter.o
 .debug_macro   0x000094f2      0x61b src/ASF/common/services/delay/sam/cycle_counter.o
 .debug_macro   0x00009b0d      0x686 src/ASF/common/services/delay/sam/cycle_counter.o
 .debug_macro   0x0000a193      0x595 src/ASF/common/services/delay/sam/cycle_counter.o
 .debug_macro   0x0000a728      0x344 src/ASF/common/services/delay/sam/cycle_counter.o
 .debug_macro   0x0000aa6c      0x283 src/ASF/common/services/delay/sam/cycle_counter.o
 .debug_macro   0x0000acef      0x2cd src/ASF/common/services/delay/sam/cycle_counter.o
 .debug_macro   0x0000afbc      0x6cf src/ASF/common/services/delay/sam/cycle_counter.o
 .debug_macro   0x0000b68b       0x76 src/ASF/common/services/delay/sam/cycle_counter.o
 .debug_macro   0x0000b701       0xb8 src/ASF/common/services/delay/sam/cycle_counter.o
 .debug_macro   0x0000b7b9       0xb2 src/ASF/common/services/delay/sam/cycle_counter.o
 .debug_macro   0x0000b86b       0x88 src/ASF/common/services/delay/sam/cycle_counter.o
 .debug_macro   0x0000b8f3      0x100 src/ASF/common/services/delay/sam/cycle_counter.o
 .debug_macro   0x0000b9f3       0x88 src/ASF/common/services/delay/sam/cycle_counter.o
 .debug_macro   0x0000ba7b       0x88 src/ASF/common/services/delay/sam/cycle_counter.o
 .debug_macro   0x0000bb03      0x2cd src/ASF/common/services/delay/sam/cycle_counter.o
 .debug_macro   0x0000bdd0       0xb2 src/ASF/common/services/delay/sam/cycle_counter.o
 .debug_macro   0x0000be82       0xb2 src/ASF/common/services/delay/sam/cycle_counter.o
 .debug_macro   0x0000bf34       0x52 src/ASF/common/services/delay/sam/cycle_counter.o
 .debug_macro   0x0000bf86       0xac src/ASF/common/services/delay/sam/cycle_counter.o
 .debug_macro   0x0000c032       0x7c src/ASF/common/services/delay/sam/cycle_counter.o
 .debug_macro   0x0000c0ae       0x40 src/ASF/common/services/delay/sam/cycle_counter.o
 .debug_macro   0x0000c0ee       0x64 src/ASF/common/services/delay/sam/cycle_counter.o
 .debug_macro   0x0000c152       0x4c src/ASF/common/services/delay/sam/cycle_counter.o
 .debug_macro   0x0000c19e       0xa6 src/ASF/common/services/delay/sam/cycle_counter.o
 .debug_macro   0x0000c244       0x7c src/ASF/common/services/delay/sam/cycle_counter.o
 .debug_macro   0x0000c2c0       0x16 src/ASF/common/services/delay/sam/cycle_counter.o
 .debug_macro   0x0000c2d6       0x7c src/ASF/common/services/delay/sam/cycle_counter.o
 .debug_macro   0x0000c352       0x22 src/ASF/common/services/delay/sam/cycle_counter.o
 .debug_macro   0x0000c374      0x18b src/ASF/common/services/delay/sam/cycle_counter.o
 .debug_macro   0x0000c4ff      0x15b src/ASF/common/services/delay/sam/cycle_counter.o
 .debug_macro   0x0000c65a       0x1c src/ASF/common/services/delay/sam/cycle_counter.o
 .debug_macro   0x0000c676       0x2e src/ASF/common/services/delay/sam/cycle_counter.o
 .debug_macro   0x0000c6a4       0x22 src/ASF/common/services/delay/sam/cycle_counter.o
 .debug_macro   0x0000c6c6       0x1c src/ASF/common/services/delay/sam/cycle_counter.o
 .debug_macro   0x0000c6e2       0x52 src/ASF/common/services/delay/sam/cycle_counter.o
 .debug_macro   0x0000c734       0x10 src/ASF/common/services/delay/sam/cycle_counter.o
 .debug_macro   0x0000c744      0x1e7 src/ASF/common/services/delay/sam/cycle_counter.o
 .debug_macro   0x0000c92b      0x605 src/ASF/common/services/delay/sam/cycle_counter.o
 .debug_macro   0x0000cf30      0x107 src/ASF/common/services/delay/sam/cycle_counter.o
 .debug_macro   0x0000d037       0x58 src/ASF/common/services/delay/sam/cycle_counter.o
 .debug_macro   0x0000d08f       0x35 src/ASF/common/services/delay/sam/cycle_counter.o
 .debug_macro   0x0000d0c4       0x9c src/ASF/common/services/delay/sam/cycle_counter.o
 .debug_macro   0x0000d160       0x16 src/ASF/common/services/delay/sam/cycle_counter.o
 .debug_macro   0x0000d176       0x35 src/ASF/common/services/delay/sam/cycle_counter.o
 .debug_macro   0x0000d1ab      0x34d src/ASF/common/services/delay/sam/cycle_counter.o
 .debug_macro   0x0000d4f8       0x10 src/ASF/common/services/delay/sam/cycle_counter.o
 .debug_macro   0x0000d508       0x58 src/ASF/common/services/delay/sam/cycle_counter.o
 .debug_macro   0x0000d560       0x1f src/ASF/common/services/delay/sam/cycle_counter.o
 .debug_macro   0x0000d57f       0x43 src/ASF/common/services/delay/sam/cycle_counter.o
 .debug_macro   0x0000d5c2       0x20 src/ASF/common/services/delay/sam/cycle_counter.o
 .debug_macro   0x0000d5e2      0x187 src/ASF/common/services/delay/sam/cycle_counter.o
 .debug_macro   0x0000d769       0x10 src/ASF/common/services/delay/sam/cycle_counter.o
 .debug_macro   0x0000d779       0x1c src/ASF/common/services/delay/sam/cycle_counter.o
 .debug_macro   0x0000d795       0x52 src/ASF/common/services/delay/sam/cycle_counter.o
 .debug_macro   0x0000d7e7       0x40 src/ASF/common/services/delay/sam/cycle_counter.o
 .debug_macro   0x0000d827       0x10 src/ASF/common/services/delay/sam/cycle_counter.o
 .debug_macro   0x0000d837       0x40 src/ASF/common/services/delay/sam/cycle_counter.o
 .debug_macro   0x0000d877       0xd7 src/ASF/common/services/delay/sam/cycle_counter.o
 .debug_macro   0x0000d94e       0x16 src/ASF/common/services/delay/sam/cycle_counter.o
 .debug_macro   0x0000d964      0x18b src/ASF/common/services/delay/sam/cycle_counter.o
 .debug_macro   0x0000daef       0x22 src/ASF/common/services/delay/sam/cycle_counter.o
 .debug_macro   0x0000db11       0x16 src/ASF/common/services/delay/sam/cycle_counter.o
 .debug_macro   0x0000db27       0x16 src/ASF/common/services/delay/sam/cycle_counter.o
 .debug_macro   0x0000db3d       0x29 src/ASF/common/services/delay/sam/cycle_counter.o
 .debug_macro   0x0000db66       0x73 src/ASF/common/services/delay/sam/cycle_counter.o
 .debug_macro   0x0000dbd9       0x3e src/ASF/common/services/delay/sam/cycle_counter.o
 .debug_macro   0x0000dc17      0x3ca src/ASF/common/services/delay/sam/cycle_counter.o
 .debug_macro   0x0000dfe1       0x22 src/ASF/common/services/delay/sam/cycle_counter.o
 .debug_macro   0x0000e003      0x4fd src/ASF/sam/drivers/pdc/pdc.o
 .debug_macro   0x0000e500      0x508 src/ASF/sam/drivers/tc/tc.o
 .debug_macro   0x0000ea08       0x52 src/ASF/sam/drivers/tc/tc.o
 .debug_macro   0x0000ea5a       0x8d src/ASF/sam/drivers/tc/tc.o
 .debug_macro   0x0000eae7       0x16 src/ASF/sam/drivers/tc/tc.o
 .debug_macro   0x0000eafd       0x57 src/ASF/sam/drivers/tc/tc.o
 .debug_macro   0x0000eb54       0x1c src/ASF/sam/drivers/tc/tc.o
 .debug_macro   0x0000eb70      0x5ca src/ov2640.o
 .debug_macro   0x0000f13a      0x2df src/ov2640.o
 .debug_macro   0x0000f419      0x136 src/ov2640.o
 .debug_macro   0x0000f54f       0x4c src/ov2640.o
 .debug_macro   0x0000f59b       0x52 src/ov2640.o
 .debug_macro   0x0000f5ed       0x58 src/ov2640.o
 .debug_macro   0x0000f645       0x64 src/ov2640.o
 .debug_macro   0x0000f6a9       0x46 src/ov2640.o
 .debug_macro   0x0000f6ef       0x90 src/ov2640.o
 .debug_macro   0x0000f77f       0x28 src/ov2640.o
 .debug_macro   0x0000f7a7       0x22 src/ov2640.o
 .debug_macro   0x0000f7c9       0x94 src/ov2640.o
 .debug_macro   0x0000f85d      0x3fb src/ov2640.o
 .debug_macro   0x0000fc58       0x16 src/ov2640.o
 .debug_macro   0x0000fc6e      0x5a6 src/ov2640_table_registers.o
 .debug_macro   0x00010214      0x2d9 src/ov2640_table_registers.o
 .debug_macro   0x000104ed      0x6cf src/timer_interface.o
 .debug_macro   0x00010bbc       0x40 src/timer_interface.o
 .debug_macro   0x00010bfc       0x88 src/timer_interface.o
 .debug_macro   0x00010c84       0x34 src/timer_interface.o
 .debug_macro   0x00010cb8       0x16 src/timer_interface.o
 .debug_macro   0x00010cce       0x28 src/timer_interface.o
 .debug_macro   0x00010cf6       0x2e src/timer_interface.o
 .debug_macro   0x00010d24       0x10 src/timer_interface.o
 .debug_macro   0x00010d34       0x16 src/timer_interface.o
 .debug_macro   0x00010d4a       0x1c src/timer_interface.o
 .debug_macro   0x00010d66       0x2e src/timer_interface.o
 .debug_macro   0x00010d94      0x6d4 src/wifi.o
 .debug_macro   0x00011468       0x16 src/wifi.o
 .debug_macro   0x0001147e      0x69a src/ASF/common/boards/user_board/init.o
 .debug_macro   0x00011b18      0x56d src/ASF/common/services/clock/sam4s/sysclk.o
 .debug_macro   0x00012085      0x508 src/ASF/sam/drivers/pio/pio.o
 .debug_macro   0x0001258d       0x8e src/ASF/sam/drivers/pio/pio.o
 .debug_macro   0x0001261b      0x512 src/ASF/sam/drivers/pio/pio_handler.o
 .debug_macro   0x00012b2d      0x508 src/ASF/sam/drivers/pmc/pmc.o
 .debug_macro   0x00013035       0x52 src/ASF/sam/drivers/pmc/pmc.o
 .debug_macro   0x00013087      0x576 src/ASF/sam/drivers/spi/spi.o
 .debug_macro   0x000135fd       0x10 src/ASF/sam/drivers/spi/spi.o
 .debug_macro   0x0001360d      0x52c src/ASF/sam/drivers/twi/twi.o
 .debug_macro   0x00013b39       0x46 src/ASF/sam/drivers/twi/twi.o
 .debug_macro   0x00013b7f      0x538 src/ASF/sam/drivers/usart/usart.o
 .debug_macro   0x000140b7       0x28 src/ASF/sam/drivers/usart/usart.o
 .debug_macro   0x000140df      0x2f4 src/ASF/sam/utils/cmsis/sam4s/source/templates/gcc/startup_sam4s.o
 .debug_macro   0x000143d3      0x2fc src/ASF/sam/utils/cmsis/sam4s/source/templates/system_sam4s.o
 .debug_macro   0x000146cf      0x1d6 src/ASF/sam/utils/syscalls/gcc/syscalls.o
 .debug_macro   0x000148a5       0x97 src/ASF/sam/utils/syscalls/gcc/syscalls.o
 .debug_macro   0x0001493c      0x353 src/ASF/sam/utils/syscalls/gcc/syscalls.o
 .debug_macro   0x00014c8f       0xf6 src/ASF/sam/utils/syscalls/gcc/syscalls.o
 .debug_macro   0x00014d85       0x4c src/ASF/sam/utils/syscalls/gcc/syscalls.o
 .debug_macro   0x00014dd1       0x16 src/ASF/sam/utils/syscalls/gcc/syscalls.o
 .debug_macro   0x00014de7       0x10 src/ASF/sam/utils/syscalls/gcc/syscalls.o
 .debug_macro   0x00014df7       0x10 src/ASF/sam/utils/syscalls/gcc/syscalls.o
 .debug_macro   0x00014e07       0x35 src/ASF/sam/utils/syscalls/gcc/syscalls.o
 .debug_macro   0x00014e3c      0x122 src/ASF/sam/utils/syscalls/gcc/syscalls.o
 .debug_macro   0x00014f5e      0x6e3 src/camera.o
 .debug_macro   0x00015641      0x401 src/camera.o
 .debug_macro   0x00015a42      0x6e8 src/main.o
 .debug_macro   0x0001612a       0x10 src/main.o

.debug_line     0x00000000    0x1030a
 .debug_line    0x00000000      0xa3f src/ASF/common/services/delay/sam/cycle_counter.o
 .debug_line    0x00000a3f      0xb19 src/ASF/sam/drivers/pdc/pdc.o
 .debug_line    0x00001558      0xbde src/ASF/sam/drivers/tc/tc.o
 .debug_line    0x00002136      0xec6 src/ov2640.o
 .debug_line    0x00002ffc      0xbed src/ov2640_table_registers.o
 .debug_line    0x00003be9      0xfc9 src/timer_interface.o
 .debug_line    0x00004bb2     0x11c6 src/wifi.o
 .debug_line    0x00005d78      0xf07 src/ASF/common/boards/user_board/init.o
 .debug_line    0x00006c7f      0xcb9 src/ASF/common/services/clock/sam4s/sysclk.o
 .debug_line    0x00007938      0xe58 src/ASF/sam/drivers/pio/pio.o
 .debug_line    0x00008790      0xb3d src/ASF/sam/drivers/pio/pio_handler.o
 .debug_line    0x000092cd     0x1033 src/ASF/sam/drivers/pmc/pmc.o
 .debug_line    0x0000a300      0xce6 src/ASF/sam/drivers/spi/spi.o
 .debug_line    0x0000afe6      0xc8a src/ASF/sam/drivers/twi/twi.o
 .debug_line    0x0000bc70     0x100f src/ASF/sam/drivers/usart/usart.o
 .debug_line    0x0000cc7f      0x820 src/ASF/sam/utils/cmsis/sam4s/source/templates/gcc/startup_sam4s.o
 .debug_line    0x0000d49f      0x868 src/ASF/sam/utils/cmsis/sam4s/source/templates/system_sam4s.o
 .debug_line    0x0000dd07      0x417 src/ASF/sam/utils/syscalls/gcc/syscalls.o
 .debug_line    0x0000e11e     0x10fd src/camera.o
 .debug_line    0x0000f21b     0x10ef src/main.o

.debug_str      0x00000000    0x52291
 .debug_str     0x00000000    0x4a39c src/ASF/common/services/delay/sam/cycle_counter.o
                              0x4a773 (size before relaxing)
 .debug_str     0x0004a39c      0x1fc src/ASF/sam/drivers/pdc/pdc.o
                              0x4a7b0 (size before relaxing)
 .debug_str     0x0004a598      0x39b src/ASF/sam/drivers/tc/tc.o
                              0x4a95e (size before relaxing)
 .debug_str     0x0004a933     0x3aa6 src/ov2640.o
                              0x4e426 (size before relaxing)
 .debug_str     0x0004e3d9       0x20 src/ov2640_table_registers.o
                              0x4dbdb (size before relaxing)
 .debug_str     0x0004e3f9      0xbff src/timer_interface.o
                              0x4d343 (size before relaxing)
 .debug_str     0x0004eff8      0x700 src/wifi.o
                              0x4dd4d (size before relaxing)
 .debug_str     0x0004f6f8       0x36 src/ASF/common/boards/user_board/init.o
                              0x4ced9 (size before relaxing)
 .debug_str     0x0004f72e      0x3ae src/ASF/common/services/clock/sam4s/sysclk.o
                              0x4c300 (size before relaxing)
 .debug_str     0x0004fadc      0x4f6 src/ASF/sam/drivers/pio/pio.o
                              0x4b213 (size before relaxing)
 .debug_str     0x0004ffd2      0x18d src/ASF/sam/drivers/pio/pio_handler.o
                              0x4b10a (size before relaxing)
 .debug_str     0x0005015f      0x563 src/ASF/sam/drivers/pmc/pmc.o
                              0x4b05f (size before relaxing)
 .debug_str     0x000506c2      0x2f2 src/ASF/sam/drivers/spi/spi.o
                              0x4c318 (size before relaxing)
 .debug_str     0x000509b4      0x2c6 src/ASF/sam/drivers/twi/twi.o
                              0x4ab3e (size before relaxing)
 .debug_str     0x00050c7a      0x724 src/ASF/sam/drivers/usart/usart.o
                              0x4aff8 (size before relaxing)
 .debug_str     0x0005139e      0x428 src/ASF/sam/utils/cmsis/sam4s/source/templates/gcc/startup_sam4s.o
                              0x3a215 (size before relaxing)