Archive member included to satisfy reference by file (symbol)

c:/program files (x86)/atmel/studio/7.0/toolchain/arm/arm-gnu-toolchain/bin/../lib/gcc/arm-none-eabi/6.3.1/../../../../arm-none-eabi/lib/thumb/v7e-m\libc.a(lib_a-exit.o)
                              c:/program files (x86)/atmel/studio/7.0/toolchain/arm/arm-gnu-toolchain/bin/../lib/gcc/arm-none-eabi/6.3.1/../../../../arm-none-eabi/lib/thumb/v7e-m/crt0.o (exit)
c:/program files (x86)/atmel/studio/7.0/toolchain/arm/arm-gnu-toolchain/bin/../lib/gcc/arm-none-eabi/6.3.1/../../../../arm-none-eabi/lib/thumb/v7e-m\libc.a(lib_a-impure.o)
                              c:/program files (x86)/atmel/studio/7.0/toolchain/arm/arm-gnu-toolchain/bin/../lib/gcc/arm-none-eabi/6.3.1/../../../../arm-none-eabi/lib/thumb/v7e-m\libc.a(lib_a-exit.o) (_global_impure_ptr)
c:/program files (x86)/atmel/studio/7.0/toolchain/arm/arm-gnu-toolchain/bin/../lib/gcc/arm-none-eabi/6.3.1/../../../../arm-none-eabi/lib/thumb/v7e-m\libc.a(lib_a-init.o)
                              c:/program files (x86)/atmel/studio/7.0/toolchain/arm/arm-gnu-toolchain/bin/../lib/gcc/arm-none-eabi/6.3.1/../../../../arm-none-eabi/lib/thumb/v7e-m/crt0.o (__libc_init_array)
c:/program files (x86)/atmel/studio/7.0/toolchain/arm/arm-gnu-toolchain/bin/../lib/gcc/arm-none-eabi/6.3.1/../../../../arm-none-eabi/lib/thumb/v7e-m\libc.a(lib_a-iprintf.o)
                              src/wifi.o (iprintf)
c:/program files (x86)/atmel/studio/7.0/toolchain/arm/arm-gnu-toolchain/bin/../lib/gcc/arm-none-eabi/6.3.1/../../../../arm-none-eabi/lib/thumb/v7e-m\libc.a(lib_a-memset.o)
                              c:/program files (x86)/atmel/studio/7.0/toolchain/arm/arm-gnu-toolchain/bin/../lib/gcc/arm-none-eabi/6.3.1/../../../../arm-none-eabi/lib/thumb/v7e-m/crt0.o (memset)
c:/program files (x86)/atmel/studio/7.0/toolchain/arm/arm-gnu-toolchain/bin/../lib/gcc/arm-none-eabi/6.3.1/../../../../arm-none-eabi/lib/thumb/v7e-m\libc.a(lib_a-sprintf.o)
                              src/wifi.o (sprintf)
c:/program files (x86)/atmel/studio/7.0/toolchain/arm/arm-gnu-toolchain/bin/../lib/gcc/arm-none-eabi/6.3.1/../../../../arm-none-eabi/lib/thumb/v7e-m\libc.a(lib_a-strstr.o)
                              src/wifi.o (strstr)
c:/program files (x86)/atmel/studio/7.0/toolchain/arm/arm-gnu-toolchain/bin/../lib/gcc/arm-none-eabi/6.3.1/../../../../arm-none-eabi/lib/thumb/v7e-m\libc.a(lib_a-svfprintf.o)
                              c:/program files (x86)/atmel/studio/7.0/toolchain/arm/arm-gnu-toolchain/bin/../lib/gcc/arm-none-eabi/6.3.1/../../../../arm-none-eabi/lib/thumb/v7e-m\libc.a(lib_a-sprintf.o) (_svfprintf_r)
c:/program files (x86)/atmel/studio/7.0/toolchain/arm/arm-gnu-toolchain/bin/../lib/gcc/arm-none-eabi/6.3.1/../../../../arm-none-eabi/lib/thumb/v7e-m\libc.a(lib_a-vfiprintf.o)
                              c:/program files (x86)/atmel/studio/7.0/toolchain/arm/arm-gnu-toolchain/bin/../lib/gcc/arm-none-eabi/6.3.1/../../../../arm-none-eabi/lib/thumb/v7e-m\libc.a(lib_a-iprintf.o) (_vfiprintf_r)
c:/program files (x86)/atmel/studio/7.0/toolchain/arm/arm-gnu-toolchain/bin/../lib/gcc/arm-none-eabi/6.3.1/../../../../arm-none-eabi/lib/thumb/v7e-m\libc.a(lib_a-wsetup.o)
                              c:/program files (x86)/atmel/studio/7.0/toolchain/arm/arm-gnu-toolchain/bin/../lib/gcc/arm-none-eabi/6.3.1/../../../../arm-none-eabi/lib/thumb/v7e-m\libc.a(lib_a-vfiprintf.o) (__swsetup_r)
c:/program files (x86)/atmel/studio/7.0/toolchain/arm/arm-gnu-toolchain/bin/../lib/gcc/arm-none-eabi/6.3.1/../../../../arm-none-eabi/lib/thumb/v7e-m\libc.a(lib_a-__call_atexit.o)
                              c:/program files (x86)/atmel/studio/7.0/toolchain/arm/arm-gnu-toolchain/bin/../lib/gcc/arm-none-eabi/6.3.1/../../../../arm-none-eabi/lib/thumb/v7e-m\libc.a(lib_a-exit.o) (__call_exitprocs)
c:/program files (x86)/atmel/studio/7.0/toolchain/arm/arm-gnu-toolchain/bin/../lib/gcc/arm-none-eabi/6.3.1/../../../../arm-none-eabi/lib/thumb/v7e-m\libc.a(lib_a-atexit.o)
                              c:/program files (x86)/atmel/studio/7.0/toolchain/arm/arm-gnu-toolchain/bin/../lib/gcc/arm-none-eabi/6.3.1/../../../../arm-none-eabi/lib/thumb/v7e-m\libc.a(lib_a-__call_atexit.o) (atexit)
c:/program files (x86)/atmel/studio/7.0/toolchain/arm/arm-gnu-toolchain/bin/../lib/gcc/arm-none-eabi/6.3.1/../../../../arm-none-eabi/lib/thumb/v7e-m\libc.a(lib_a-dtoa.o)
                              c:/program files (x86)/atmel/studio/7.0/toolchain/arm/arm-gnu-toolchain/bin/../lib/gcc/arm-none-eabi/6.3.1/../../../../arm-none-eabi/lib/thumb/v7e-m\libc.a(lib_a-svfprintf.o) (_dtoa_r)
c:/program files (x86)/atmel/studio/7.0/toolchain/arm/arm-gnu-toolchain/bin/../lib/gcc/arm-none-eabi/6.3.1/../../../../arm-none-eabi/lib/thumb/v7e-m\libc.a(lib_a-fflush.o)
                              c:/program files (x86)/atmel/studio/7.0/toolchain/arm/arm-gnu-toolchain/bin/../lib/gcc/arm-none-eabi/6.3.1/../../../../arm-none-eabi/lib/thumb/v7e-m\libc.a(lib_a-vfiprintf.o) (_fflush_r)
[...]
Memory Configuration

Name             Origin             Length             Attributes
rom              0x00400000         0x00080000         xr
ram              0x20000000         0x00020000         xrw
*default*        0x00000000         0xffffffff

Linker script and memory map

LOAD c:/program files (x86)/atmel/studio/7.0/toolchain/arm/arm-gnu-toolchain/bin/../lib/gcc/arm-none-eabi/6.3.1/thumb/v7e-m/crti.o
LOAD c:/program files (x86)/atmel/studio/7.0/toolchain/arm/arm-gnu-toolchain/bin/../lib/gcc/arm-none-eabi/6.3.1/thumb/v7e-m/crtbegin.o
LOAD c:/program files (x86)/atmel/studio/7.0/toolchain/arm/arm-gnu-toolchain/bin/../lib/gcc/arm-none-eabi/6.3.1/../../../../arm-none-eabi/lib/thumb/v7e-m/crt0.o
LOAD src/ASF/common/services/delay/sam/cycle_counter.o
LOAD src/ASF/sam/drivers/pdc/pdc.o
LOAD src/ASF/sam/drivers/rtc/rtc.o
LOAD src/ASF/sam/drivers/tc/tc.o
LOAD src/ov2640.o
LOAD src/ov2640_table_registers.o
LOAD src/timer_interface.o
LOAD src/wifi.o
LOAD src/ASF/common/boards/user_board/init.o
LOAD src/ASF/common/services/clock/sam4s/sysclk.o
LOAD src/ASF/common/services/serial/usart_serial.o
LOAD src/ASF/common/services/spi/sam_spi/spi_master.o
LOAD src/ASF/common/utils/interrupt/interrupt_sam_nvic.o
LOAD src/ASF/sam/drivers/pio/pio.o
LOAD src/ASF/sam/drivers/pio/pio_handler.o
LOAD src/ASF/sam/drivers/pmc/pmc.o
LOAD src/ASF/sam/drivers/pmc/sleep.o
LOAD src/ASF/sam/drivers/spi/spi.o
LOAD src/ASF/sam/drivers/twi/twi.o
LOAD src/ASF/sam/drivers/uart/uart.o
LOAD src/ASF/sam/drivers/usart/usart.o
LOAD src/ASF/sam/utils/cmsis/sam4s/source/templates/gcc/startup_sam4s.o
LOAD src/ASF/sam/utils/cmsis/sam4s/source/templates/system_sam4s.o
LOAD src/ASF/sam/utils/syscalls/gcc/syscalls.o
LOAD src/camera.o
LOAD src/main.o
START GROUP
LOAD ../src/ASF/thirdparty/CMSIS/Lib/GCC\libarm_cortexM4l_math.a
LOAD c:/program files (x86)/atmel/studio/7.0/toolchain/arm/arm-gnu-toolchain/bin/../lib/gcc/arm-none-eabi/6.3.1/../../../../arm-none-eabi/lib/thumb/v7e-m\libm.a
END GROUP
START GROUP
LOAD c:/program files (x86)/atmel/studio/7.0/toolchain/arm/arm-gnu-toolchain/bin/../lib/gcc/arm-none-eabi/6.3.1/thumb/v7e-m\libgcc.a
LOAD c:/program files (x86)/atmel/studio/7.0/toolchain/arm/arm-gnu-toolchain/bin/../lib/gcc/arm-none-eabi/6.3.1/../../../../arm-none-eabi/lib/thumb/v7e-m\libc.a
END GROUP
LOAD c:/program files (x86)/atmel/studio/7.0/toolchain/arm/arm-gnu-toolchain/bin/../lib/gcc/arm-none-eabi/6.3.1/thumb/v7e-m/crtend.o
LOAD c:/program files (x86)/atmel/studio/7.0/toolchain/arm/arm-gnu-toolchain/bin/../lib/gcc/arm-none-eabi/6.3.1/thumb/v7e-m/crtn.o
                0x00003000                __stack_size__ = DEFINED (__stack_size__)?__stack_size__:0x3000
                0x2001fffc                __ram_end__ = ((ORIGIN (ram) + LENGTH (ram)) - 0x4)

.text           0x00400000     0x73bc
                0x00400000                . = ALIGN (0x4)
                0x00400000                _sfixed = .
 *(.vectors .vectors.*)
 .vectors       0x00400000       0xcc src/ASF/sam/utils/cmsis/sam4s/source/templates/gcc/startup_sam4s.o
                0x00400000                exception_table
 *(.text .text.* .gnu.linkonce.t.*)
 .text          0x004000cc       0x6c c:/program files (x86)/atmel/studio/7.0/toolchain/arm/arm-gnu-toolchain/bin/../lib/gcc/arm-none-eabi/6.3.1/thumb/v7e-m/crtbegin.o
 .text.pdc_tx_init
                0x00400138       0x18 src/ASF/sam/drivers/pdc/pdc.o
                0x00400138                pdc_tx_init
 .text.pdc_rx_init
                0x00400150       0x18 src/ASF/sam/drivers/pdc/pdc.o
                0x00400150                pdc_rx_init
 .text.pdc_enable_transfer
                0x00400168        0xc src/ASF/sam/drivers/pdc/pdc.o
                0x00400168                pdc_enable_transfer
 .text.pdc_disable_transfer
                0x00400174       0x10 src/ASF/sam/drivers/pdc/pdc.o
                0x00400174                pdc_disable_transfer
 .text.tc_init  0x00400184       0x18 src/ASF/sam/drivers/tc/tc.o
                0x00400184                tc_init
 .text.tc_start
                0x0040019c        0x8 src/ASF/sam/drivers/tc/tc.o
                0x0040019c                tc_start
 .text.tc_write_rc
                0x004001a4        0x8 src/ASF/sam/drivers/tc/tc.o
                0x004001a4                tc_write_rc
 .text.tc_enable_interrupt
                0x004001ac        0x8 src/ASF/sam/drivers/tc/tc.o
                0x004001ac                tc_enable_interrupt
 .text.tc_get_status
                0x004001b4        0x8 src/ASF/sam/drivers/tc/tc.o
                0x004001b4                tc_get_status
 .text.tc_find_mck_divisor
                0x004001bc       0x70 src/ASF/sam/drivers/tc/tc.o
                0x004001bc                tc_find_mck_divisor
 .text.ov_write_reg
                0x0040022c        0xc src/ov2640.o
                0x0040022c                ov_write_reg
 .text.ov_write_regs
                0x00400238       0x5c src/ov2640.o
                0x00400238                ov_write_regs
 .text.ov_configure
                0x00400294       0xbc src/ov2640.o
                0x00400294                ov_configure
 .text.TC0_Handler
                0x00400350       0x28 src/timer_interface.o
                0x00400350                TC0_Handler
 .text.configure_tc
                0x00400378       0x7c src/timer_interface.o
                0x00400378                configure_tc
 .text.wifi_command_resposne_handler
                0x004003f4        0xc src/wifi.o
                0x004003f4                wifi_command_resposne_handler
 .text.wifi_provision_handler
                0x00400400        0xc src/wifi.o
                0x00400400                wifi_provision_handler
 .text.configure_usart_wifi
                0x0040040c       0x70 src/wifi.o
                0x0040040c                configure_usart_wifi
 .text.configure_wifi_comm_pin
                0x0040047c       0x5c src/wifi.o
                0x0040047c                configure_wifi_comm_pin
 .text.configure_wifi_provision_pin
                0x004004d8       0x5c src/wifi.o
                0x004004d8                configure_wifi_provision_pin
 .text.configure_spi
                0x00400534       0x50 src/wifi.o
                0x00400534                configure_spi
 .text.write_wifi_command
                0x00400584       0x70 src/wifi.o
                0x00400584                write_wifi_command
 .text.write_image_to_web
                0x004005f4       0xa0 src/wifi.o
                0x004005f4                write_image_to_web
 .text.board_init
                0x00400694        0x2 src/ASF/common/boards/user_board/init.o
                0x00400694                board_init
 *fill*         0x00400696        0x2 
 .text.sysclk_init
                0x00400698       0x64 src/ASF/common/services/clock/sam4s/sysclk.o
                0x00400698                sysclk_init
 .text.pio_get  0x004006fc       0x18 src/ASF/sam/drivers/pio/pio.o
                0x004006fc                pio_get
 .text.pio_set_peripheral
                0x00400714       0x90 src/ASF/sam/drivers/pio/pio.o
                0x00400714                pio_set_peripheral
 .text.pio_set_input
                0x004007a4       0x32 src/ASF/sam/drivers/pio/pio.o
                0x004007a4                pio_set_input
 .text.pio_set_output
                0x004007d6       0x26 src/ASF/sam/drivers/pio/pio.o
                0x004007d6                pio_set_output
 .text.pio_configure
                0x004007fc       0x8c src/ASF/sam/drivers/pio/pio.o
                0x004007fc                pio_configure
 .text.pio_configure_interrupt
                0x00400888       0x2e src/ASF/sam/drivers/pio/pio.o
                0x00400888                pio_configure_interrupt
 .text.pio_enable_interrupt
                0x004008b6        0x4 src/ASF/sam/drivers/pio/pio.o
                0x004008b6                pio_enable_interrupt
 .text.pio_get_interrupt_status
                0x004008ba        0x4 src/ASF/sam/drivers/pio/pio.o
                0x004008ba                pio_get_interrupt_status
 .text.pio_get_interrupt_mask
                0x004008be        0x4 src/ASF/sam/drivers/pio/pio.o
                0x004008be                pio_get_interrupt_mask
 .text.pio_set_pin_high
                0x004008c2       0x1a src/ASF/sam/drivers/pio/pio.o
                0x004008c2                pio_set_pin_high
 .text.pio_set_pin_low
                0x004008dc       0x1a src/ASF/sam/drivers/pio/pio.o
                0x004008dc                pio_set_pin_low
 *fill*         0x004008f6        0x2 
 .text.pio_configure_pin
                0x004008f8      0x120 src/ASF/sam/drivers/pio/pio.o
                0x004008f8                pio_configure_pin
 .text.pio_handler_process
                0x00400a18       0x68 src/ASF/sam/drivers/pio/pio_handler.o
                0x00400a18                pio_handler_process
 .text.pio_handler_set
                0x00400a80       0x70 src/ASF/sam/drivers/pio/pio_handler.o
                0x00400a80                pio_handler_set
 .text.PIOA_Handler
                0x00400af0       0x14 src/ASF/sam/drivers/pio/pio_handler.o
                0x00400af0                PIOA_Handler
 .text.PIOB_Handler
                0x00400b04       0x14 src/ASF/sam/drivers/pio/pio_handler.o
                0x00400b04                PIOB_Handler
 .text.pmc_switch_mck_to_pllack
                0x00400b18       0x64 src/ASF/sam/drivers/pmc/pmc.o
                0x00400b18                pmc_switch_mck_to_pllack
 .text.pmc_switch_mainck_to_xtal
                0x00400b7c       0x54 src/ASF/sam/drivers/pmc/pmc.o
                0x00400b7c                pmc_switch_mainck_to_xtal
 .text.pmc_osc_is_ready_mainck
                0x00400bd0       0x10 src/ASF/sam/drivers/pmc/pmc.o
                0x00400bd0                pmc_osc_is_ready_mainck
 .text.pmc_disable_pllack
                0x00400be0       0x10 src/ASF/sam/drivers/pmc/pmc.o
                0x00400be0                pmc_disable_pllack
 .text.pmc_is_locked_pllack
                0x00400bf0       0x10 src/ASF/sam/drivers/pmc/pmc.o
                0x00400bf0                pmc_is_locked_pllack
 .text.pmc_enable_periph_clk
                0x00400c00       0x54 src/ASF/sam/drivers/pmc/pmc.o
                0x00400c00                pmc_enable_periph_clk
 .text.pmc_switch_pck_to_mainck
                0x00400c54       0x3c src/ASF/sam/drivers/pmc/pmc.o
                0x00400c54                pmc_switch_pck_to_mainck
 .text.pmc_enable_pck
                0x00400c90       0x14 src/ASF/sam/drivers/pmc/pmc.o
                0x00400c90                pmc_enable_pck
 .text.spi_set_bits_per_transfer
                0x00400ca4       0x14 src/ASF/sam/drivers/spi/spi.o
                0x00400ca4                spi_set_bits_per_transfer
 .text.twi_set_speed
                0x00400cb8       0xb8 src/ASF/sam/drivers/twi/twi.o
                0x00400cb8                twi_set_speed
 .text.twi_master_init
                0x00400d70       0x40 src/ASF/sam/drivers/twi/twi.o
                0x00400d70                twi_master_init
 .text.twi_mk_addr
                0x00400db0       0x22 src/ASF/sam/drivers/twi/twi.o
                0x00400db0                twi_mk_addr
 *fill*         0x00400dd2        0x2 
 .text.twi_master_write
                0x00400dd4       0x88 src/ASF/sam/drivers/twi/twi.o
                0x00400dd4                twi_master_write
 .text.usart_set_async_baudrate
                0x00400e5c       0x58 src/ASF/sam/drivers/usart/usart.o
                0x00400e5c                usart_set_async_baudrate
 .text.usart_reset
                0x00400eb4       0x30 src/ASF/sam/drivers/usart/usart.o
                0x00400eb4                usart_reset
 .text.usart_init_rs232
                0x00400ee4       0x54 src/ASF/sam/drivers/usart/usart.o
                0x00400ee4                usart_init_rs232
 .text.usart_enable_tx
                0x00400f38        0x6 src/ASF/sam/drivers/usart/usart.o
                0x00400f38                usart_enable_tx
 .text.usart_enable_rx
                0x00400f3e        0x6 src/ASF/sam/drivers/usart/usart.o
                0x00400f3e                usart_enable_rx
 .text.usart_enable_interrupt
                0x00400f44        0x4 src/ASF/sam/drivers/usart/usart.o
                0x00400f44                usart_enable_interrupt
 .text.usart_write
                0x00400f48       0x14 src/ASF/sam/drivers/usart/usart.o
                0x00400f48                usart_write
 .text.Dummy_Handler
                0x00400f5c        0x2 src/ASF/sam/utils/cmsis/sam4s/source/templates/gcc/startup_sam4s.o
                0x00400f5c                DACC_Handler
                0x00400f5c                DebugMon_Handler
                0x00400f5c                HardFault_Handler
                0x00400f5c                TC2_Handler
                0x00400f5c                SPI_Handler
                0x00400f5c                SysTick_Handler
                0x00400f5c                TWI1_Handler
                0x00400f5c                PendSV_Handler
                0x00400f5c                NMI_Handler
                0x00400f5c                ADC_Handler
                0x00400f5c                CRCCU_Handler
                0x00400f5c                USART0_Handler
                0x00400f5c                RTT_Handler
                0x00400f5c                RTC_Handler
                0x00400f5c                UsageFault_Handler
                0x00400f5c                WDT_Handler
                0x00400f5c                TC1_Handler
                0x00400f5c                HSMCI_Handler
                0x00400f5c                UART1_Handler
                0x00400f5c                Dummy_Handler
                0x00400f5c                TWI0_Handler
                0x00400f5c                USART1_Handler
                0x00400f5c                SSC_Handler
                0x00400f5c                EFC0_Handler
                0x00400f5c                ACC_Handler
                0x00400f5c                PMC_Handler
                0x00400f5c                PWM_Handler
                0x00400f5c                MemManage_Handler
                0x00400f5c                SUPC_Handler
                0x00400f5c                SVC_Handler
                0x00400f5c                UART0_Handler
                0x00400f5c                UDP_Handler
                0x00400f5c                BusFault_Handler
                0x00400f5c                RSTC_Handler
 *fill*         0x00400f5e        0x2 
 .text.Reset_Handler
                0x00400f60       0xac src/ASF/sam/utils/cmsis/sam4s/source/templates/gcc/startup_sam4s.o
                0x00400f60                Reset_Handler
 .text.SystemCoreClockUpdate
                0x0040100c      0x110 src/ASF/sam/utils/cmsis/sam4s/source/templates/system_sam4s.o
                0x0040100c                SystemCoreClockUpdate
 .text.system_init_flash
                0x0040111c       0x74 src/ASF/sam/utils/cmsis/sam4s/source/templates/system_sam4s.o
                0x0040111c                system_init_flash
 .text._sbrk    0x00401190       0x38 src/ASF/sam/utils/syscalls/gcc/syscalls.o
                0x00401190                _sbrk
 .text.vsync_handler
                0x004011c8        0xc src/camera.o
                0x004011c8                vsync_handler
 .text.init_vsync_interrupts
                0x004011d4       0x40 src/camera.o
                0x004011d4                init_vsync_interrupts
 .text.configure_twi
                0x00401214       0x34 src/camera.o
                0x00401214                configure_twi
 .text.init_camera
                0x00401248       0x8c src/camera.o
                0x00401248                init_camera
 .text.configure_camera
                0x004012d4       0x28 src/camera.o
                0x004012d4                configure_camera
 .text.find_image_len
                0x004012fc       0x64 src/camera.o
                0x004012fc                find_image_len
 .text.start_capture
                0x00401360       0x74 src/camera.o
                0x00401360                start_capture
 .text.configure_status_pins
                0x004013d4       0x64 src/main.o
                0x004013d4                configure_status_pins
 .text.main     0x00401438      0x164 src/main.o
                0x00401438                main
 .text.__libc_init_array
                0x0040159c       0x50 c:/program files (x86)/atmel/studio/7.0/toolchain/arm/arm-gnu-toolchain/bin/../lib/gcc/arm-none-eabi/6.3.1/../../../../arm-none-eabi/lib/thumb/v7e-m\libc.a(lib_a-init.o)
                0x0040159c                __libc_init_array
 .text.memset   0x004015ec       0x9c c:/program files (x86)/atmel/studio/7.0/toolchain/arm/arm-gnu-toolchain/bin/../lib/gcc/arm-none-eabi/6.3.1/../../../../arm-none-eabi/lib/thumb/v7e-m\libc.a(lib_a-memset.o)
                0x004015ec                memset
 .text.sprintf  0x00401688       0x4c c:/program files (x86)/atmel/studio/7.0/toolchain/arm/arm-gnu-toolchain/bin/../lib/gcc/arm-none-eabi/6.3.1/../../../../arm-none-eabi/lib/thumb/v7e-m\libc.a(lib_a-sprintf.o)
                0x00401688                sprintf
 .text.critical_factorization
                0x004016d4       0xb4 c:/program files (x86)/atmel/studio/7.0/toolchain/arm/arm-gnu-toolchain/bin/../lib/gcc/arm-none-eabi/6.3.1/../../../../arm-none-eabi/lib/thumb/v7e-m\libc.a(lib_a-strstr.o)
 .text.two_way_long_needle
                0x00401788      0x1fc c:/program files (x86)/atmel/studio/7.0/toolchain/arm/arm-gnu-toolchain/bin/../lib/gcc/arm-none-eabi/6.3.1/../../../../arm-none-eabi/lib/thumb/v7e-m\libc.a(lib_a-strstr.o)
 .text.strstr   0x00401984      0x218 c:/program files (x86)/atmel/studio/7.0/toolchain/arm/arm-gnu-toolchain/bin/../lib/gcc/arm-none-eabi/6.3.1/../../../../arm-none-eabi/lib/thumb/v7e-m\libc.a(lib_a-strstr.o)
                0x00401984                strstr
 .text._svfprintf_r
                0x00401b9c     0x145c c:/program files (x86)/atmel/studio/7.0/toolchain/arm/arm-gnu-toolchain/bin/../lib/gcc/arm-none-eabi/6.3.1/../../../../arm-none-eabi/lib/thumb/v7e-m\libc.a(lib_a-svfprintf.o)
                0x00401b9c                _svfprintf_r
 .text.startup.register_fini
                0x00402ff8       0x14 c:/program files (x86)/atmel/studio/7.0/toolchain/arm/arm-gnu-toolchain/bin/../lib/gcc/arm-none-eabi/6.3.1/../../../../arm-none-eabi/lib/thumb/v7e-m\libc.a(lib_a-__call_atexit.o)
 .text.atexit   0x0040300c        0xc c:/program files (x86)/atmel/studio/7.0/toolchain/arm/arm-gnu-toolchain/bin/../lib/gcc/arm-none-eabi/6.3.1/../../../../arm-none-eabi/lib/thumb/v7e-m\libc.a(lib_a-atexit.o)
                0x0040300c                atexit
 .text.quorem   0x00403018      0x128 c:/program files (x86)/atmel/studio/7.0/toolchain/arm/arm-gnu-toolchain/bin/../lib/gcc/arm-none-eabi/6.3.1/../../../../arm-none-eabi/lib/thumb/v7e-m\libc.a(lib_a-dtoa.o)
 .text._dtoa_r  0x00403140      0xe54 c:/program files (x86)/atmel/studio/7.0/toolchain/arm/arm-gnu-toolchain/bin/../lib/gcc/arm-none-eabi/6.3.1/../../../../arm-none-eabi/lib/thumb/v7e-m\libc.a(lib_a-dtoa.o)
                0x00403140                _dtoa_r
 .text.__libc_fini_array
                0x00403f94       0x34 c:/program files (x86)/atmel/studio/7.0/toolchain/arm/arm-gnu-toolchain/bin/../lib/gcc/arm-none-eabi/6.3.1/../../../../arm-none-eabi/lib/thumb/v7e-m\libc.a(lib_a-fini.o)
                0x00403f94                __libc_fini_array
 .text._malloc_trim_r
                0x00403fc8       0xa0 c:/program files (x86)/atmel/studio/7.0/toolchain/arm/arm-gnu-toolchain/bin/../lib/gcc/arm-none-eabi/6.3.1/../../../../arm-none-eabi/lib/thumb/v7e-m\libc.a(lib_a-freer.o)
                0x00403fc8                _malloc_trim_r
 .text._free_r  0x00404068      0x1cc c:/program files (x86)/atmel/studio/7.0/toolchain/arm/arm-gnu-toolchain/bin/../lib/gcc/arm-none-eabi/6.3.1/../../../../arm-none-eabi/lib/thumb/v7e-m\libc.a(lib_a-freer.o)
                0x00404068                _free_r
 .text._localeconv_r
                0x00404234       0x1c c:/program files (x86)/atmel/studio/7.0/toolchain/arm/arm-gnu-toolchain/bin/../lib/gcc/arm-none-eabi/6.3.1/../../../../arm-none-eabi/lib/thumb/v7e-m\libc.a(lib_a-localeconv.o)
                0x00404234                _localeconv_r
 .text.__retarget_lock_acquire_recursive
                0x00404250        0x4 c:/program files (x86)/atmel/studio/7.0/toolchain/arm/arm-gnu-toolchain/bin/../lib/gcc/arm-none-eabi/6.3.1/../../../../arm-none-eabi/lib/thumb/v7e-m\libc.a(lib_a-lock.o)
                0x00404250                __retarget_lock_acquire_recursive
 .text.__retarget_lock_release_recursive
                0x00404254        0x4 c:/program files (x86)/atmel/studio/7.0/toolchain/arm/arm-gnu-toolchain/bin/../lib/gcc/arm-none-eabi/6.3.1/../../../../arm-none-eabi/lib/thumb/v7e-m\libc.a(lib_a-lock.o)
                0x00404254                __retarget_lock_release_recursive
 .text._malloc_r
                0x00404258      0x560 c:/program files (x86)/atmel/studio/7.0/toolchain/arm/arm-gnu-toolchain/bin/../lib/gcc/arm-none-eabi/6.3.1/../../../../arm-none-eabi/lib/thumb/v7e-m\libc.a(lib_a-mallocr.o)
                0x00404258                _malloc_r
 .text.__ascii_mbtowc
                0x004047b8       0x2c c:/program files (x86)/atmel/studio/7.0/toolchain/arm/arm-gnu-toolchain/bin/../lib/gcc/arm-none-eabi/6.3.1/../../../../arm-none-eabi/lib/thumb/v7e-m\libc.a(lib_a-mbtowc_r.o)
                0x004047b8                __ascii_mbtowc
 *fill*         0x004047e4        0xc 
 .text          0x004047f0       0xa0 c:/program files (x86)/atmel/studio/7.0/toolchain/arm/arm-gnu-toolchain/bin/../lib/gcc/arm-none-eabi/6.3.1/../../../../arm-none-eabi/lib/thumb/v7e-m\libc.a(lib_a-memchr.o)
                0x004047f0                memchr
 .text.memcmp   0x00404890       0x60 c:/program files (x86)/atmel/studio/7.0/toolchain/arm/arm-gnu-toolchain/bin/../lib/gcc/arm-none-eabi/6.3.1/../../../../arm-none-eabi/lib/thumb/v7e-m\libc.a(lib_a-memcmp.o)
                0x00404890                memcmp
 .text          0x004048f0      0x134 c:/program files (x86)/atmel/studio/7.0/toolchain/arm/arm-gnu-toolchain/bin/../lib/gcc/arm-none-eabi/6.3.1/../../../../arm-none-eabi/lib/thumb/v7e-m\libc.a(lib_a-memcpy.o)
                0x004048f0                memcpy
 .text.memmove  0x00404a24       0xc8 c:/program files (x86)/atmel/studio/7.0/toolchain/arm/arm-gnu-toolchain/bin/../lib/gcc/arm-none-eabi/6.3.1/../../../../arm-none-eabi/lib/thumb/v7e-m\libc.a(lib_a-memmove.o)
                0x00404a24                memmove
 .text.__malloc_lock
                0x00404aec        0xc c:/program files (x86)/atmel/studio/7.0/toolchain/arm/arm-gnu-toolchain/bin/../lib/gcc/arm-none-eabi/6.3.1/../../../../arm-none-eabi/lib/thumb/v7e-m\libc.a(lib_a-mlock.o)
                0x00404aec                __malloc_lock
 .text.__malloc_unlock
                0x00404af8        0xc c:/program files (x86)/atmel/studio/7.0/toolchain/arm/arm-gnu-toolchain/bin/../lib/gcc/arm-none-eabi/6.3.1/../../../../arm-none-eabi/lib/thumb/v7e-m\libc.a(lib_a-mlock.o)
                0x00404af8                __malloc_unlock
 .text._Balloc  0x00404b04       0x4c c:/program files (x86)/atmel/studio/7.0/toolchain/arm/arm-gnu-toolchain/bin/../lib/gcc/arm-none-eabi/6.3.1/../../../../arm-none-eabi/lib/thumb/v7e-m\libc.a(lib_a-mprec.o)
                0x00404b04                _Balloc
 .text._Bfree   0x00404b50       0x14 c:/program files (x86)/atmel/studio/7.0/toolchain/arm/arm-gnu-toolchain/bin/../lib/gcc/arm-none-eabi/6.3.1/../../../../arm-none-eabi/lib/thumb/v7e-m\libc.a(lib_a-mprec.o)
                0x00404b50                _Bfree
 .text.__multadd
                0x00404b64       0x80 c:/program files (x86)/atmel/studio/7.0/toolchain/arm/arm-gnu-toolchain/bin/../lib/gcc/arm-none-eabi/6.3.1/../../../../arm-none-eabi/lib/thumb/v7e-m\libc.a(lib_a-mprec.o)
                0x00404b64                __multadd
 .text.__hi0bits
                0x00404be4       0x40 c:/program files (x86)/atmel/studio/7.0/toolchain/arm/arm-gnu-toolchain/bin/../lib/gcc/arm-none-eabi/6.3.1/../../../../arm-none-eabi/lib/thumb/v7e-m\libc.a(lib_a-mprec.o)
                0x00404be4                __hi0bits
 .text.__lo0bits
                0x00404c24       0x60 c:/program files (x86)/atmel/studio/7.0/toolchain/arm/arm-gnu-toolchain/bin/../lib/gcc/arm-none-eabi/6.3.1/../../../../arm-none-eabi/lib/thumb/v7e-m\libc.a(lib_a-mprec.o)
                0x00404c24                __lo0bits
 .text.__i2b    0x00404c84       0x14 c:/program files (x86)/atmel/studio/7.0/toolchain/arm/arm-gnu-toolchain/bin/../lib/gcc/arm-none-eabi/6.3.1/../../../../arm-none-eabi/lib/thumb/v7e-m\libc.a(lib_a-mprec.o)
                0x00404c84                __i2b
 .text.__multiply
                0x00404c98      0x124 c:/program files (x86)/atmel/studio/7.0/toolchain/arm/arm-gnu-toolchain/bin/../lib/gcc/arm-none-eabi/6.3.1/../../../../arm-none-eabi/lib/thumb/v7e-m\libc.a(lib_a-mprec.o)
                0x00404c98                __multiply
 .text.__pow5mult
                0x00404dbc       0xa0 c:/program files (x86)/atmel/studio/7.0/toolchain/arm/arm-gnu-toolchain/bin/../lib/gcc/arm-none-eabi/6.3.1/../../../../arm-none-eabi/lib/thumb/v7e-m\libc.a(lib_a-mprec.o)
                0x00404dbc                __pow5mult
 .text.__lshift
                0x00404e5c       0xa4 c:/program files (x86)/atmel/studio/7.0/toolchain/arm/arm-gnu-toolchain/bin/../lib/gcc/arm-none-eabi/6.3.1/../../../../arm-none-eabi/lib/thumb/v7e-m\libc.a(lib_a-mprec.o)
                0x00404e5c                __lshift
 .text.__mcmp   0x00404f00       0x38 c:/program files (x86)/atmel/studio/7.0/toolchain/arm/arm-gnu-toolchain/bin/../lib/gcc/arm-none-eabi/6.3.1/../../../../arm-none-eabi/lib/thumb/v7e-m\libc.a(lib_a-mprec.o)
                0x00404f00                __mcmp
 .text.__mdiff  0x00404f38      0x108 c:/program files (x86)/atmel/studio/7.0/toolchain/arm/arm-gnu-toolchain/bin/../lib/gcc/arm-none-eabi/6.3.1/../../../../arm-none-eabi/lib/thumb/v7e-m\libc.a(lib_a-mprec.o)
                0x00404f38                __mdiff
 .text.__d2b    0x00405040       0xb8 c:/program files (x86)/atmel/studio/7.0/toolchain/arm/arm-gnu-toolchain/bin/../lib/gcc/arm-none-eabi/6.3.1/../../../../arm-none-eabi/lib/thumb/v7e-m\libc.a(lib_a-mprec.o)
                0x00405040                __d2b
 .text._realloc_r
                0x004050f8      0x34c c:/program files (x86)/atmel/studio/7.0/toolchain/arm/arm-gnu-toolchain/bin/../lib/gcc/arm-none-eabi/6.3.1/../../../../arm-none-eabi/lib/thumb/v7e-m\libc.a(lib_a-reallocr.o)
                0x004050f8                _realloc_r
 .text._sbrk_r  0x00405444       0x24 c:/program files (x86)/atmel/studio/7.0/toolchain/arm/arm-gnu-toolchain/bin/../lib/gcc/arm-none-eabi/6.3.1/../../../../arm-none-eabi/lib/thumb/v7e-m\libc.a(lib_a-sbrkr.o)
                0x00405444                _sbrk_r
 .text.strchr   0x00405468       0xe8 c:/program files (x86)/atmel/studio/7.0/toolchain/arm/arm-gnu-toolchain/bin/../lib/gcc/arm-none-eabi/6.3.1/../../../../arm-none-eabi/lib/thumb/v7e-m\libc.a(lib_a-strchr.o)
                0x00405468                strchr
 *fill*         0x00405550       0x30 
 .text          0x00405580       0xdc c:/program files (x86)/atmel/studio/7.0/toolchain/arm/arm-gnu-toolchain/bin/../lib/gcc/arm-none-eabi/6.3.1/../../../../arm-none-eabi/lib/thumb/v7e-m\libc.a(lib_a-strlen.o)
                0x00405580                strlen
 .text.__ssprint_r
                0x0040565c       0xfc c:/program files (x86)/atmel/studio/7.0/toolchain/arm/arm-gnu-toolchain/bin/../lib/gcc/arm-none-eabi/6.3.1/../../../../arm-none-eabi/lib/thumb/v7e-m\libc.a(lib_a-svfiprintf.o)
                0x0040565c                __ssprint_r
 .text.__ascii_wctomb
                0x00405758       0x1c c:/program files (x86)/atmel/studio/7.0/toolchain/arm/arm-gnu-toolchain/bin/../lib/gcc/arm-none-eabi/6.3.1/../../../../arm-none-eabi/lib/thumb/v7e-m\libc.a(lib_a-wctomb_r.o)
                0x00405758                __ascii_wctomb
 .text.__register_exitproc
                0x00405774       0xc4 c:/program files (x86)/atmel/studio/7.0/toolchain/arm/arm-gnu-toolchain/bin/../lib/gcc/arm-none-eabi/6.3.1/../../../../arm-none-eabi/lib/thumb/v7e-m\libc.a(lib_a-__atexit.o)
                0x00405774                __register_exitproc
 .text._calloc_r
                0x00405838       0x60 c:/program files (x86)/atmel/studio/7.0/toolchain/arm/arm-gnu-toolchain/bin/../lib/gcc/arm-none-eabi/6.3.1/../../../../arm-none-eabi/lib/thumb/v7e-m\libc.a(lib_a-callocr.o)
                0x00405838                _calloc_r
 .text          0x00405898      0x370 c:/program files (x86)/atmel/studio/7.0/toolchain/arm/arm-gnu-toolchain/bin/../lib/gcc/arm-none-eabi/6.3.1/thumb/v7e-m\libgcc.a(_arm_addsubdf3.o)
                0x00405898                __aeabi_drsub
                0x004058a0                __aeabi_dsub
                0x004058a0                __subdf3
                0x004058a4                __aeabi_dadd
                0x004058a4                __adddf3
                0x00405b1c                __floatunsidf
                0x00405b1c                __aeabi_ui2d
                0x00405b3c                __floatsidf
                0x00405b3c                __aeabi_i2d
                0x00405b60                __aeabi_f2d
                0x00405b60                __extendsfdf2
                0x00405b9c                __floatundidf
                0x00405b9c                __aeabi_ul2d
                0x00405bac                __floatdidf
                0x00405bac                __aeabi_l2d
 .text          0x00405c08      0x424 c:/program files (x86)/atmel/studio/7.0/toolchain/arm/arm-gnu-toolchain/bin/../lib/gcc/arm-none-eabi/6.3.1/thumb/v7e-m\libgcc.a(_arm_muldivdf3.o)
                0x00405c08                __aeabi_dmul
                0x00405c08                __muldf3
                0x00405e5c                __divdf3
                0x00405e5c                __aeabi_ddiv
 .text          0x0040602c      0x110 c:/program files (x86)/atmel/studio/7.0/toolchain/arm/arm-gnu-toolchain/bin/../lib/gcc/arm-none-eabi/6.3.1/thumb/v7e-m\libgcc.a(_arm_cmpdf2.o)
                0x0040602c                __gtdf2
                0x0040602c                __gedf2
                0x00406034                __ltdf2
                0x00406034                __ledf2
                0x0040603c                __nedf2
                0x0040603c                __eqdf2
                0x0040603c                __cmpdf2
                0x004060b8                __aeabi_cdrcmple
                0x004060c8                __aeabi_cdcmpeq
                0x004060c8                __aeabi_cdcmple
                0x004060d8                __aeabi_dcmpeq
                0x004060ec                __aeabi_dcmplt
                0x00406100                __aeabi_dcmple
                0x00406114                __aeabi_dcmpge
                0x00406128                __aeabi_dcmpgt
 .text          0x0040613c       0x2c c:/program files (x86)/atmel/studio/7.0/toolchain/arm/arm-gnu-toolchain/bin/../lib/gcc/arm-none-eabi/6.3.1/thumb/v7e-m\libgcc.a(_arm_unorddf2.o)
                0x0040613c                __unorddf2
                0x0040613c                __aeabi_dcmpun
 .text          0x00406168       0x50 c:/program files (x86)/atmel/studio/7.0/toolchain/arm/arm-gnu-toolchain/bin/../lib/gcc/arm-none-eabi/6.3.1/thumb/v7e-m\libgcc.a(_arm_fixdfsi.o)
                0x00406168                __aeabi_d2iz
                0x00406168                __fixdfsi
 .text          0x004061b8       0x30 c:/program files (x86)/atmel/studio/7.0/toolchain/arm/arm-gnu-toolchain/bin/../lib/gcc/arm-none-eabi/6.3.1/thumb/v7e-m\libgcc.a(_aeabi_uldivmod.o)
                0x004061b8                __aeabi_uldivmod
 .text          0x004061e8      0x2dc c:/program files (x86)/atmel/studio/7.0/toolchain/arm/arm-gnu-toolchain/bin/../lib/gcc/arm-none-eabi/6.3.1/thumb/v7e-m\libgcc.a(_udivmoddi4.o)
                0x004061e8                __udivmoddi4
 .text          0x004064c4        0x4 c:/program files (x86)/atmel/studio/7.0/toolchain/arm/arm-gnu-toolchain/bin/../lib/gcc/arm-none-eabi/6.3.1/thumb/v7e-m\libgcc.a(_dvmd_tls.o)
                0x004064c4                __aeabi_idiv0
                0x004064c4                __aeabi_ldiv0
 *(.glue_7t)
 .glue_7t       0x004064c8        0x0 linker stubs
 *(.glue_7)
 .glue_7        0x004064c8        0x0 linker stubs
 *(.rodata .rodata* .gnu.linkonce.r.*)
 .rodata.OV2640_JPEG
                0x004064c8       0x12 src/ov2640_table_registers.o
                0x004064c8                OV2640_JPEG
 *fill*         0x004064da        0x2 
 .rodata.OV2640_JPEG_1024x768
                0x004064dc       0x4e src/ov2640_table_registers.o
                0x004064dc                OV2640_JPEG_1024x768
 *fill*         0x0040652a        0x2 
 .rodata.OV2640_JPEG_1280x1024
                0x0040652c       0x52 src/ov2640_table_registers.o
                0x0040652c                OV2640_JPEG_1280x1024
 *fill*         0x0040657e        0x2 
 .rodata.OV2640_JPEG_1600x1200
                0x00406580       0x52 src/ov2640_table_registers.o
                0x00406580                OV2640_JPEG_1600x1200
 *fill*         0x004065d2        0x2 
 .rodata.OV2640_JPEG_320x240
                0x004065d4       0x50 src/ov2640_table_registers.o
                0x004065d4                OV2640_JPEG_320x240
 .rodata.OV2640_JPEG_640x480
                0x00406624       0x52 src/ov2640_table_registers.o
                0x00406624                OV2640_JPEG_640x480
 *fill*         0x00406676        0x2 
 .rodata.OV2640_JPEG_800x600
                0x00406678       0x52 src/ov2640_table_registers.o
                0x00406678                OV2640_JPEG_800x600
 *fill*         0x004066ca        0x2 
 .rodata.OV2640_JPEG_INIT
                0x004066cc      0x17e src/ov2640_table_registers.o
                0x004066cc                OV2640_JPEG_INIT
 *fill*         0x0040684a        0x2 
 .rodata.OV2640_QQVGA_RGB888
                0x0040684c       0xf4 src/ov2640_table_registers.o
                0x0040684c                OV2640_QQVGA_RGB888
 .rodata.OV2640_QQVGA_YUV422
                0x00406940       0xf4 src/ov2640_table_registers.o
                0x00406940                OV2640_QQVGA_YUV422
 .rodata.OV2640_QVGA_RGB888
                0x00406a34       0xf4 src/ov2640_table_registers.o
                0x00406a34                OV2640_QVGA_RGB888
 .rodata.OV2640_QVGA_YUV422_10FPS
                0x00406b28       0xf0 src/ov2640_table_registers.o
                0x00406b28                OV2640_QVGA_YUV422_10FPS
 .rodata.OV2640_QVGA_YUV422_15FPS
                0x00406c18       0xf0 src/ov2640_table_registers.o
                0x00406c18                OV2640_QVGA_YUV422_15FPS
 .rodata.OV2640_QVGA_YUV422_20FPS
                0x00406d08       0xf0 src/ov2640_table_registers.o
                0x00406d08                OV2640_QVGA_YUV422_20FPS
 .rodata.OV2640_QVGA_YUV422_30FPS
                0x00406df8       0xf0 src/ov2640_table_registers.o
                0x00406df8                OV2640_QVGA_YUV422_30FPS
 .rodata.OV2640_TEST_PATTERN
                0x00406ee8       0xf4 src/ov2640_table_registers.o
                0x00406ee8                OV2640_TEST_PATTERN
 .rodata.OV2640_VGA_YUV422_20FPS
                0x00406fdc       0xf0 src/ov2640_table_registers.o
                0x00406fdc                OV2640_VGA_YUV422_20FPS
 .rodata.OV2640_YUV422
                0x004070cc       0x14 src/ov2640_table_registers.o
                0x004070cc                OV2640_YUV422
 .rodata.write_image_to_web.str1.4
                0x004070e0       0x12 src/wifi.o
 *fill*         0x004070f2        0x2 
 .rodata.main.str1.4
                0x004070f4       0x1a src/main.o
 *fill*         0x0040710e        0x2 
 .rodata._global_impure_ptr
                0x00407110        0x4 c:/program files (x86)/atmel/studio/7.0/toolchain/arm/arm-gnu-toolchain/bin/../lib/gcc/arm-none-eabi/6.3.1/../../../../arm-none-eabi/lib/thumb/v7e-m\libc.a(lib_a-impure.o)
                0x00407110                _global_impure_ptr
 .rodata._svfprintf_r.str1.4
                0x00407114       0x42 c:/program files (x86)/atmel/studio/7.0/toolchain/arm/arm-gnu-toolchain/bin/../lib/gcc/arm-none-eabi/6.3.1/../../../../arm-none-eabi/lib/thumb/v7e-m\libc.a(lib_a-svfprintf.o)
 *fill*         0x00407156        0x2 
 .rodata.blanks.7223
                0x00407158       0x10 c:/program files (x86)/atmel/studio/7.0/toolchain/arm/arm-gnu-toolchain/bin/../lib/gcc/arm-none-eabi/6.3.1/../../../../arm-none-eabi/lib/thumb/v7e-m\libc.a(lib_a-svfprintf.o)
 .rodata.zeroes.7224
                0x00407168       0x10 c:/program files (x86)/atmel/studio/7.0/toolchain/arm/arm-gnu-toolchain/bin/../lib/gcc/arm-none-eabi/6.3.1/../../../../arm-none-eabi/lib/thumb/v7e-m\libc.a(lib_a-svfprintf.o)
 .rodata._dtoa_r.str1.4
                0x00407178       0x10 c:/program files (x86)/atmel/studio/7.0/toolchain/arm/arm-gnu-toolchain/bin/../lib/gcc/arm-none-eabi/6.3.1/../../../../arm-none-eabi/lib/thumb/v7e-m\libc.a(lib_a-dtoa.o)
                                 0x12 (size before relaxing)
 .rodata._setlocale_r.str1.4
                0x00407188        0xa c:/program files (x86)/atmel/studio/7.0/toolchain/arm/arm-gnu-toolchain/bin/../lib/gcc/arm-none-eabi/6.3.1/../../../../arm-none-eabi/lib/thumb/v7e-m\libc.a(lib_a-locale.o)
                                  0xd (size before relaxing)
 *fill*         0x00407192        0x2 
 .rodata.str1.4
                0x00407194        0x4 c:/program files (x86)/atmel/studio/7.0/toolchain/arm/arm-gnu-toolchain/bin/../lib/gcc/arm-none-eabi/6.3.1/../../../../arm-none-eabi/lib/thumb/v7e-m\libc.a(lib_a-locale.o)
                                  0x2 (size before relaxing)
 .rodata.__mprec_bigtens
                0x00407198       0x28 c:/program files (x86)/atmel/studio/7.0/toolchain/arm/arm-gnu-toolchain/bin/../lib/gcc/arm-none-eabi/6.3.1/../../../../arm-none-eabi/lib/thumb/v7e-m\libc.a(lib_a-mprec.o)
                0x00407198                __mprec_bigtens
 .rodata.__mprec_tens
                0x004071c0       0xc8 c:/program files (x86)/atmel/studio/7.0/toolchain/arm/arm-gnu-toolchain/bin/../lib/gcc/arm-none-eabi/6.3.1/../../../../arm-none-eabi/lib/thumb/v7e-m\libc.a(lib_a-mprec.o)
                0x004071c0                __mprec_tens
 .rodata.p05.6055
                0x00407288        0xc c:/program files (x86)/atmel/studio/7.0/toolchain/arm/arm-gnu-toolchain/bin/../lib/gcc/arm-none-eabi/6.3.1/../../../../arm-none-eabi/lib/thumb/v7e-m\libc.a(lib_a-mprec.o)
 .rodata._ctype_
                0x00407294      0x101 c:/program files (x86)/atmel/studio/7.0/toolchain/arm/arm-gnu-toolchain/bin/../lib/gcc/arm-none-eabi/6.3.1/../../../../arm-none-eabi/lib/thumb/v7e-m\libc.a(lib_a-ctype_.o)
                0x00407294                _ctype_
 *(.ARM.extab* .gnu.linkonce.armextab.*)
                0x00407398                . = ALIGN (0x4)
 *fill*         0x00407395        0x3 
 *(.init)
 .init          0x00407398        0x4 c:/program files (x86)/atmel/studio/7.0/toolchain/arm/arm-gnu-toolchain/bin/../lib/gcc/arm-none-eabi/6.3.1/thumb/v7e-m/crti.o
                0x00407398                _init
 .init          0x0040739c        0x8 c:/program files (x86)/atmel/studio/7.0/toolchain/arm/arm-gnu-toolchain/bin/../lib/gcc/arm-none-eabi/6.3.1/thumb/v7e-m/crtn.o
                0x004073a4                . = ALIGN (0x4)
                0x004073a4                __preinit_array_start = .
 *(.preinit_array)
                0x004073a4                __preinit_array_end = .
                0x004073a4                . = ALIGN (0x4)
                0x004073a4                __init_array_start = .
 *(SORT(.init_array.*))
 .init_array.00000
                0x004073a4        0x4 c:/program files (x86)/atmel/studio/7.0/toolchain/arm/arm-gnu-toolchain/bin/../lib/gcc/arm-none-eabi/6.3.1/../../../../arm-none-eabi/lib/thumb/v7e-m\libc.a(lib_a-__call_atexit.o)
 *(.init_array)
 .init_array    0x004073a8        0x4 c:/program files (x86)/atmel/studio/7.0/toolchain/arm/arm-gnu-toolchain/bin/../lib/gcc/arm-none-eabi/6.3.1/thumb/v7e-m/crtbegin.o
                0x004073ac                __init_array_end = .
                0x004073ac                . = ALIGN (0x4)
 *crtbegin.o(.ctors)
 *(EXCLUDE_FILE(*crtend.o) .ctors)
 *(SORT(.ctors.*))
 *crtend.o(.ctors)
                0x004073ac                . = ALIGN (0x4)
 *(.fini)
 .fini          0x004073ac        0x4 c:/program files (x86)/atmel/studio/7.0/toolchain/arm/arm-gnu-toolchain/bin/../lib/gcc/arm-none-eabi/6.3.1/thumb/v7e-m/crti.o
                0x004073ac                _fini
 .fini          0x004073b0        0x8 c:/program files (x86)/atmel/studio/7.0/toolchain/arm/arm-gnu-toolchain/bin/../lib/gcc/arm-none-eabi/6.3.1/thumb/v7e-m/crtn.o
                0x004073b8                . = ALIGN (0x4)
                0x004073b8                __fini_array_start = .
 *(.fini_array)
 .fini_array    0x004073b8        0x4 c:/program files (x86)/atmel/studio/7.0/toolchain/arm/arm-gnu-toolchain/bin/../lib/gcc/arm-none-eabi/6.3.1/thumb/v7e-m/crtbegin.o
 *(SORT(.fini_array.*))
                0x004073bc                __fini_array_end = .
 *crtbegin.o(.dtors)
 *(EXCLUDE_FILE(*crtend.o) .dtors)
 *(SORT(.dtors.*))
 *crtend.o(.dtors)
                0x004073bc                . = ALIGN (0x4)
                0x004073bc                _efixed = .
                [!provide]                PROVIDE (__exidx_start, .)

.vfp11_veneer   0x004073bc        0x0
 .vfp11_veneer  0x004073bc        0x0 linker stubs

.v4_bx          0x004073bc        0x0
 .v4_bx         0x004073bc        0x0 linker stubs

.iplt           0x004073bc        0x0
 .iplt          0x004073bc        0x0 c:/program files (x86)/atmel/studio/7.0/toolchain/arm/arm-gnu-toolchain/bin/../lib/gcc/arm-none-eabi/6.3.1/thumb/v7e-m/crtbegin.o

.ARM.exidx      0x004073bc        0x8
 *(.ARM.exidx* .gnu.linkonce.armexidx.*)
 .ARM.exidx     0x004073bc        0x8 c:/program files (x86)/atmel/studio/7.0/toolchain/arm/arm-gnu-toolchain/bin/../lib/gcc/arm-none-eabi/6.3.1/thumb/v7e-m\libgcc.a(_udivmoddi4.o)
                [!provide]                PROVIDE (__exidx_end, .)

.eh_frame       0x004073c4        0x0
 .eh_frame      0x004073c4        0x0 c:/program files (x86)/atmel/studio/7.0/toolchain/arm/arm-gnu-toolchain/bin/../lib/gcc/arm-none-eabi/6.3.1/thumb/v7e-m/crtbegin.o

.rel.dyn        0x004073c4        0x0
 .rel.iplt      0x004073c4        0x0 c:/program files (x86)/atmel/studio/7.0/toolchain/arm/arm-gnu-toolchain/bin/../lib/gcc/arm-none-eabi/6.3.1/thumb/v7e-m/crtbegin.o

.jcr            0x004073c4        0x0
 .jcr           0x004073c4        0x0 c:/program files (x86)/atmel/studio/7.0/toolchain/arm/arm-gnu-toolchain/bin/../lib/gcc/arm-none-eabi/6.3.1/thumb/v7e-m/crtbegin.o

.igot.plt       0x004073c4        0x0
 .igot.plt      0x004073c4        0x0 c:/program files (x86)/atmel/studio/7.0/toolchain/arm/arm-gnu-toolchain/bin/../lib/gcc/arm-none-eabi/6.3.1/thumb/v7e-m/crtbegin.o
                0x004073c4                . = ALIGN (0x4)
                0x004073c4                _etext = .

.relocate       0x20000000      0x9c0 load address 0x004073c4
                0x20000000                . = ALIGN (0x4)
                0x20000000                _srelocate = .
 *(.ramfunc .ramfunc.*)
 .ramfunc       0x20000000        0xa src/ASF/common/services/delay/sam/cycle_counter.o
                0x20000000                portable_delay_cycles
 *(.data .data.*)
 *fill*         0x2000000a        0x2 
 .data.SystemCoreClock
                0x2000000c        0x4 src/ASF/sam/utils/cmsis/sam4s/source/templates/system_sam4s.o
                0x2000000c                SystemCoreClock
 .data._impure_ptr
                0x20000010        0x4 c:/program files (x86)/atmel/studio/7.0/toolchain/arm/arm-gnu-toolchain/bin/../lib/gcc/arm-none-eabi/6.3.1/../../../../arm-none-eabi/lib/thumb/v7e-m\libc.a(lib_a-impure.o)
                0x20000010                _impure_ptr
 *fill*         0x20000014        0x4 
 .data.impure_data
                0x20000018      0x428 c:/program files (x86)/atmel/studio/7.0/toolchain/arm/arm-gnu-toolchain/bin/../lib/gcc/arm-none-eabi/6.3.1/../../../../arm-none-eabi/lib/thumb/v7e-m\libc.a(lib_a-impure.o)
 .data.__atexit_recursive_mutex
                0x20000440        0x4 c:/program files (x86)/atmel/studio/7.0/toolchain/arm/arm-gnu-toolchain/bin/../lib/gcc/arm-none-eabi/6.3.1/../../../../arm-none-eabi/lib/thumb/v7e-m\libc.a(lib_a-__call_atexit.o)
                0x20000440                __atexit_recursive_mutex
 .data.__global_locale
                0x20000444      0x16c c:/program files (x86)/atmel/studio/7.0/toolchain/arm/arm-gnu-toolchain/bin/../lib/gcc/arm-none-eabi/6.3.1/../../../../arm-none-eabi/lib/thumb/v7e-m\libc.a(lib_a-locale.o)
                0x20000444                __global_locale
 .data.__malloc_av_
                0x200005b0      0x408 c:/program files (x86)/atmel/studio/7.0/toolchain/arm/arm-gnu-toolchain/bin/../lib/gcc/arm-none-eabi/6.3.1/../../../../arm-none-eabi/lib/thumb/v7e-m\libc.a(lib_a-mallocr.o)
                0x200005b0                __malloc_av_
 .data.__malloc_sbrk_base
                0x200009b8        0x4 c:/program files (x86)/atmel/studio/7.0/toolchain/arm/arm-gnu-toolchain/bin/../lib/gcc/arm-none-eabi/6.3.1/../../../../arm-none-eabi/lib/thumb/v7e-m\libc.a(lib_a-mallocr.o)
                0x200009b8                __malloc_sbrk_base
 .data.__malloc_trim_threshold
                0x200009bc        0x4 c:/program files (x86)/atmel/studio/7.0/toolchain/arm/arm-gnu-toolchain/bin/../lib/gcc/arm-none-eabi/6.3.1/../../../../arm-none-eabi/lib/thumb/v7e-m\libc.a(lib_a-mallocr.o)
                0x200009bc                __malloc_trim_threshold
                0x200009c0                . = ALIGN (0x4)
                0x200009c0                _erelocate = .

.bss            0x200009c0     0xa154 load address 0x00407d84
                0x200009c0                . = ALIGN (0x4)
                0x200009c0                _sbss = .
                0x200009c0                _szero = .
 *(.bss .bss.*)
 .bss           0x200009c0       0x1c c:/program files (x86)/atmel/studio/7.0/toolchain/arm/arm-gnu-toolchain/bin/../lib/gcc/arm-none-eabi/6.3.1/thumb/v7e-m/crtbegin.o
 .bss.g_counts  0x200009dc        0x4 src/wifi.o
                0x200009dc                g_counts
 .bss.g_wifi_command_complete
                0x200009e0        0x1 src/wifi.o
                0x200009e0                g_wifi_command_complete
 .bss.g_wifi_provision_flag
                0x200009e1        0x1 src/wifi.o
                0x200009e1                g_wifi_provision_flag
 *fill*         0x200009e2        0x2 
 .bss.gs_interrupt_sources
                0x200009e4       0x70 src/ASF/sam/drivers/pio/pio_handler.o
 .bss.gs_ul_nb_sources
                0x20000a54        0x4 src/ASF/sam/drivers/pio/pio_handler.o
 .bss.pio_capture_handler
                0x20000a58        0x4 src/ASF/sam/drivers/pio/pio_handler.o
 .bss.ul_reg_val.7523
                0x20000a5c        0x4 src/ASF/sam/drivers/usart/usart.o
 .bss.heap.5297
                0x20000a60        0x4 src/ASF/sam/utils/syscalls/gcc/syscalls.o
 .bss.g_image_len
                0x20000a64        0x4 src/camera.o
                0x20000a64                g_image_len
 .bss.g_vsync_flag
                0x20000a68        0x4 src/camera.o
                0x20000a68                g_vsync_flag
 .bss.status    0x20000a6c        0x1 src/main.o
                0x20000a6c                status
 *fill*         0x20000a6d        0x3 
 .bss.__malloc_current_mallinfo
                0x20000a70       0x28 c:/program files (x86)/atmel/studio/7.0/toolchain/arm/arm-gnu-toolchain/bin/../lib/gcc/arm-none-eabi/6.3.1/../../../../arm-none-eabi/lib/thumb/v7e-m\libc.a(lib_a-mallocr.o)
                0x20000a70                __malloc_current_mallinfo
 .bss.__malloc_max_sbrked_mem
                0x20000a98        0x4 c:/program files (x86)/atmel/studio/7.0/toolchain/arm/arm-gnu-toolchain/bin/../lib/gcc/arm-none-eabi/6.3.1/../../../../arm-none-eabi/lib/thumb/v7e-m\libc.a(lib_a-mallocr.o)
                0x20000a98                __malloc_max_sbrked_mem
 .bss.__malloc_max_total_mem
                0x20000a9c        0x4 c:/program files (x86)/atmel/studio/7.0/toolchain/arm/arm-gnu-toolchain/bin/../lib/gcc/arm-none-eabi/6.3.1/../../../../arm-none-eabi/lib/thumb/v7e-m\libc.a(lib_a-mallocr.o)
                0x20000a9c                __malloc_max_total_mem
 .bss.__malloc_top_pad
                0x20000aa0        0x4 c:/program files (x86)/atmel/studio/7.0/toolchain/arm/arm-gnu-toolchain/bin/../lib/gcc/arm-none-eabi/6.3.1/../../../../arm-none-eabi/lib/thumb/v7e-m\libc.a(lib_a-mallocr.o)
                0x20000aa0                __malloc_top_pad
 *(COMMON)
 COMMON         0x20000aa4        0x1 src/timer_interface.o
                0x20000aa4                counts
 *fill*         0x20000aa5        0x3 
 COMMON         0x20000aa8        0x4 src/ASF/sam/drivers/pio/pio.o
                0x20000aa8                pio_capture_enable_flag
 COMMON         0x20000aac     0x9c40 src/camera.o
                0x20000aac                g_image_buffer
 COMMON         0x2000a6ec      0x400 src/main.o
                0x2000a6ec                g_wifi_buffer
 COMMON         0x2000aaec       0x21 c:/program files (x86)/atmel/studio/7.0/toolchain/arm/arm-gnu-toolchain/bin/../lib/gcc/arm-none-eabi/6.3.1/../../../../arm-none-eabi/lib/thumb/v7e-m\libc.a(lib_a-lock.o)
                0x2000aaec                __lock___atexit_recursive_mutex
                0x2000aaf0                __lock___arc4random_mutex
                0x2000aaf4                __lock___env_recursive_mutex
                0x2000aaf8                __lock___sinit_recursive_mutex
                0x2000aafc                __lock___malloc_recursive_mutex
                0x2000ab00                __lock___at_quick_exit_mutex
                0x2000ab04                __lock___dd_hash_mutex
                0x2000ab08                __lock___tz_mutex
                0x2000ab0c                __lock___sfp_recursive_mutex
 *fill*         0x2000ab0d        0x3 
 COMMON         0x2000ab10        0x4 c:/program files (x86)/atmel/studio/7.0/toolchain/arm/arm-gnu-toolchain/bin/../lib/gcc/arm-none-eabi/6.3.1/../../../../arm-none-eabi/lib/thumb/v7e-m\libc.a(lib_a-reent.o)
                0x2000ab10                errno
                0x2000ab14                . = ALIGN (0x4)
                0x2000ab14                _ebss = .
                0x2000ab14                _ezero = .

.stack          0x2000ab14     0x3004 load address 0x00411ed8
                0x2000ab18                . = ALIGN (0x8)
 *fill*         0x2000ab14        0x4 
                0x2000ab18                _sstack = .
                0x2000db18                . = (. + __stack_size__)
 *fill*         0x2000ab18     0x3000 
                0x2000db18                . = ALIGN (0x8)
                0x2000db18                _estack = .
                0x2000db18                . = ALIGN (0x4)
                0x2000db18                _end = .
OUTPUT(EE326.elf elf32-littlearm)

.ARM.attributes
                0x00000000       0x2a
 .ARM.attributes
                0x00000000       0x1e c:/program files (x86)/atmel/studio/7.0/toolchain/arm/arm-gnu-toolchain/bin/../lib/gcc/arm-none-eabi/6.3.1/thumb/v7e-m/crti.o
 .ARM.attributes
                0x0000001e       0x2e c:/program files (x86)/atmel/studio/7.0/toolchain/arm/arm-gnu-toolchain/bin/../lib/gcc/arm-none-eabi/6.3.1/thumb/v7e-m/crtbegin.o
 .ARM.attributes
                0x0000004c       0x33 src/ASF/common/services/delay/sam/cycle_counter.o
 .ARM.attributes
                0x0000007f       0x33 src/ASF/sam/drivers/pdc/pdc.o
 .ARM.attributes
                0x000000b2       0x33 src/ASF/sam/drivers/tc/tc.o
 .ARM.attributes
                0x000000e5       0x33 src/ov2640.o
 .ARM.attributes
                0x00000118       0x33 src/ov2640_table_registers.o
 .ARM.attributes
                0x0000014b       0x33 src/timer_interface.o
 .ARM.attributes
                0x0000017e       0x33 src/wifi.o
 .ARM.attributes
                0x000001b1       0x33 src/ASF/common/boards/user_board/init.o
 .ARM.attributes
                0x000001e4       0x33 src/ASF/common/services/clock/sam4s/sysclk.o
 .ARM.attributes
                0x00000217       0x33 src/ASF/sam/drivers/pio/pio.o
 .ARM.attributes
                0x0000024a       0x33 src/ASF/sam/drivers/pio/pio_handler.o
 .ARM.attributes
                0x0000027d       0x33 src/ASF/sam/drivers/pmc/pmc.o
 .ARM.attributes
                0x000002b0       0x33 src/ASF/sam/drivers/spi/spi.o
 .ARM.attributes
                0x000002e3       0x33 src/ASF/sam/drivers/twi/twi.o
 .ARM.attributes
                0x00000316       0x33 src/ASF/sam/drivers/usart/usart.o
 .ARM.attributes
                0x00000349       0x33 src/ASF/sam/utils/cmsis/sam4s/source/templates/gcc/startup_sam4s.o
 .ARM.attributes
                0x0000037c       0x33 src/ASF/sam/utils/cmsis/sam4s/source/templates/system_sam4s.o
 .ARM.attributes
                0x000003af       0x33 src/ASF/sam/utils/syscalls/gcc/syscalls.o
 .ARM.attributes
                0x000003e2       0x33 src/camera.o
 .ARM.attributes
                0x00000415       0x33 src/main.o
 .ARM.attributes
                0x00000448       0x2e c:/program files (x86)/atmel/studio/7.0/toolchain/arm/arm-gnu-toolchain/bin/../lib/gcc/arm-none-eabi/6.3.1/../../../../arm-none-eabi/lib/thumb/v7e-m\libc.a(lib_a-impure.o)
 .ARM.attributes
                0x00000476       0x2e c:/program files (x86)/atmel/studio/7.0/toolchain/arm/arm-gnu-toolchain/bin/../lib/gcc/arm-none-eabi/6.3.1/../../../../arm-none-eabi/lib/thumb/v7e-m\libc.a(lib_a-init.o)
 .ARM.attributes
                0x000004a4       0x2e c:/program files (x86)/atmel/studio/7.0/toolchain/arm/arm-gnu-toolchain/bin/../lib/gcc/arm-none-eabi/6.3.1/../../../../arm-none-eabi/lib/thumb/v7e-m\libc.a(lib_a-memset.o)
 .ARM.attributes
                0x000004d2       0x2e c:/program files (x86)/atmel/studio/7.0/toolchain/arm/arm-gnu-toolchain/bin/../lib/gcc/arm-none-eabi/6.3.1/../../../../arm-none-eabi/lib/thumb/v7e-m\libc.a(lib_a-sprintf.o)
 .ARM.attributes
                0x00000500       0x2e c:/program files (x86)/atmel/studio/7.0/toolchain/arm/arm-gnu-toolchain/bin/../lib/gcc/arm-none-eabi/6.3.1/../../../../arm-none-eabi/lib/thumb/v7e-m\libc.a(lib_a-strstr.o)
 .ARM.attributes
                0x0000052e       0x2e c:/program files (x86)/atmel/studio/7.0/toolchain/arm/arm-gnu-toolchain/bin/../lib/gcc/arm-none-eabi/6.3.1/../../../../arm-none-eabi/lib/thumb/v7e-m\libc.a(lib_a-svfprintf.o)
 .ARM.attributes
                0x0000055c       0x2e c:/program files (x86)/atmel/studio/7.0/toolchain/arm/arm-gnu-toolchain/bin/../lib/gcc/arm-none-eabi/6.3.1/../../../../arm-none-eabi/lib/thumb/v7e-m\libc.a(lib_a-__call_atexit.o)
 .ARM.attributes
                0x0000058a       0x2e c:/program files (x86)/atmel/studio/7.0/toolchain/arm/arm-gnu-toolchain/bin/../lib/gcc/arm-none-eabi/6.3.1/../../../../arm-none-eabi/lib/thumb/v7e-m\libc.a(lib_a-atexit.o)
 .ARM.attributes
                0x000005b8       0x2e c:/program files (x86)/atmel/studio/7.0/toolchain/arm/arm-gnu-toolchain/bin/../lib/gcc/arm-none-eabi/6.3.1/../../../../arm-none-eabi/lib/thumb/v7e-m\libc.a(lib_a-dtoa.o)
 .ARM.attributes
                0x000005e6       0x2e c:/program files (x86)/atmel/studio/7.0/toolchain/arm/arm-gnu-toolchain/bin/../lib/gcc/arm-none-eabi/6.3.1/../../../../arm-none-eabi/lib/thumb/v7e-m\libc.a(lib_a-fini.o)
 .ARM.attributes
                0x00000614       0x2e c:/program files (x86)/atmel/studio/7.0/toolchain/arm/arm-gnu-toolchain/bin/../lib/gcc/arm-none-eabi/6.3.1/../../../../arm-none-eabi/lib/thumb/v7e-m\libc.a(lib_a-freer.o)
 .ARM.attributes
                0x00000642       0x2e c:/program files (x86)/atmel/studio/7.0/toolchain/arm/arm-gnu-toolchain/bin/../lib/gcc/arm-none-eabi/6.3.1/../../../../arm-none-eabi/lib/thumb/v7e-m\libc.a(lib_a-locale.o)
 .ARM.attributes
                0x00000670       0x2e c:/program files (x86)/atmel/studio/7.0/toolchain/arm/arm-gnu-toolchain/bin/../lib/gcc/arm-none-eabi/6.3.1/../../../../arm-none-eabi/lib/thumb/v7e-m\libc.a(lib_a-localeconv.o)
 .ARM.attributes
                0x0000069e       0x2e c:/program files (x86)/atmel/studio/7.0/toolchain/arm/arm-gnu-toolchain/bin/../lib/gcc/arm-none-eabi/6.3.1/../../../../arm-none-eabi/lib/thumb/v7e-m\libc.a(lib_a-lock.o)
 .ARM.attributes
                0x000006cc       0x2e c:/program files (x86)/atmel/studio/7.0/toolchain/arm/arm-gnu-toolchain/bin/../lib/gcc/arm-none-eabi/6.3.1/../../../../arm-none-eabi/lib/thumb/v7e-m\libc.a(lib_a-mallocr.o)
 .ARM.attributes
                0x000006fa       0x2e c:/program files (x86)/atmel/studio/7.0/toolchain/arm/arm-gnu-toolchain/bin/../lib/gcc/arm-none-eabi/6.3.1/../../../../arm-none-eabi/lib/thumb/v7e-m\libc.a(lib_a-mbtowc_r.o)
 .ARM.attributes
                0x00000728       0x1c c:/program files (x86)/atmel/studio/7.0/toolchain/arm/arm-gnu-toolchain/bin/../lib/gcc/arm-none-eabi/6.3.1/../../../../arm-none-eabi/lib/thumb/v7e-m\libc.a(lib_a-memchr.o)
 .ARM.attributes
                0x00000744       0x2e c:/program files (x86)/atmel/studio/7.0/toolchain/arm/arm-gnu-toolchain/bin/../lib/gcc/arm-none-eabi/6.3.1/../../../../arm-none-eabi/lib/thumb/v7e-m\libc.a(lib_a-memcmp.o)
 .ARM.attributes
                0x00000772       0x1c c:/program files (x86)/atmel/studio/7.0/toolchain/arm/arm-gnu-toolchain/bin/../lib/gcc/arm-none-eabi/6.3.1/../../../../arm-none-eabi/lib/thumb/v7e-m\libc.a(lib_a-memcpy.o)
 .ARM.attributes
                0x0000078e       0x2e c:/program files (x86)/atmel/studio/7.0/toolchain/arm/arm-gnu-toolchain/bin/../lib/gcc/arm-none-eabi/6.3.1/../../../../arm-none-eabi/lib/thumb/v7e-m\libc.a(lib_a-memmove.o)
 .ARM.attributes
                0x000007bc       0x2e c:/program files (x86)/atmel/studio/7.0/toolchain/arm/arm-gnu-toolchain/bin/../lib/gcc/arm-none-eabi/6.3.1/../../../../arm-none-eabi/lib/thumb/v7e-m\libc.a(lib_a-mlock.o)
 .ARM.attributes
                0x000007ea       0x2e c:/program files (x86)/atmel/studio/7.0/toolchain/arm/arm-gnu-toolchain/bin/../lib/gcc/arm-none-eabi/6.3.1/../../../../arm-none-eabi/lib/thumb/v7e-m\libc.a(lib_a-mprec.o)
 .ARM.attributes
                0x00000818       0x2e c:/program files (x86)/atmel/studio/7.0/toolchain/arm/arm-gnu-toolchain/bin/../lib/gcc/arm-none-eabi/6.3.1/../../../../arm-none-eabi/lib/thumb/v7e-m\libc.a(lib_a-reallocr.o)
 .ARM.attributes
                0x00000846       0x2e c:/program files (x86)/atmel/studio/7.0/toolchain/arm/arm-gnu-toolchain/bin/../lib/gcc/arm-none-eabi/6.3.1/../../../../arm-none-eabi/lib/thumb/v7e-m\libc.a(lib_a-sbrkr.o)
 .ARM.attributes
                0x00000874       0x2e c:/program files (x86)/atmel/studio/7.0/toolchain/arm/arm-gnu-toolchain/bin/../lib/gcc/arm-none-eabi/6.3.1/../../../../arm-none-eabi/lib/thumb/v7e-m\libc.a(lib_a-strchr.o)
 .ARM.attributes
                0x000008a2       0x1c c:/program files (x86)/atmel/studio/7.0/toolchain/arm/arm-gnu-toolchain/bin/../lib/gcc/arm-none-eabi/6.3.1/../../../../arm-none-eabi/lib/thumb/v7e-m\libc.a(lib_a-strlen.o)
 .ARM.attributes
                0x000008be       0x2e c:/program files (x86)/atmel/studio/7.0/toolchain/arm/arm-gnu-toolchain/bin/../lib/gcc/arm-none-eabi/6.3.1/../../../../arm-none-eabi/lib/thumb/v7e-m\libc.a(lib_a-svfiprintf.o)
 .ARM.attributes
                0x000008ec       0x2e c:/program files (x86)/atmel/studio/7.0/toolchain/arm/arm-gnu-toolchain/bin/../lib/gcc/arm-none-eabi/6.3.1/../../../../arm-none-eabi/lib/thumb/v7e-m\libc.a(lib_a-wctomb_r.o)
 .ARM.attributes
                0x0000091a       0x2e c:/program files (x86)/atmel/studio/7.0/toolchain/arm/arm-gnu-toolchain/bin/../lib/gcc/arm-none-eabi/6.3.1/../../../../arm-none-eabi/lib/thumb/v7e-m\libc.a(lib_a-__atexit.o)
 .ARM.attributes
                0x00000948       0x2e c:/program files (x86)/atmel/studio/7.0/toolchain/arm/arm-gnu-toolchain/bin/../lib/gcc/arm-none-eabi/6.3.1/../../../../arm-none-eabi/lib/thumb/v7e-m\libc.a(lib_a-callocr.o)
 .ARM.attributes
                0x00000976       0x2e c:/program files (x86)/atmel/studio/7.0/toolchain/arm/arm-gnu-toolchain/bin/../lib/gcc/arm-none-eabi/6.3.1/../../../../arm-none-eabi/lib/thumb/v7e-m\libc.a(lib_a-ctype_.o)
 .ARM.attributes
                0x000009a4       0x2e c:/program files (x86)/atmel/studio/7.0/toolchain/arm/arm-gnu-toolchain/bin/../lib/gcc/arm-none-eabi/6.3.1/../../../../arm-none-eabi/lib/thumb/v7e-m\libc.a(lib_a-reent.o)
 .ARM.attributes
                0x000009d2       0x1e c:/program files (x86)/atmel/studio/7.0/toolchain/arm/arm-gnu-toolchain/bin/../lib/gcc/arm-none-eabi/6.3.1/thumb/v7e-m\libgcc.a(_arm_addsubdf3.o)
 .ARM.attributes
                0x000009f0       0x1e c:/program files (x86)/atmel/studio/7.0/toolchain/arm/arm-gnu-toolchain/bin/../lib/gcc/arm-none-eabi/6.3.1/thumb/v7e-m\libgcc.a(_arm_muldivdf3.o)
 .ARM.attributes
                0x00000a0e       0x1e c:/program files (x86)/atmel/studio/7.0/toolchain/arm/arm-gnu-toolchain/bin/../lib/gcc/arm-none-eabi/6.3.1/thumb/v7e-m\libgcc.a(_arm_cmpdf2.o)
 .ARM.attributes
                0x00000a2c       0x1e c:/program files (x86)/atmel/studio/7.0/toolchain/arm/arm-gnu-toolchain/bin/../lib/gcc/arm-none-eabi/6.3.1/thumb/v7e-m\libgcc.a(_arm_unorddf2.o)
 .ARM.attributes
                0x00000a4a       0x1e c:/program files (x86)/atmel/studio/7.0/toolchain/arm/arm-gnu-toolchain/bin/../lib/gcc/arm-none-eabi/6.3.1/thumb/v7e-m\libgcc.a(_arm_fixdfsi.o)
 .ARM.attributes
                0x00000a68       0x1e c:/program files (x86)/atmel/studio/7.0/toolchain/arm/arm-gnu-toolchain/bin/../lib/gcc/arm-none-eabi/6.3.1/thumb/v7e-m\libgcc.a(_aeabi_uldivmod.o)
 .ARM.attributes
                0x00000a86       0x2e c:/program files (x86)/atmel/studio/7.0/toolchain/arm/arm-gnu-toolchain/bin/../lib/gcc/arm-none-eabi/6.3.1/thumb/v7e-m\libgcc.a(_udivmoddi4.o)
 .ARM.attributes
                0x00000ab4       0x1e c:/program files (x86)/atmel/studio/7.0/toolchain/arm/arm-gnu-toolchain/bin/../lib/gcc/arm-none-eabi/6.3.1/thumb/v7e-m\libgcc.a(_dvmd_tls.o)
 .ARM.attributes
                0x00000ad2       0x1e c:/program files (x86)/atmel/studio/7.0/toolchain/arm/arm-gnu-toolchain/bin/../lib/gcc/arm-none-eabi/6.3.1/thumb/v7e-m/crtn.o

.comment        0x00000000       0x59
 .comment       0x00000000       0x59 src/ASF/common/services/delay/sam/cycle_counter.o
                                 0x5a (size before relaxing)
 .comment       0x00000059       0x5a src/ASF/sam/drivers/pdc/pdc.o
 .comment       0x00000059       0x5a src/ASF/sam/drivers/tc/tc.o
 .comment       0x00000059       0x5a src/ov2640.o
 .comment       0x00000059       0x5a src/ov2640_table_registers.o
 .comment       0x00000059       0x5a src/timer_interface.o
 .comment       0x00000059       0x5a src/wifi.o
 .comment       0x00000059       0x5a src/ASF/common/boards/user_board/init.o
 .comment       0x00000059       0x5a src/ASF/common/services/clock/sam4s/sysclk.o
 .comment       0x00000059       0x5a src/ASF/sam/drivers/pio/pio.o
 .comment       0x00000059       0x5a src/ASF/sam/drivers/pio/pio_handler.o
 .comment       0x00000059       0x5a src/ASF/sam/drivers/pmc/pmc.o
 .comment       0x00000059       0x5a src/ASF/sam/drivers/spi/spi.o
 .comment       0x00000059       0x5a src/ASF/sam/drivers/twi/twi.o
 .comment       0x00000059       0x5a src/ASF/sam/drivers/usart/usart.o
 .comment       0x00000059       0x5a src/ASF/sam/utils/cmsis/sam4s/source/templates/gcc/startup_sam4s.o
 .comment       0x00000059       0x5a src/ASF/sam/utils/cmsis/sam4s/source/templates/system_sam4s.o
 .comment       0x00000059       0x5a src/ASF/sam/utils/syscalls/gcc/syscalls.o
 .comment       0x00000059       0x5a src/camera.o
 .comment       0x00000059       0x5a src/main.o

.debug_info     0x00000000    0x189de
 .debug_info    0x00000000      0xa45 src/ASF/common/services/delay/sam/cycle_counter.o
 .debug_info    0x00000a45      0xdbb src/ASF/sam/drivers/pdc/pdc.o
 .debug_info    0x00001800     0x123c src/ASF/sam/drivers/tc/tc.o
 .debug_info    0x00002a3c     0x1ca6 src/ov2640.o
 .debug_info    0x000046e2      0xc72 src/ov2640_table_registers.o
 .debug_info    0x00005354     0x1080 src/timer_interface.o
 .debug_info    0x000063d4     0x2192 src/wifi.o
 .debug_info    0x00008566      0xa39 src/ASF/common/boards/user_board/init.o
 .debug_info    0x00008f9f     0x12c2 src/ASF/common/services/clock/sam4s/sysclk.o
 .debug_info    0x0000a261     0x221d src/ASF/sam/drivers/pio/pio.o
 .debug_info    0x0000c47e     0x18c9 src/ASF/sam/drivers/pio/pio_handler.o
 .debug_info    0x0000dd47     0x19bc src/ASF/sam/drivers/pmc/pmc.o
 .debug_info    0x0000f703     0x11c9 src/ASF/sam/drivers/spi/spi.o
 .debug_info    0x000108cc     0x1428 src/ASF/sam/drivers/twi/twi.o
 .debug_info    0x00011cf4     0x205d src/ASF/sam/drivers/usart/usart.o
 .debug_info    0x00013d51      0x6d2 src/ASF/sam/utils/cmsis/sam4s/source/templates/gcc/startup_sam4s.o
 .debug_info    0x00014423      0x458 src/ASF/sam/utils/cmsis/sam4s/source/templates/system_sam4s.o
 .debug_info    0x0001487b      0xdb0 src/ASF/sam/utils/syscalls/gcc/syscalls.o
 .debug_info    0x0001562b     0x1c31 src/camera.o
 .debug_info    0x0001725c     0x1782 src/main.o

.debug_abbrev   0x00000000     0x38f5
 .debug_abbrev  0x00000000      0x1b3 src/ASF/common/services/delay/sam/cycle_counter.o
 .debug_abbrev  0x000001b3      0x230 src/ASF/sam/drivers/pdc/pdc.o
 .debug_abbrev  0x000003e3      0x293 src/ASF/sam/drivers/tc/tc.o
 .debug_abbrev  0x00000676      0x3b0 src/ov2640.o
 .debug_abbrev  0x00000a26      0x1b4 src/ov2640_table_registers.o
 .debug_abbrev  0x00000bda      0x2b8 src/timer_interface.o
 .debug_abbrev  0x00000e92      0x3b6 src/wifi.o
 .debug_abbrev  0x00001248      0x1a4 src/ASF/common/boards/user_board/init.o
 .debug_abbrev  0x000013ec      0x333 src/ASF/common/services/clock/sam4s/sysclk.o
 .debug_abbrev  0x0000171f      0x3ff src/ASF/sam/drivers/pio/pio.o
 .debug_abbrev  0x00001b1e      0x37f src/ASF/sam/drivers/pio/pio_handler.o
 .debug_abbrev  0x00001e9d      0x315 src/ASF/sam/drivers/pmc/pmc.o
 .debug_abbrev  0x000021b2      0x398 src/ASF/sam/drivers/spi/spi.o
 .debug_abbrev  0x0000254a      0x39c src/ASF/sam/drivers/twi/twi.o
 .debug_abbrev  0x000028e6      0x406 src/ASF/sam/drivers/usart/usart.o
 .debug_abbrev  0x00002cec      0x15e src/ASF/sam/utils/cmsis/sam4s/source/templates/gcc/startup_sam4s.o
 .debug_abbrev  0x00002e4a      0x102 src/ASF/sam/utils/cmsis/sam4s/source/templates/system_sam4s.o
 .debug_abbrev  0x00002f4c      0x264 src/ASF/sam/utils/syscalls/gcc/syscalls.o
 .debug_abbrev  0x000031b0      0x39d src/camera.o
 .debug_abbrev  0x0000354d      0x3a8 src/main.o

.debug_aranges  0x00000000      0xba8
 .debug_aranges
                0x00000000       0x20 src/ASF/common/services/delay/sam/cycle_counter.o
 .debug_aranges
                0x00000020       0x88 src/ASF/sam/drivers/pdc/pdc.o
 .debug_aranges
                0x000000a8       0xd0 src/ASF/sam/drivers/tc/tc.o
 .debug_aranges
                0x00000178       0x78 src/ov2640.o
 .debug_aranges
                0x000001f0       0x18 src/ov2640_table_registers.o
 .debug_aranges
                0x00000208       0x28 src/timer_interface.o
 .debug_aranges
                0x00000230       0x78 src/wifi.o
 .debug_aranges
                0x000002a8       0x20 src/ASF/common/boards/user_board/init.o
 .debug_aranges
                0x000002c8       0x40 src/ASF/common/services/clock/sam4s/sysclk.o
 .debug_aranges
                0x00000308      0x1a8 src/ASF/sam/drivers/pio/pio.o
 .debug_aranges
                0x000004b0       0x50 src/ASF/sam/drivers/pio/pio_handler.o
 .debug_aranges
                0x00000500      0x208 src/ASF/sam/drivers/pmc/pmc.o
 .debug_aranges
                0x00000708       0x90 src/ASF/sam/drivers/spi/spi.o
 .debug_aranges
                0x00000798       0xc8 src/ASF/sam/drivers/twi/twi.o
 .debug_aranges
                0x00000860      0x210 src/ASF/sam/drivers/usart/usart.o
 .debug_aranges
                0x00000a70       0x28 src/ASF/sam/utils/cmsis/sam4s/source/templates/gcc/startup_sam4s.o
 .debug_aranges
                0x00000a98       0x30 src/ASF/sam/utils/cmsis/sam4s/source/templates/system_sam4s.o
 .debug_aranges
                0x00000ac8       0x60 src/ASF/sam/utils/syscalls/gcc/syscalls.o
 .debug_aranges
                0x00000b28       0x58 src/camera.o
 .debug_aranges
                0x00000b80       0x28 src/main.o

.debug_ranges   0x00000000      0xaf8
 .debug_ranges  0x00000000       0x10 src/ASF/common/services/delay/sam/cycle_counter.o
 .debug_ranges  0x00000010       0x78 src/ASF/sam/drivers/pdc/pdc.o
 .debug_ranges  0x00000088       0xc0 src/ASF/sam/drivers/tc/tc.o
 .debug_ranges  0x00000148       0x80 src/ov2640.o
 .debug_ranges  0x000001c8       0x18 src/timer_interface.o
 .debug_ranges  0x000001e0       0x80 src/wifi.o
 .debug_ranges  0x00000260       0x10 src/ASF/common/boards/user_board/init.o
 .debug_ranges  0x00000270       0x30 src/ASF/common/services/clock/sam4s/sysclk.o
 .debug_ranges  0x000002a0      0x1b0 src/ASF/sam/drivers/pio/pio.o
 .debug_ranges  0x00000450       0x58 src/ASF/sam/drivers/pio/pio_handler.o
 .debug_ranges  0x000004a8      0x1f8 src/ASF/sam/drivers/pmc/pmc.o
 .debug_ranges  0x000006a0       0x80 src/ASF/sam/drivers/spi/spi.o
 .debug_ranges  0x00000720       0xb8 src/ASF/sam/drivers/twi/twi.o
 .debug_ranges  0x000007d8      0x200 src/ASF/sam/drivers/usart/usart.o
 .debug_ranges  0x000009d8       0x18 src/ASF/sam/utils/cmsis/sam4s/source/templates/gcc/startup_sam4s.o
 .debug_ranges  0x000009f0       0x20 src/ASF/sam/utils/cmsis/sam4s/source/templates/system_sam4s.o
 .debug_ranges  0x00000a10       0x50 src/ASF/sam/utils/syscalls/gcc/syscalls.o
 .debug_ranges  0x00000a60       0x68 src/camera.o
 .debug_ranges  0x00000ac8       0x30 src/main.o

.debug_macro    0x00000000    0x160e5
 .debug_macro   0x00000000      0x502 src/ASF/common/services/delay/sam/cycle_counter.o
 .debug_macro   0x00000502      0x8d4 src/ASF/common/services/delay/sam/cycle_counter.o
 .debug_macro   0x00000dd6      0x16d src/ASF/common/services/delay/sam/cycle_counter.o
 .debug_macro   0x00000f43      0x71d src/ASF/common/services/delay/sam/cycle_counter.o
 .debug_macro   0x00001660       0x76 src/ASF/common/services/delay/sam/cycle_counter.o
 .debug_macro   0x000016d6       0x16 src/ASF/common/services/delay/sam/cycle_counter.o
 .debug_macro   0x000016ec      0x6da src/ASF/common/services/delay/sam/cycle_counter.o
 .debug_macro   0x00001dc6       0x22 src/ASF/common/services/delay/sam/cycle_counter.o
 .debug_macro   0x00001de8       0x87 src/ASF/common/services/delay/sam/cycle_counter.o
 .debug_macro   0x00001e6f       0x51 src/ASF/common/services/delay/sam/cycle_counter.o
 .debug_macro   0x00001ec0       0xef src/ASF/common/services/delay/sam/cycle_counter.o
 .debug_macro   0x00001faf       0x6a src/ASF/common/services/delay/sam/cycle_counter.o
 .debug_macro   0x00002019      0x1df src/ASF/common/services/delay/sam/cycle_counter.o
 .debug_macro   0x000021f8       0x27 src/ASF/common/services/delay/sam/cycle_counter.o
 .debug_macro   0x0000221f       0x1c src/ASF/common/services/delay/sam/cycle_counter.o
 .debug_macro   0x0000223b       0x22 src/ASF/common/services/delay/sam/cycle_counter.o
 .debug_macro   0x0000225d       0xdf src/ASF/common/services/delay/sam/cycle_counter.o
 .debug_macro   0x0000233c     0x102d src/ASF/common/services/delay/sam/cycle_counter.o
 .debug_macro   0x00003369      0x11f src/ASF/common/services/delay/sam/cycle_counter.o
 .debug_macro   0x00003488      0x154 src/ASF/common/services/delay/sam/cycle_counter.o
 .debug_macro   0x000035dc      0xaa5 src/ASF/common/services/delay/sam/cycle_counter.o
 .debug_macro   0x00004081      0x1b4 src/ASF/common/services/delay/sam/cycle_counter.o
 .debug_macro   0x00004235       0xac src/ASF/common/services/delay/sam/cycle_counter.o
 .debug_macro   0x000042e1      0x3f7 src/ASF/common/services/delay/sam/cycle_counter.o
 .debug_macro   0x000046d8      0x106 src/ASF/common/services/delay/sam/cycle_counter.o
 .debug_macro   0x000047de       0x1c src/ASF/common/services/delay/sam/cycle_counter.o
 .debug_macro   0x000047fa      0x72f src/ASF/common/services/delay/sam/cycle_counter.o
 .debug_macro   0x00004f29      0x2c9 src/ASF/common/services/delay/sam/cycle_counter.o
 .debug_macro   0x000051f2       0xbe src/ASF/common/services/delay/sam/cycle_counter.o
 .debug_macro   0x000052b0     0x2807 src/ASF/common/services/delay/sam/cycle_counter.o
 .debug_macro   0x00007ab7      0x76e src/ASF/common/services/delay/sam/cycle_counter.o
 .debug_macro   0x00008225      0xa84 src/ASF/common/services/delay/sam/cycle_counter.o
 .debug_macro   0x00008ca9       0x9a src/ASF/common/services/delay/sam/cycle_counter.o
 .debug_macro   0x00008d43      0x3cf src/ASF/common/services/delay/sam/cycle_counter.o
 .debug_macro   0x00009112       0x64 src/ASF/common/services/delay/sam/cycle_counter.o
 .debug_macro   0x00009176      0x37c src/ASF/common/services/delay/sam/cycle_counter.o
 .debug_macro   0x000094f2      0x61b src/ASF/common/services/delay/sam/cycle_counter.o
 .debug_macro   0x00009b0d      0x686 src/ASF/common/services/delay/sam/cycle_counter.o
 .debug_macro   0x0000a193      0x595 src/ASF/common/services/delay/sam/cycle_counter.o
 .debug_macro   0x0000a728      0x344 src/ASF/common/services/delay/sam/cycle_counter.o
 .debug_macro   0x0000aa6c      0x283 src/ASF/common/services/delay/sam/cycle_counter.o
 .debug_macro   0x0000acef      0x2cd src/ASF/common/services/delay/sam/cycle_counter.o
 .debug_macro   0x0000afbc      0x6cf src/ASF/common/services/delay/sam/cycle_counter.o
 .debug_macro   0x0000b68b       0x76 src/ASF/common/services/delay/sam/cycle_counter.o
 .debug_macro   0x0000b701       0xb8 src/ASF/common/services/delay/sam/cycle_counter.o
 .debug_macro   0x0000b7b9       0xb2 src/ASF/common/services/delay/sam/cycle_counter.o
 .debug_macro   0x0000b86b       0x88 src/ASF/common/services/delay/sam/cycle_counter.o
 .debug_macro   0x0000b8f3      0x100 src/ASF/common/services/delay/sam/cycle_counter.o
 .debug_macro   0x0000b9f3       0x88 src/ASF/common/services/delay/sam/cycle_counter.o
 .debug_macro   0x0000ba7b       0x88 src/ASF/common/services/delay/sam/cycle_counter.o
 .debug_macro   0x0000bb03      0x2cd src/ASF/common/services/delay/sam/cycle_counter.o
 .debug_macro   0x0000bdd0       0xb2 src/ASF/common/services/delay/sam/cycle_counter.o
 .debug_macro   0x0000be82       0xb2 src/ASF/common/services/delay/sam/cycle_counter.o
 .debug_macro   0x0000bf34       0x52 src/ASF/common/services/delay/sam/cycle_counter.o
 .debug_macro   0x0000bf86       0xac src/ASF/common/services/delay/sam/cycle_counter.o
 .debug_macro   0x0000c032       0x7c src/ASF/common/services/delay/sam/cycle_counter.o
 .debug_macro   0x0000c0ae       0x40 src/ASF/common/services/delay/sam/cycle_counter.o
 .debug_macro   0x0000c0ee       0x64 src/ASF/common/services/delay/sam/cycle_counter.o
 .debug_macro   0x0000c152       0x4c src/ASF/common/services/delay/sam/cycle_counter.o
 .debug_macro   0x0000c19e       0xa6 src/ASF/common/services/delay/sam/cycle_counter.o
 .debug_macro   0x0000c244       0x7c src/ASF/common/services/delay/sam/cycle_counter.o
 .debug_macro   0x0000c2c0       0x16 src/ASF/common/services/delay/sam/cycle_counter.o
 .debug_macro   0x0000c2d6       0x7c src/ASF/common/services/delay/sam/cycle_counter.o
 .debug_macro   0x0000c352       0x22 src/ASF/common/services/delay/sam/cycle_counter.o
 .debug_macro   0x0000c374      0x18b src/ASF/common/services/delay/sam/cycle_counter.o
 .debug_macro   0x0000c4ff      0x15b src/ASF/common/services/delay/sam/cycle_counter.o
 .debug_macro   0x0000c65a       0x1c src/ASF/common/services/delay/sam/cycle_counter.o
 .debug_macro   0x0000c676       0x2e src/ASF/common/services/delay/sam/cycle_counter.o
 .debug_macro   0x0000c6a4       0x22 src/ASF/common/services/delay/sam/cycle_counter.o
 .debug_macro   0x0000c6c6       0x1c src/ASF/common/services/delay/sam/cycle_counter.o
 .debug_macro   0x0000c6e2       0x52 src/ASF/common/services/delay/sam/cycle_counter.o
 .debug_macro   0x0000c734       0x10 src/ASF/common/services/delay/sam/cycle_counter.o
 .debug_macro   0x0000c744      0x1e7 src/ASF/common/services/delay/sam/cycle_counter.o
 .debug_macro   0x0000c92b      0x605 src/ASF/common/services/delay/sam/cycle_counter.o
 .debug_macro   0x0000cf30      0x107 src/ASF/common/services/delay/sam/cycle_counter.o
 .debug_macro   0x0000d037       0x58 src/ASF/common/services/delay/sam/cycle_counter.o
 .debug_macro   0x0000d08f       0x35 src/ASF/common/services/delay/sam/cycle_counter.o
 .debug_macro   0x0000d0c4       0x9c src/ASF/common/services/delay/sam/cycle_counter.o
 .debug_macro   0x0000d160       0x16 src/ASF/common/services/delay/sam/cycle_counter.o
 .debug_macro   0x0000d176       0x35 src/ASF/common/services/delay/sam/cycle_counter.o
 .debug_macro   0x0000d1ab      0x34d src/ASF/common/services/delay/sam/cycle_counter.o
 .debug_macro   0x0000d4f8       0x10 src/ASF/common/services/delay/sam/cycle_counter.o
 .debug_macro   0x0000d508       0x58 src/ASF/common/services/delay/sam/cycle_counter.o
 .debug_macro   0x0000d560       0x1f src/ASF/common/services/delay/sam/cycle_counter.o
 .debug_macro   0x0000d57f       0x43 src/ASF/common/services/delay/sam/cycle_counter.o
 .debug_macro   0x0000d5c2       0x20 src/ASF/common/services/delay/sam/cycle_counter.o
 .debug_macro   0x0000d5e2      0x187 src/ASF/common/services/delay/sam/cycle_counter.o
 .debug_macro   0x0000d769       0x10 src/ASF/common/services/delay/sam/cycle_counter.o
 .debug_macro   0x0000d779       0x1c src/ASF/common/services/delay/sam/cycle_counter.o
 .debug_macro   0x0000d795       0x52 src/ASF/common/services/delay/sam/cycle_counter.o
 .debug_macro   0x0000d7e7       0x40 src/ASF/common/services/delay/sam/cycle_counter.o
 .debug_macro   0x0000d827       0x10 src/ASF/common/services/delay/sam/cycle_counter.o
 .debug_macro   0x0000d837       0x40 src/ASF/common/services/delay/sam/cycle_counter.o
 .debug_macro   0x0000d877       0xd7 src/ASF/common/services/delay/sam/cycle_counter.o
 .debug_macro   0x0000d94e       0x16 src/ASF/common/services/delay/sam/cycle_counter.o
 .debug_macro   0x0000d964      0x18b src/ASF/common/services/delay/sam/cycle_counter.o
 .debug_macro   0x0000daef       0x22 src/ASF/common/services/delay/sam/cycle_counter.o
 .debug_macro   0x0000db11       0x16 src/ASF/common/services/delay/sam/cycle_counter.o
 .debug_macro   0x0000db27       0x16 src/ASF/common/services/delay/sam/cycle_counter.o
 .debug_macro   0x0000db3d       0x29 src/ASF/common/services/delay/sam/cycle_counter.o
 .debug_macro   0x0000db66       0x73 src/ASF/common/services/delay/sam/cycle_counter.o
 .debug_macro   0x0000dbd9       0x3e src/ASF/common/services/delay/sam/cycle_counter.o
 .debug_macro   0x0000dc17      0x3ca src/ASF/common/services/delay/sam/cycle_counter.o
 .debug_macro   0x0000dfe1       0x22 src/ASF/common/services/delay/sam/cycle_counter.o
 .debug_macro   0x0000e003      0x4fd src/ASF/sam/drivers/pdc/pdc.o
 .debug_macro   0x0000e500      0x508 src/ASF/sam/drivers/tc/tc.o
 .debug_macro   0x0000ea08       0x52 src/ASF/sam/drivers/tc/tc.o
 .debug_macro   0x0000ea5a       0x8d src/ASF/sam/drivers/tc/tc.o
 .debug_macro   0x0000eae7       0x16 src/ASF/sam/drivers/tc/tc.o
 .debug_macro   0x0000eafd       0x57 src/ASF/sam/drivers/tc/tc.o
 .debug_macro   0x0000eb54       0x1c src/ASF/sam/drivers/tc/tc.o
 .debug_macro   0x0000eb70      0x5ca src/ov2640.o
 .debug_macro   0x0000f13a      0x2df src/ov2640.o
 .debug_macro   0x0000f419      0x10c src/ov2640.o
 .debug_macro   0x0000f525       0x4c src/ov2640.o
 .debug_macro   0x0000f571       0x46 src/ov2640.o
 .debug_macro   0x0000f5b7       0x58 src/ov2640.o
 .debug_macro   0x0000f60f       0x64 src/ov2640.o
 .debug_macro   0x0000f673       0x46 src/ov2640.o
 .debug_macro   0x0000f6b9       0x90 src/ov2640.o
 .debug_macro   0x0000f749       0x28 src/ov2640.o
 .debug_macro   0x0000f771       0x22 src/ov2640.o
 .debug_macro   0x0000f793       0x94 src/ov2640.o
 .debug_macro   0x0000f827      0x3fb src/ov2640.o
 .debug_macro   0x0000fc22       0x16 src/ov2640.o
 .debug_macro   0x0000fc38      0x5a6 src/ov2640_table_registers.o
 .debug_macro   0x000101de      0x2d9 src/ov2640_table_registers.o
 .debug_macro   0x000104b7      0x6cf src/timer_interface.o
 .debug_macro   0x00010b86       0x40 src/timer_interface.o
 .debug_macro   0x00010bc6       0x88 src/timer_interface.o
 .debug_macro   0x00010c4e       0x34 src/timer_interface.o
 .debug_macro   0x00010c82       0x16 src/timer_interface.o
 .debug_macro   0x00010c98       0x28 src/timer_interface.o
 .debug_macro   0x00010cc0       0x2e src/timer_interface.o
 .debug_macro   0x00010cee       0x10 src/timer_interface.o
 .debug_macro   0x00010cfe       0x16 src/timer_interface.o
 .debug_macro   0x00010d14       0x1c src/timer_interface.o
 .debug_macro   0x00010d30       0x2e src/timer_interface.o
 .debug_macro   0x00010d5e      0x6e4 src/wifi.o
 .debug_macro   0x00011442       0x16 src/wifi.o
 .debug_macro   0x00011458      0x69a src/ASF/common/boards/user_board/init.o
 .debug_macro   0x00011af2      0x56d src/ASF/common/services/clock/sam4s/sysclk.o
 .debug_macro   0x0001205f      0x508 src/ASF/sam/drivers/pio/pio.o
 .debug_macro   0x00012567       0x8e src/ASF/sam/drivers/pio/pio.o
 .debug_macro   0x000125f5      0x512 src/ASF/sam/drivers/pio/pio_handler.o
 .debug_macro   0x00012b07      0x508 src/ASF/sam/drivers/pmc/pmc.o
 .debug_macro   0x0001300f       0x52 src/ASF/sam/drivers/pmc/pmc.o
 .debug_macro   0x00013061      0x576 src/ASF/sam/drivers/spi/spi.o
 .debug_macro   0x000135d7       0x10 src/ASF/sam/drivers/spi/spi.o
 .debug_macro   0x000135e7      0x52c src/ASF/sam/drivers/twi/twi.o
 .debug_macro   0x00013b13       0x46 src/ASF/sam/drivers/twi/twi.o
 .debug_macro   0x00013b59      0x538 src/ASF/sam/drivers/usart/usart.o
 .debug_macro   0x00014091       0x28 src/ASF/sam/drivers/usart/usart.o
 .debug_macro   0x000140b9      0x2f4 src/ASF/sam/utils/cmsis/sam4s/source/templates/gcc/startup_sam4s.o
 .debug_macro   0x000143ad      0x2fc src/ASF/sam/utils/cmsis/sam4s/source/templates/system_sam4s.o
 .debug_macro   0x000146a9      0x1d6 src/ASF/sam/utils/syscalls/gcc/syscalls.o
 .debug_macro   0x0001487f       0x97 src/ASF/sam/utils/syscalls/gcc/syscalls.o
 .debug_macro   0x00014916      0x353 src/ASF/sam/utils/syscalls/gcc/syscalls.o
 .debug_macro   0x00014c69       0xf6 src/ASF/sam/utils/syscalls/gcc/syscalls.o
 .debug_macro   0x00014d5f       0x4c src/ASF/sam/utils/syscalls/gcc/syscalls.o
 .debug_macro   0x00014dab       0x16 src/ASF/sam/utils/syscalls/gcc/syscalls.o
 .debug_macro   0x00014dc1       0x10 src/ASF/sam/utils/syscalls/gcc/syscalls.o
 .debug_macro   0x00014dd1       0x10 src/ASF/sam/utils/syscalls/gcc/syscalls.o
 .debug_macro   0x00014de1       0x35 src/ASF/sam/utils/syscalls/gcc/syscalls.o
 .debug_macro   0x00014e16      0x122 src/ASF/sam/utils/syscalls/gcc/syscalls.o
 .debug_macro   0x00014f38      0x6be src/camera.o
 .debug_macro   0x000155f6      0x401 src/camera.o
 .debug_macro   0x000159f7      0x6de src/main.o
 .debug_macro   0x000160d5       0x10 src/main.o

.debug_line     0x00000000     0xfcc2
 .debug_line    0x00000000      0xa3f src/ASF/common/services/delay/sam/cycle_counter.o
 .debug_line    0x00000a3f      0xb14 src/ASF/sam/drivers/pdc/pdc.o
 .debug_line    0x00001553      0xbd7 src/ASF/sam/drivers/tc/tc.o
 .debug_line    0x0000212a      0xdde src/ov2640.o
 .debug_line    0x00002f08      0xbed src/ov2640_table_registers.o
 .debug_line    0x00003af5      0xf71 src/timer_interface.o
 .debug_line    0x00004a66     0x10d1 src/wifi.o
 .debug_line    0x00005b37      0xf06 src/ASF/common/boards/user_board/init.o
 .debug_line    0x00006a3d      0xbc8 src/ASF/common/services/clock/sam4s/sysclk.o
 .debug_line    0x00007605      0xee8 src/ASF/sam/drivers/pio/pio.o
 .debug_line    0x000084ed      0xafe src/ASF/sam/drivers/pio/pio_handler.o
 .debug_line    0x00008feb      0xfcf src/ASF/sam/drivers/pmc/pmc.o
 .debug_line    0x00009fba      0xc8a src/ASF/sam/drivers/spi/spi.o
 .debug_line    0x0000ac44      0xc9d src/ASF/sam/drivers/twi/twi.o
 .debug_line    0x0000b8e1      0xfb5 src/ASF/sam/drivers/usart/usart.o
 .debug_line    0x0000c896      0x80c src/ASF/sam/utils/cmsis/sam4s/source/templates/gcc/startup_sam4s.o
 .debug_line    0x0000d0a2      0x83d src/ASF/sam/utils/cmsis/sam4s/source/templates/system_sam4s.o
 .debug_line    0x0000d8df      0x40b src/ASF/sam/utils/syscalls/gcc/syscalls.o
 .debug_line    0x0000dcea      0xfef src/camera.o
 .debug_line    0x0000ecd9      0xfe9 src/main.o

.debug_str      0x00000000    0x52032
 .debug_str     0x00000000    0x4a39b src/ASF/common/services/delay/sam/cycle_counter.o
                              0x4a772 (size before relaxing)
 .debug_str     0x0004a39b      0x1fc src/ASF/sam/drivers/pdc/pdc.o
                              0x4a7af (size before relaxing)
 .debug_str     0x0004a597      0x39b src/ASF/sam/drivers/tc/tc.o
                              0x4a95d (size before relaxing)
 .debug_str     0x0004a932     0x398d src/ov2640.o
                              0x4e30c (size before relaxing)
 .debug_str     0x0004e2bf       0x20 src/ov2640_table_registers.o
                              0x4dac9 (size before relaxing)
 .debug_str     0x0004e2df      0xbef src/timer_interface.o
                              0x4d228 (size before relaxing)
 .debug_str     0x0004eece      0x620 src/wifi.o
                              0x4da91 (size before relaxing)
 .debug_str     0x0004f4ee       0x36 src/ASF/common/boards/user_board/init.o
                              0x4cdc7 (size before relaxing)
 .debug_str     0x0004f524      0x35e src/ASF/common/services/clock/sam4s/sysclk.o
                              0x4c19e (size before relaxing)
 .debug_str     0x0004f882      0x4e1 src/ASF/sam/drivers/pio/pio.o
                              0x4b212 (size before relaxing)
 .debug_str     0x0004fd63      0x17d src/ASF/sam/drivers/pio/pio_handler.o
                              0x4b116 (size before relaxing)
 .debug_str     0x0004fee0      0x5b3 src/ASF/sam/drivers/pmc/pmc.o
                              0x4b05e (size before relaxing)
 .debug_str     0x00050493      0x2f2 src/ASF/sam/drivers/spi/spi.o
                              0x4c206 (size before relaxing)
 .debug_str     0x00050785      0x2c6 src/ASF/sam/drivers/twi/twi.o
                              0x4ab3d (size before relaxing)
 .debug_str     0x00050a4b      0x724 src/ASF/sam/drivers/usart/usart.o
                              0x4aff7 (size before relaxing)
 .debug_str     0x0005116f      0x428 src/ASF/sam/utils/cmsis/sam4s/source/templates/gcc/startup_sam4s.o
                              0x3a214 (size before relaxing)
 .debug_str     0x00051597       0xb9 src/ASF/sam/utils/cmsis/sam4s/source/templates/system_sam4s.o
                              0x39fb9 (size before relaxing)
 .debug_str     0x00051650      0x77b src/ASF/sam/utils/syscalls/gcc/syscalls.o
                               0x7419 (size before relaxing)
 .debug_str     0x00051dcb       0xca src/camera.o
                              0x4ef44 (size before relaxing)
 .debug_str     0x00051e95      0x19d src/main.o
                              0x4d56d (size before relaxing)

.debug_frame    0x00000000     0x2634
 .debug_frame   0x00000000       0x20 src/ASF/common/services/delay/sam/cycle_counter.o
 .debug_frame   0x00000020       0xf0 src/ASF/sam/drivers/pdc/pdc.o
 .debug_frame   0x00000110      0x1a8 src/ASF/sam/drivers/tc/tc.o
 .debug_frame   0x000002b8      0x190 src/ov2640.o
 .debug_frame   0x00000448       0x48 src/timer_interface.o
 .debug_frame   0x00000490      0x154 src/wifi.o
 .debug_frame   0x000005e4       0x20 src/ASF/common/boards/user_board/init.o
 .debug_frame   0x00000604       0x88 src/ASF/common/services/clock/sam4s/sysclk.o
 .debug_frame   0x0000068c      0x384 src/ASF/sam/drivers/pio/pio.o
 .debug_frame   0x00000a10       0xdc src/ASF/sam/drivers/pio/pio_handler.o
 .debug_frame   0x00000aec      0x408 src/ASF/sam/drivers/pmc/pmc.o
 .debug_frame   0x00000ef4      0x140 src/ASF/sam/drivers/spi/spi.o
 .debug_frame   0x00001034      0x1d4 src/ASF/sam/drivers/twi/twi.o
 .debug_frame   0x00001208      0x48c src/ASF/sam/drivers/usart/usart.o
 .debug_frame   0x00001694       0x38 src/ASF/sam/utils/cmsis/sam4s/source/templates/gcc/startup_sam4s.o
 .debug_frame   0x000016cc       0x40 src/ASF/sam/utils/cmsis/sam4s/source/templates/system_sam4s.o
 .debug_frame   0x0000170c       0xa0 src/ASF/sam/utils/syscalls/gcc/syscalls.o
 .debug_frame   0x000017ac       0xec src/camera.o
 .debug_frame   0x00001898       0x4c src/main.o
 .debug_frame   0x000018e4       0x2c c:/program files (x86)/atmel/studio/7.0/toolchain/arm/arm-gnu-toolchain/bin/../lib/gcc/arm-none-eabi/6.3.1/../../../../arm-none-eabi/lib/thumb/v7e-m\libc.a(lib_a-init.o)
 .debug_frame   0x00001910       0x34 c:/program files (x86)/atmel/studio/7.0/toolchain/arm/arm-gnu-toolchain/bin/../lib/gcc/arm-none-eabi/6.3.1/../../../../arm-none-eabi/lib/thumb/v7e-m\libc.a(lib_a-memset.o)
 .debug_frame   0x00001944       0x84 c:/program files (x86)/atmel/studio/7.0/toolchain/arm/arm-gnu-toolchain/bin/../lib/gcc/arm-none-eabi/6.3.1/../../../../arm-none-eabi/lib/thumb/v7e-m\libc.a(lib_a-sprintf.o)
 .debug_frame   0x000019c8       0xd8 c:/program files (x86)/atmel/studio/7.0/toolchain/arm/arm-gnu-toolchain/bin/../lib/gcc/arm-none-eabi/6.3.1/../../../../arm-none-eabi/lib/thumb/v7e-m\libc.a(lib_a-strstr.o)
 .debug_frame   0x00001aa0       0x40 c:/program files (x86)/atmel/studio/7.0/toolchain/arm/arm-gnu-toolchain/bin/../lib/gcc/arm-none-eabi/6.3.1/../../../../arm-none-eabi/lib/thumb/v7e-m\libc.a(lib_a-svfprintf.o)
 .debug_frame   0x00001ae0       0x5c c:/program files (x86)/atmel/studio/7.0/toolchain/arm/arm-gnu-toolchain/bin/../lib/gcc/arm-none-eabi/6.3.1/../../../../arm-none-eabi/lib/thumb/v7e-m\libc.a(lib_a-__call_atexit.o)
 .debug_frame   0x00001b3c       0x20 c:/program files (x86)/atmel/studio/7.0/toolchain/arm/arm-gnu-toolchain/bin/../lib/gcc/arm-none-eabi/6.3.1/../../../../arm-none-eabi/lib/thumb/v7e-m\libc.a(lib_a-atexit.o)
 .debug_frame   0x00001b5c       0x88 c:/program files (x86)/atmel/studio/7.0/toolchain/arm/arm-gnu-toolchain/bin/../lib/gcc/arm-none-eabi/6.3.1/../../../../arm-none-eabi/lib/thumb/v7e-m\libc.a(lib_a-dtoa.o)
 .debug_frame   0x00001be4       0x34 c:/program files (x86)/atmel/studio/7.0/toolchain/arm/arm-gnu-toolchain/bin/../lib/gcc/arm-none-eabi/6.3.1/../../../../arm-none-eabi/lib/thumb/v7e-m\libc.a(lib_a-fini.o)
 .debug_frame   0x00001c18       0x74 c:/program files (x86)/atmel/studio/7.0/toolchain/arm/arm-gnu-toolchain/bin/../lib/gcc/arm-none-eabi/6.3.1/../../../../arm-none-eabi/lib/thumb/v7e-m\libc.a(lib_a-freer.o)
 .debug_frame   0x00001c8c       0x6c c:/program files (x86)/atmel/studio/7.0/toolchain/arm/arm-gnu-toolchain/bin/../lib/gcc/arm-none-eabi/6.3.1/../../../../arm-none-eabi/lib/thumb/v7e-m\libc.a(lib_a-locale.o)
 .debug_frame   0x00001cf8       0x40 c:/program files (x86)/atmel/studio/7.0/toolchain/arm/arm-gnu-toolchain/bin/../lib/gcc/arm-none-eabi/6.3.1/../../../../arm-none-eabi/lib/thumb/v7e-m\libc.a(lib_a-localeconv.o)
 .debug_frame   0x00001d38       0xb0 c:/program files (x86)/atmel/studio/7.0/toolchain/arm/arm-gnu-toolchain/bin/../lib/gcc/arm-none-eabi/6.3.1/../../../../arm-none-eabi/lib/thumb/v7e-m\libc.a(lib_a-lock.o)
 .debug_frame   0x00001de8       0x58 c:/program files (x86)/atmel/studio/7.0/toolchain/arm/arm-gnu-toolchain/bin/../lib/gcc/arm-none-eabi/6.3.1/../../../../arm-none-eabi/lib/thumb/v7e-m\libc.a(lib_a-mallocr.o)
 .debug_frame   0x00001e40       0x4c c:/program files (x86)/atmel/studio/7.0/toolchain/arm/arm-gnu-toolchain/bin/../lib/gcc/arm-none-eabi/6.3.1/../../../../arm-none-eabi/lib/thumb/v7e-m\libc.a(lib_a-mbtowc_r.o)
 .debug_frame   0x00001e8c       0x3c c:/program files (x86)/atmel/studio/7.0/toolchain/arm/arm-gnu-toolchain/bin/../lib/gcc/arm-none-eabi/6.3.1/../../../../arm-none-eabi/lib/thumb/v7e-m\libc.a(lib_a-memcmp.o)
 .debug_frame   0x00001ec8       0x30 c:/program files (x86)/atmel/studio/7.0/toolchain/arm/arm-gnu-toolchain/bin/../lib/gcc/arm-none-eabi/6.3.1/../../../../arm-none-eabi/lib/thumb/v7e-m\libc.a(lib_a-memmove.o)
 .debug_frame   0x00001ef8       0x30 c:/program files (x86)/atmel/studio/7.0/toolchain/arm/arm-gnu-toolchain/bin/../lib/gcc/arm-none-eabi/6.3.1/../../../../arm-none-eabi/lib/thumb/v7e-m\libc.a(lib_a-mlock.o)
 .debug_frame   0x00001f28      0x25c c:/program files (x86)/atmel/studio/7.0/toolchain/arm/arm-gnu-toolchain/bin/../lib/gcc/arm-none-eabi/6.3.1/../../../../arm-none-eabi/lib/thumb/v7e-m\libc.a(lib_a-mprec.o)
 .debug_frame   0x00002184       0x68 c:/program files (x86)/atmel/studio/7.0/toolchain/arm/arm-gnu-toolchain/bin/../lib/gcc/arm-none-eabi/6.3.1/../../../../arm-none-eabi/lib/thumb/v7e-m\libc.a(lib_a-reallocr.o)
 .debug_frame   0x000021ec       0x2c c:/program files (x86)/atmel/studio/7.0/toolchain/arm/arm-gnu-toolchain/bin/../lib/gcc/arm-none-eabi/6.3.1/../../../../arm-none-eabi/lib/thumb/v7e-m\libc.a(lib_a-sbrkr.o)
 .debug_frame   0x00002218       0x50 c:/program files (x86)/atmel/studio/7.0/toolchain/arm/arm-gnu-toolchain/bin/../lib/gcc/arm-none-eabi/6.3.1/../../../../arm-none-eabi/lib/thumb/v7e-m\libc.a(lib_a-strchr.o)
 .debug_frame   0x00002268       0x78 c:/program files (x86)/atmel/studio/7.0/toolchain/arm/arm-gnu-toolchain/bin/../lib/gcc/arm-none-eabi/6.3.1/../../../../arm-none-eabi/lib/thumb/v7e-m\libc.a(lib_a-svfiprintf.o)
 .debug_frame   0x000022e0       0x3c c:/program files (x86)/atmel/studio/7.0/toolchain/arm/arm-gnu-toolchain/bin/../lib/gcc/arm-none-eabi/6.3.1/../../../../arm-none-eabi/lib/thumb/v7e-m\libc.a(lib_a-wctomb_r.o)
 .debug_frame   0x0000231c       0x34 c:/program files (x86)/atmel/studio/7.0/toolchain/arm/arm-gnu-toolchain/bin/../lib/gcc/arm-none-eabi/6.3.1/../../../../arm-none-eabi/lib/thumb/v7e-m\libc.a(lib_a-__atexit.o)
 .debug_frame   0x00002350       0x28 c:/program files (x86)/atmel/studio/7.0/toolchain/arm/arm-gnu-toolchain/bin/../lib/gcc/arm-none-eabi/6.3.1/../../../../arm-none-eabi/lib/thumb/v7e-m\libc.a(lib_a-callocr.o)
 .debug_frame   0x00002378       0x58 c:/program files (x86)/atmel/studio/7.0/toolchain/arm/arm-gnu-toolchain/bin/../lib/gcc/arm-none-eabi/6.3.1/../../../../arm-none-eabi/lib/thumb/v7e-m\libc.a(lib_a-reent.o)
 .debug_frame   0x000023d0       0xac c:/program files (x86)/atmel/studio/7.0/toolchain/arm/arm-gnu-toolchain/bin/../lib/gcc/arm-none-eabi/6.3.1/thumb/v7e-m\libgcc.a(_arm_addsubdf3.o)